startup_lpc54608.c:324:6:data_init	4	static
startup_lpc54608.c:333:6:bss_init	0	static
startup_lpc54608.c:358:6:ResetISR	8	static
startup_lpc54608.c:462:14:NMI_Handler	0	static
startup_lpc54608.c:466:14:HardFault_Handler	0	static
startup_lpc54608.c:470:14:MemManage_Handler	0	static
startup_lpc54608.c:474:14:BusFault_Handler	0	static
startup_lpc54608.c:478:14:UsageFault_Handler	0	static
startup_lpc54608.c:482:14:SVC_Handler	0	static
startup_lpc54608.c:486:14:DebugMon_Handler	0	static
startup_lpc54608.c:490:14:PendSV_Handler	0	static
startup_lpc54608.c:494:14:SysTick_Handler	0	static
startup_lpc54608.c:502:14:IntDefaultHandler	0	static
startup_lpc54608.c:512:11:WDT_BOD_IRQHandler	8	static
startup_lpc54608.c:516:11:DMA0_IRQHandler	8	static
startup_lpc54608.c:520:11:GINT0_IRQHandler	8	static
startup_lpc54608.c:524:11:GINT1_IRQHandler	8	static
startup_lpc54608.c:528:11:PIN_INT0_IRQHandler	8	static
startup_lpc54608.c:532:11:PIN_INT1_IRQHandler	8	static
startup_lpc54608.c:536:11:PIN_INT2_IRQHandler	8	static
startup_lpc54608.c:540:11:PIN_INT3_IRQHandler	8	static
startup_lpc54608.c:544:11:UTICK0_IRQHandler	8	static
startup_lpc54608.c:548:11:MRT0_IRQHandler	8	static
startup_lpc54608.c:552:11:CTIMER0_IRQHandler	8	static
startup_lpc54608.c:556:11:CTIMER1_IRQHandler	8	static
startup_lpc54608.c:560:11:SCT0_IRQHandler	8	static
startup_lpc54608.c:564:11:CTIMER3_IRQHandler	8	static
startup_lpc54608.c:568:11:FLEXCOMM0_IRQHandler	8	static
startup_lpc54608.c:572:11:FLEXCOMM1_IRQHandler	8	static
startup_lpc54608.c:576:11:FLEXCOMM2_IRQHandler	8	static
startup_lpc54608.c:580:11:FLEXCOMM3_IRQHandler	8	static
startup_lpc54608.c:584:11:FLEXCOMM4_IRQHandler	8	static
startup_lpc54608.c:588:11:FLEXCOMM5_IRQHandler	8	static
startup_lpc54608.c:592:11:FLEXCOMM6_IRQHandler	8	static
startup_lpc54608.c:596:11:FLEXCOMM7_IRQHandler	8	static
startup_lpc54608.c:600:11:ADC0_SEQA_IRQHandler	8	static
startup_lpc54608.c:604:11:ADC0_SEQB_IRQHandler	8	static
startup_lpc54608.c:608:11:ADC0_THCMP_IRQHandler	8	static
startup_lpc54608.c:612:11:DMIC0_IRQHandler	8	static
startup_lpc54608.c:616:11:HWVAD0_IRQHandler	8	static
startup_lpc54608.c:620:11:USB0_NEEDCLK_IRQHandler	8	static
startup_lpc54608.c:624:11:USB0_IRQHandler	8	static
startup_lpc54608.c:628:11:RTC_IRQHandler	8	static
startup_lpc54608.c:632:11:Reserved46_IRQHandler	8	static
startup_lpc54608.c:636:11:Reserved47_IRQHandler	8	static
startup_lpc54608.c:640:11:PIN_INT4_IRQHandler	8	static
startup_lpc54608.c:644:11:PIN_INT5_IRQHandler	8	static
startup_lpc54608.c:648:11:PIN_INT6_IRQHandler	8	static
startup_lpc54608.c:652:11:PIN_INT7_IRQHandler	8	static
startup_lpc54608.c:656:11:CTIMER2_IRQHandler	8	static
startup_lpc54608.c:660:11:CTIMER4_IRQHandler	8	static
startup_lpc54608.c:664:11:RIT_IRQHandler	8	static
startup_lpc54608.c:668:11:SPIFI0_IRQHandler	8	static
startup_lpc54608.c:672:11:FLEXCOMM8_IRQHandler	8	static
startup_lpc54608.c:676:11:FLEXCOMM9_IRQHandler	8	static
startup_lpc54608.c:680:11:SDIO_IRQHandler	8	static
startup_lpc54608.c:684:11:CAN0_IRQ0_IRQHandler	8	static
startup_lpc54608.c:688:11:CAN0_IRQ1_IRQHandler	8	static
startup_lpc54608.c:692:11:CAN1_IRQ0_IRQHandler	8	static
startup_lpc54608.c:696:11:CAN1_IRQ1_IRQHandler	8	static
startup_lpc54608.c:700:11:USB1_IRQHandler	8	static
startup_lpc54608.c:704:11:USB1_NEEDCLK_IRQHandler	8	static
startup_lpc54608.c:708:11:ETHERNET_IRQHandler	8	static
startup_lpc54608.c:712:11:ETHERNET_PMT_IRQHandler	8	static
startup_lpc54608.c:716:11:ETHERNET_MACLP_IRQHandler	8	static
startup_lpc54608.c:720:11:EEPROM_IRQHandler	8	static
startup_lpc54608.c:724:11:LCD_IRQHandler	8	static
startup_lpc54608.c:728:11:SHA_IRQHandler	8	static
startup_lpc54608.c:732:11:SMARTCARD0_IRQHandler	8	static
startup_lpc54608.c:736:11:SMARTCARD1_IRQHandler	8	static
