core_cm4.h:1679:22:__NVIC_EnableIRQ	16	static
core_cm4.h:1715:22:__NVIC_DisableIRQ	16	static
core_cm4.h:1768:22:__NVIC_ClearPendingIRQ	16	static
fsl_clock.h:699:20:CLOCK_EnableClock	24	static
fsl_clock.h:713:20:CLOCK_DisableClock	24	static
fsl_common.h:460:28:EnableIRQ	16	static
fsl_common.h:498:28:DisableIRQ	16	static
fsl_gint.h:186:20:GINT_ClrStatus	16	static
fsl_gint.c:42:17:GINT_GetInstance	24	static
fsl_gint.c:69:6:GINT_Init	24	static
fsl_gint.c:100:6:GINT_SetCtrl	32	static
fsl_gint.c:124:6:GINT_GetCtrl	32	static
fsl_gint.c:149:6:GINT_ConfigPins	24	static
fsl_gint.c:171:6:GINT_GetConfigPins	24	static
fsl_gint.c:187:6:GINT_EnableCallback	24	static
fsl_gint.c:209:6:GINT_DisableCallback	24	static
fsl_gint.c:228:6:GINT_Deinit	24	static
fsl_gint.c:251:6:GINT0_DriverIRQHandler	8	static
fsl_gint.c:269:6:GINT1_DriverIRQHandler	8	static
