fsl_clock.h:699:20:CLOCK_EnableClock	24	static
fsl_clock.h:713:20:CLOCK_DisableClock	24	static
fsl_clock.h:747:20:CLOCK_SetFLASHAccessCycles	24	static
fsl_clock.h:911:35:CLOCK_GetAsyncApbClkSrc	4	static
fsl_clock.h:984:22:CLOCK_IsSystemPLLLocked	4	static
fsl_clock.h:992:22:CLOCK_IsUsbPLLLocked	4	static
fsl_clock.h:1000:22:CLOCK_IsAudioPLLLocked	4	static
fsl_clock.h:1008:22:CLOCK_Enable_SysOsc	16	static
fsl_power.h:96:20:POWER_EnablePD	16	static
fsl_power.h:108:20:POWER_DisablePD	16	static
fsl_clock.c:147:6:CLOCK_AttachClk	32	static
fsl_clock.c:194:19:CLOCK_GetClockAttachId	48	static
fsl_clock.c:244:6:CLOCK_SetClkDiv	24	static
fsl_clock.c:271:10:CLOCK_SetupFROClocking	24	static
fsl_clock.c:310:10:CLOCK_GetClockOutClkFreq	16	static
fsl_clock.c:359:10:CLOCK_GetSpifiClkFreq	16	static
fsl_clock.c:395:10:CLOCK_GetAdcClkFreq	16	static
fsl_clock.c:428:10:CLOCK_GetUsb0ClkFreq	16	static
fsl_clock.c:459:10:CLOCK_GetUsb1ClkFreq	16	static
fsl_clock.c:490:10:CLOCK_GetMclkClkFreq	16	static
fsl_clock.c:518:10:CLOCK_GetSctClkFreq	16	static
fsl_clock.c:552:10:CLOCK_GetSdioClkFreq	16	static
fsl_clock.c:588:10:CLOCK_GetLcdClkFreq	16	static
fsl_clock.c:619:10:CLOCK_GetLcdClkIn	4	static
fsl_clock.c:628:10:CLOCK_GetFro12MFreq	4	static
fsl_clock.c:637:10:CLOCK_GetExtClkFreq	4	static
fsl_clock.c:646:10:CLOCK_GetWdtOscFreq	16	static
fsl_clock.c:666:10:CLOCK_GetFroHfFreq	16	static
fsl_clock.c:694:10:CLOCK_GetPllOutFreq	4	static
fsl_clock.c:703:10:CLOCK_GetAudioPllOutFreq	4	static
fsl_clock.c:712:10:CLOCK_GetUsbPllOutFreq	4	static
fsl_clock.c:721:10:CLOCK_GetOsc32KFreq	4	static
fsl_clock.c:730:10:CLOCK_GetCoreSysClkFreq	16	static
fsl_clock.c:778:10:CLOCK_GetI2SMClkFreq	4	static
fsl_clock.c:787:10:CLOCK_GetAsyncApbClkFreq	16	static
fsl_clock.c:815:10:CLOCK_GetMCanClkFreq	24	static
fsl_clock.c:839:10:CLOCK_GetFlexCommClkFreq	24	static
fsl_clock.c:873:10:CLOCK_GetFRGInputClock	16	static
fsl_clock.c:904:10:CLOCK_GetFrgClkFreq	24	static
fsl_clock.c:926:10:CLOCK_GetDmicClkFreq	16	static
fsl_clock.c:965:10:CLOCK_SetFRGClock	40	static
fsl_clock.c:992:10:CLOCK_GetFreq	24	static
fsl_clock.c:1048:6:CLOCK_SetFLASHAccessCyclesForFreq	16	static
fsl_clock.c:1089:17:pllEncodeN	24	static
fsl_clock.c:1121:17:pllDecodeN	32	static
fsl_clock.c:1160:17:pllEncodeP	24	static
fsl_clock.c:1192:17:pllDecodeP	32	static
fsl_clock.c:1231:17:pllEncodeM	24	static
fsl_clock.c:1263:17:pllDecodeM	32	static
fsl_clock.c:1302:13:pllFindSel	24	static
fsl_clock.c:1349:17:findPllPreDiv	24	static
fsl_clock.c:1369:17:findPllPostDiv	24	static
fsl_clock.c:1389:17:findPllMMult	24	static
fsl_clock.c:1405:15:Binary2Fractional	40	static
fsl_clock.c:1416:17:FindGreatestCommonDivisor	24	static
fsl_clock.c:1436:20:CLOCK_GetPllConfigInternal	80	static
fsl_clock.c:1558:20:CLOCK_GetPllConfig	32	static
fsl_clock.c:1607:13:CLOCK_GetSystemPLLOutFromSetupUpdate	16	static
fsl_clock.c:1613:13:CLOCK_GetAudioPLLOutFromSetupUpdate	16	static
fsl_clock.c:1619:13:CLOCK_GetAudioPLLOutFromAudioFracSetupUpdate	16	static
fsl_clock.c:1625:13:CLOCK_GetUsbPLLOutFromSetupUpdate	16	static
fsl_clock.c:1634:10:CLOCK_GetSystemPLLInClockRate	16	static
fsl_clock.c:1668:10:CLOCK_GetAudioPLLInClockRate	16	static
fsl_clock.c:1695:10:CLOCK_GetSystemPLLOutFromSetup	56	static
fsl_clock.c:1753:10:CLOCK_GetUsbPLLOutFromSetup	80	static
fsl_clock.c:1781:10:CLOCK_GetAudioPLLOutFromSetup	56	static
fsl_clock.c:1838:10:CLOCK_GetAudioPLLOutFromFractSetup	56	static
fsl_clock.c:1895:6:CLOCK_SetStoredPLLClockRate	16	static
fsl_clock.c:1905:6:CLOCK_SetStoredAudioPLLClockRate	16	static
fsl_clock.c:1915:6:CLOCK_SetStoredUsbPLLClockRate	16	static
fsl_clock.c:1928:10:CLOCK_GetSystemPLLOutClockRate	48	static
fsl_clock.c:1956:10:CLOCK_GetAudioPLLOutClockRate	48	static
fsl_clock.c:1983:10:CLOCK_GetUsbPLLOutClockRate	40	static
fsl_clock.c:2013:13:CLOCK_SetupPLLData	24	static
fsl_clock.c:2045:13:CLOCK_SetupSystemPLLPrec	24	static
fsl_clock.c:2125:13:CLOCK_SetupAudioPLLPrec	24	static
fsl_clock.c:2200:13:CLOCK_SetupAudioPLLPrecFract	16	static
fsl_clock.c:2249:13:CLOCK_SetupAudioPLLData	24	static
fsl_clock.c:2281:13:CLOCK_SetPLLFreq	24	static
fsl_clock.c:2352:13:CLOCK_SetAudioPLLFreq	24	static
fsl_clock.c:2426:13:CLOCK_SetUsbPLLFreq	32	static
fsl_clock.c:2528:6:CLOCK_SetupSystemPLLMult	48	static
fsl_clock.c:2623:6:CLOCK_EnableUsbfs0DeviceClock	32	static
fsl_clock.c:2675:6:CLOCK_EnableUsbfs0HostClock	32	static
fsl_clock.c:2729:6:CLOCK_EnableUsbhs0DeviceClock	32	static
fsl_clock.c:2783:6:CLOCK_EnableUsbhs0HostClock	32	static
