Component: ARM Compiler 6.13.1 Tool: armlink [5d895400]

==============================================================================

Section Cross References

    event_groups.o(.text.xEventGroupCreate) refers to heap_4.o(.text.pvPortMalloc) for pvPortMalloc
    event_groups.o(.text.xEventGroupCreate) refers to list.o(.text.vListInitialise) for vListInitialise
    event_groups.o(.ARM.exidx.text.xEventGroupCreate) refers to event_groups.o(.text.xEventGroupCreate) for [Anonymous Symbol]
    event_groups.o(.text.xEventGroupSync) refers to tasks.o(.text.xTaskGetSchedulerState) for xTaskGetSchedulerState
    event_groups.o(.text.xEventGroupSync) refers to tasks.o(.text.vTaskSuspendAll) for vTaskSuspendAll
    event_groups.o(.text.xEventGroupSync) refers to event_groups.o(.text.xEventGroupSetBits) for xEventGroupSetBits
    event_groups.o(.text.xEventGroupSync) refers to tasks.o(.text.vTaskPlaceOnUnorderedEventList) for vTaskPlaceOnUnorderedEventList
    event_groups.o(.text.xEventGroupSync) refers to tasks.o(.text.xTaskResumeAll) for xTaskResumeAll
    event_groups.o(.text.xEventGroupSync) refers to tasks.o(.text.uxTaskResetEventItemValue) for uxTaskResetEventItemValue
    event_groups.o(.text.xEventGroupSync) refers to port.o(.text.vPortEnterCritical) for vPortEnterCritical
    event_groups.o(.text.xEventGroupSync) refers to port.o(.text.vPortExitCritical) for vPortExitCritical
    event_groups.o(.ARM.exidx.text.xEventGroupSync) refers to event_groups.o(.text.xEventGroupSync) for [Anonymous Symbol]
    event_groups.o(.text.xEventGroupSetBits) refers to tasks.o(.text.vTaskSuspendAll) for vTaskSuspendAll
    event_groups.o(.text.xEventGroupSetBits) refers to tasks.o(.text.vTaskRemoveFromUnorderedEventList) for vTaskRemoveFromUnorderedEventList
    event_groups.o(.text.xEventGroupSetBits) refers to tasks.o(.text.xTaskResumeAll) for xTaskResumeAll
    event_groups.o(.ARM.exidx.text.xEventGroupSetBits) refers to event_groups.o(.text.xEventGroupSetBits) for [Anonymous Symbol]
    event_groups.o(.text.xEventGroupWaitBits) refers to tasks.o(.text.xTaskGetSchedulerState) for xTaskGetSchedulerState
    event_groups.o(.text.xEventGroupWaitBits) refers to tasks.o(.text.vTaskSuspendAll) for vTaskSuspendAll
    event_groups.o(.text.xEventGroupWaitBits) refers to event_groups.o(.text.prvTestWaitCondition) for prvTestWaitCondition
    event_groups.o(.text.xEventGroupWaitBits) refers to tasks.o(.text.xTaskResumeAll) for xTaskResumeAll
    event_groups.o(.text.xEventGroupWaitBits) refers to tasks.o(.text.vTaskPlaceOnUnorderedEventList) for vTaskPlaceOnUnorderedEventList
    event_groups.o(.text.xEventGroupWaitBits) refers to tasks.o(.text.uxTaskResetEventItemValue) for uxTaskResetEventItemValue
    event_groups.o(.text.xEventGroupWaitBits) refers to port.o(.text.vPortEnterCritical) for vPortEnterCritical
    event_groups.o(.text.xEventGroupWaitBits) refers to port.o(.text.vPortExitCritical) for vPortExitCritical
    event_groups.o(.ARM.exidx.text.xEventGroupWaitBits) refers to event_groups.o(.text.xEventGroupWaitBits) for [Anonymous Symbol]
    event_groups.o(.ARM.exidx.text.prvTestWaitCondition) refers to event_groups.o(.text.prvTestWaitCondition) for [Anonymous Symbol]
    event_groups.o(.text.xEventGroupClearBits) refers to port.o(.text.vPortEnterCritical) for vPortEnterCritical
    event_groups.o(.text.xEventGroupClearBits) refers to port.o(.text.vPortExitCritical) for vPortExitCritical
    event_groups.o(.ARM.exidx.text.xEventGroupClearBits) refers to event_groups.o(.text.xEventGroupClearBits) for [Anonymous Symbol]
    event_groups.o(.text.xEventGroupClearBitsFromISR) refers to event_groups.o(.text.vEventGroupClearBitsCallback) for vEventGroupClearBitsCallback
    event_groups.o(.text.xEventGroupClearBitsFromISR) refers to timers.o(.text.xTimerPendFunctionCallFromISR) for xTimerPendFunctionCallFromISR
    event_groups.o(.ARM.exidx.text.xEventGroupClearBitsFromISR) refers to event_groups.o(.text.xEventGroupClearBitsFromISR) for [Anonymous Symbol]
    event_groups.o(.text.vEventGroupClearBitsCallback) refers to event_groups.o(.text.xEventGroupClearBits) for xEventGroupClearBits
    event_groups.o(.ARM.exidx.text.vEventGroupClearBitsCallback) refers to event_groups.o(.text.vEventGroupClearBitsCallback) for [Anonymous Symbol]
    event_groups.o(.ARM.exidx.text.xEventGroupGetBitsFromISR) refers to event_groups.o(.text.xEventGroupGetBitsFromISR) for [Anonymous Symbol]
    event_groups.o(.text.vEventGroupDelete) refers to tasks.o(.text.vTaskSuspendAll) for vTaskSuspendAll
    event_groups.o(.text.vEventGroupDelete) refers to tasks.o(.text.vTaskRemoveFromUnorderedEventList) for vTaskRemoveFromUnorderedEventList
    event_groups.o(.text.vEventGroupDelete) refers to heap_4.o(.text.vPortFree) for vPortFree
    event_groups.o(.text.vEventGroupDelete) refers to tasks.o(.text.xTaskResumeAll) for xTaskResumeAll
[...]
    [Anonymous Symbol]                       0x00001cb0   Section        0  fsl_pint.o(.text.PIN_INT3_DriverIRQHandler)
    [Anonymous Symbol]                       0x00001ce8   Section        0  fsl_pint.o(.text.PIN_INT4_DriverIRQHandler)
    [Anonymous Symbol]                       0x00001d20   Section        0  fsl_pint.o(.text.PIN_INT5_DriverIRQHandler)
    [Anonymous Symbol]                       0x00001d58   Section        0  fsl_pint.o(.text.PIN_INT6_DriverIRQHandler)
    [Anonymous Symbol]                       0x00001d90   Section        0  fsl_pint.o(.text.PIN_INT7_DriverIRQHandler)
    POWER_DisablePD                          0x00001dc9   Thumb Code    24  clock_config.o(.text.POWER_DisablePD)
    [Anonymous Symbol]                       0x00001dc8   Section        0  clock_config.o(.text.POWER_DisablePD)
    POWER_DisablePD                          0x00001de1   Thumb Code    24  fsl_clock.o(.text.POWER_DisablePD)
    [Anonymous Symbol]                       0x00001de0   Section        0  fsl_clock.o(.text.POWER_DisablePD)
    POWER_EnablePD                           0x00001df9   Thumb Code    24  fsl_clock.o(.text.POWER_EnablePD)
    [Anonymous Symbol]                       0x00001df8   Section        0  fsl_clock.o(.text.POWER_EnablePD)
    [Anonymous Symbol]                       0x00001e10   Section        0  fsl_power_lib.o(.text.POWER_SetPLL)
    __arm_cp.7_0                             0x00001e24   Number         4  fsl_power_lib.o(.text.POWER_SetPLL)
    __arm_cp.7_1                             0x00001e28   Number         4  fsl_power_lib.o(.text.POWER_SetPLL)
    [Anonymous Symbol]                       0x00001e2c   Section        0  fsl_power_lib.o(.text.POWER_SetVoltageForFreq)
    __arm_cp.6_0                             0x00001e54   Number         4  fsl_power_lib.o(.text.POWER_SetVoltageForFreq)
    __arm_cp.6_1                             0x00001e58   Number         4  fsl_power_lib.o(.text.POWER_SetVoltageForFreq)
    __arm_cp.6_2                             0x00001e5c   Number         4  fsl_power_lib.o(.text.POWER_SetVoltageForFreq)
    [Anonymous Symbol]                       0x00001e60   Section        0  port.o(.text.PendSV_Handler)
    pxCurrentTCBConst                        0x00001ec0   Number         0  port.o(.text.PendSV_Handler)
    [Anonymous Symbol]                       0x00001ec4   Section        0  freertos_hello.o(.text.PinInt0_Callback)
    [Anonymous Symbol]                       0x00001f04   Section        0  fsl_reset.o(.text.RESET_ClearPeripheralReset)
    [Anonymous Symbol]                       0x00001f60   Section        0  fsl_reset.o(.text.RESET_PeripheralReset)
    [Anonymous Symbol]                       0x00001f74   Section        0  fsl_reset.o(.text.RESET_SetPeripheralReset)
    [Anonymous Symbol]                       0x00001fc8   Section        0  fsl_common.o(.text.SDK_DelayAtLeastUs)
    [Anonymous Symbol]                       0x00002040   Section        0  port.o(.text.SVC_Handler)
    pxCurrentTCBConst2                       0x00002060   Number         0  port.o(.text.SVC_Handler)
    [Anonymous Symbol]                       0x00002064   Section        0  serial_manager.o(.text.SerialManager_Init)
    [Anonymous Symbol]                       0x000020c8   Section        0  serial_manager.o(.text.SerialManager_OpenReadHandle)
    [Anonymous Symbol]                       0x00002130   Section        0  serial_manager.o(.text.SerialManager_OpenWriteHandle)
    SerialManager_Read                       0x00002189   Thumb Code   122  serial_manager.o(.text.SerialManager_Read)
    [Anonymous Symbol]                       0x00002188   Section        0  serial_manager.o(.text.SerialManager_Read)
    [Anonymous Symbol]                       0x00002204   Section        0  serial_manager.o(.text.SerialManager_ReadBlocking)
    SerialManager_StartReading               0x00002209   Thumb Code    24  serial_manager.o(.text.SerialManager_StartReading)
    [Anonymous Symbol]                       0x00002208   Section        0  serial_manager.o(.text.SerialManager_StartReading)
    SerialManager_StartWriting               0x00002221   Thumb Code    24  serial_manager.o(.text.SerialManager_StartWriting)
    [Anonymous Symbol]                       0x00002220   Section        0  serial_manager.o(.text.SerialManager_StartWriting)
    SerialManager_Write                      0x00002239   Thumb Code   122  serial_manager.o(.text.SerialManager_Write)
    [Anonymous Symbol]                       0x00002238   Section        0  serial_manager.o(.text.SerialManager_Write)
    [Anonymous Symbol]                       0x000022b4   Section        0  serial_manager.o(.text.SerialManager_WriteBlocking)
    [Anonymous Symbol]                       0x000022b8   Section        0  serial_port_uart.o(.text.Serial_UartInit)
    [Anonymous Symbol]                       0x00002324   Section        0  serial_port_uart.o(.text.Serial_UartRead)
    [Anonymous Symbol]                       0x00002378   Section        0  serial_port_uart.o(.text.Serial_UartWrite)
    [Anonymous Symbol]                       0x000023cc   Section        0  fsl_str.o(.text.StrFormatPrintf)
    [Anonymous Symbol]                       0x000025f8   Section        0  port.o(.text.SysTick_Handler)
    [Anonymous Symbol]                       0x00002628   Section        0  system_lpc54608.o(.text.SystemInit)
    [Anonymous Symbol]                       0x0000265c   Section        0  system_lpc54608.o(.text.SystemInitHook)
    [Anonymous Symbol]                       0x00002660   Section        0  freertos_hello.o(.text.Task_Create)
    USART_EnableContinuousSCLK               0x0000270d   Thumb Code    18  fsl_usart.o(.text.USART_EnableContinuousSCLK)
    [Anonymous Symbol]                       0x0000270c   Section        0  fsl_usart.o(.text.USART_EnableContinuousSCLK)
    [Anonymous Symbol]                       0x00002720   Section        0  fsl_usart.o(.text.USART_GetDefaultConfig)
    [Anonymous Symbol]                       0x00002764   Section        0  fsl_usart.o(.text.USART_GetInstance)
    s_usartBaseAddrs                         0x0000278c   Number         0  fsl_usart.o(.text.USART_GetInstance)
    [Anonymous Symbol]                       0x000027d4   Section        0  fsl_usart.o(.text.USART_Init)
    [Anonymous Symbol]                       0x0000291c   Section        0  fsl_usart.o(.text.USART_ReadBlocking)
    [Anonymous Symbol]                       0x000029c8   Section        0  fsl_usart.o(.text.USART_SetBaudRate)
    [Anonymous Symbol]                       0x00002ac0   Section        0  fsl_usart.o(.text.USART_TransferCreateHandle)
    s_usartIRQ                               0x00002b44   Number         0  fsl_usart.o(.text.USART_TransferCreateHandle)
    [Anonymous Symbol]                       0x00002b78   Section        0  fsl_usart.o(.text.USART_TransferGetRxRingBufferLength)
    [Anonymous Symbol]                       0x00002ba0   Section        0  fsl_usart.o(.text.USART_TransferHandleIRQ)
    USART_TransferIsRxRingBufferFull         0x00002de9   Thumb Code    46  fsl_usart.o(.text.USART_TransferIsRxRingBufferFull)
    [Anonymous Symbol]                       0x00002de8   Section        0  fsl_usart.o(.text.USART_TransferIsRxRingBufferFull)
    [Anonymous Symbol]                       0x00002e18   Section        0  fsl_usart.o(.text.USART_TransferReceiveNonBlocking)
    [Anonymous Symbol]                       0x00002f3c   Section        0  fsl_usart.o(.text.USART_TransferSendNonBlocking)
    [Anonymous Symbol]                       0x00002fb4   Section        0  freertos_hello.o(.text.USART_UserCallback)
    [Anonymous Symbol]                       0x00002ff0   Section        0  fsl_usart.o(.text.USART_WriteBlocking)
    __NVIC_ClearPendingIRQ                   0x00003039   Thumb Code    32  fsl_gint.o(.text.__NVIC_ClearPendingIRQ)
    [Anonymous Symbol]                       0x00003038   Section        0  fsl_gint.o(.text.__NVIC_ClearPendingIRQ)
    __NVIC_ClearPendingIRQ                   0x00003059   Thumb Code    32  fsl_pint.o(.text.__NVIC_ClearPendingIRQ)
    [Anonymous Symbol]                       0x00003058   Section        0  fsl_pint.o(.text.__NVIC_ClearPendingIRQ)
    __NVIC_EnableIRQ                         0x00003079   Thumb Code    32  fsl_usart.o(.text.__NVIC_EnableIRQ)
    [Anonymous Symbol]                       0x00003078   Section        0  fsl_usart.o(.text.__NVIC_EnableIRQ)
    __NVIC_EnableIRQ                         0x00003099   Thumb Code    32  fsl_gint.o(.text.__NVIC_EnableIRQ)
    [Anonymous Symbol]                       0x00003098   Section        0  fsl_gint.o(.text.__NVIC_EnableIRQ)
    __NVIC_EnableIRQ                         0x000030b9   Thumb Code    32  fsl_pint.o(.text.__NVIC_EnableIRQ)
    [Anonymous Symbol]                       0x000030b8   Section        0  fsl_pint.o(.text.__NVIC_EnableIRQ)
    [Anonymous Symbol]                       0x000030d8   Section        0  fsl_assert.o(.text.__aeabi_assert)
    [Anonymous Symbol]                       0x00003114   Section        0  freertos_hello.o(.text.gint0_callback)
    [Anonymous Symbol]                       0x00003154   Section        0  freertos_hello.o(.text.main)
    prvAddCurrentTaskToDelayedList           0x000032a5   Thumb Code   164  tasks.o(.text.prvAddCurrentTaskToDelayedList)
    [Anonymous Symbol]                       0x000032a4   Section        0  tasks.o(.text.prvAddCurrentTaskToDelayedList)
    prvAddNewTaskToReadyList                 0x00003349   Thumb Code   174  tasks.o(.text.prvAddNewTaskToReadyList)
    [Anonymous Symbol]                       0x00003348   Section        0  tasks.o(.text.prvAddNewTaskToReadyList)
    prvHeapInit                              0x000033f9   Thumb Code   118  heap_4.o(.text.prvHeapInit)
    [Anonymous Symbol]                       0x000033f8   Section        0  heap_4.o(.text.prvHeapInit)
    prvInitialiseNewTask                     0x00003471   Thumb Code   176  tasks.o(.text.prvInitialiseNewTask)
    [Anonymous Symbol]                       0x00003470   Section        0  tasks.o(.text.prvInitialiseNewTask)
    prvInitialiseTaskLists                   0x00003521   Thumb Code   110  tasks.o(.text.prvInitialiseTaskLists)
    [Anonymous Symbol]                       0x00003520   Section        0  tasks.o(.text.prvInitialiseTaskLists)
    prvInsertBlockIntoFreeList               0x00003591   Thumb Code    98  heap_4.o(.text.prvInsertBlockIntoFreeList)
    [Anonymous Symbol]                       0x00003590   Section        0  heap_4.o(.text.prvInsertBlockIntoFreeList)
    prvResetNextTaskUnblockTime              0x000035f5   Thumb Code    40  tasks.o(.text.prvResetNextTaskUnblockTime)
    [Anonymous Symbol]                       0x000035f4   Section        0  tasks.o(.text.prvResetNextTaskUnblockTime)
    prvTaskExitError                         0x0000361d   Thumb Code    50  port.o(.text.prvTaskExitError)
    [Anonymous Symbol]                       0x0000361c   Section        0  port.o(.text.prvTaskExitError)
    [Anonymous Symbol]                       0x00003650   Section        0  heap_4.o(.text.pvPortMalloc)
    [Anonymous Symbol]                       0x0000377c   Section        0  port.o(.text.pxPortInitialiseStack)
    tick_task                                0x000037a5   Thumb Code    60  freertos_hello.o(.text.tick_task)
    [Anonymous Symbol]                       0x000037a4   Section        0  freertos_hello.o(.text.tick_task)
    [Anonymous Symbol]                       0x000037e0   Section        0  list.o(.text.uxListRemove)
    [Anonymous Symbol]                       0x00003808   Section        0  list.o(.text.vListInitialise)
    [Anonymous Symbol]                       0x00003820   Section        0  list.o(.text.vListInitialiseItem)
    [Anonymous Symbol]                       0x00003828   Section        0  list.o(.text.vListInsert)
    [Anonymous Symbol]                       0x00003864   Section        0  list.o(.text.vListInsertEnd)
    [Anonymous Symbol]                       0x00003880   Section        0  port.o(.text.vPortEnterCritical)
    [Anonymous Symbol]                       0x000038c8   Section        0  port.o(.text.vPortExitCritical)
    [Anonymous Symbol]                       0x000038f8   Section        0  heap_4.o(.text.vPortFree)
    [Anonymous Symbol]                       0x00003978   Section        0  tasks.o(.text.vTaskDelayUntil)
    [Anonymous Symbol]                       0x00003a20   Section        0  tasks.o(.text.vTaskSuspendAll)
    [Anonymous Symbol]                       0x00003a30   Section        0  tasks.o(.text.vTaskSwitchContext)
    [Anonymous Symbol]                       0x00003ab8   Section        0  tasks.o(.text.xTaskCreate)
    [Anonymous Symbol]                       0x00003b10   Section        0  tasks.o(.text.xTaskGetTickCount)
    [Anonymous Symbol]                       0x00003b1c   Section        0  tasks.o(.text.xTaskIncrementTick)
    [Anonymous Symbol]                       0x00003c68   Section        0  tasks.o(.text.xTaskResumeAll)
    i.__scatterload_copy                     0x00003d80   Section       14  handlers.o(i.__scatterload_copy)
    i.__scatterload_null                     0x00003d8e   Section        2  handlers.o(i.__scatterload_null)
    i.__scatterload_zeroinit                 0x00003d90   Section       14  handlers.o(i.__scatterload_zeroinit)
    .L__const.BOARD_BootClockPLL180M.pllSetup 0x00003da0   Data          28  clock_config.o(.rodata..L__const.BOARD_BootClockPLL180M.pllSetup)
    s_gintClocks                             0x00003dbc   Data           4  fsl_gint.o(.rodata.cst4)
    s_gintResets                             0x00003dc0   Data           8  fsl_gint.o(.rodata.cst8)
    s_pintIRQ                                0x00003dc8   Data           8  fsl_pint.o(.rodata.cst8)
    s_UsartAdapterBase                       0x00003dd0   Data          40  usart_adapter.o(.rodata.s_UsartAdapterBase)
    [Anonymous Symbol]                       0x00003dd0   Section        0  usart_adapter.o(.rodata.s_UsartAdapterBase)
    s_gintIRQ                                0x00003df8   Data           2  fsl_gint.o(.rodata.s_gintIRQ)
    [Anonymous Symbol]                       0x00003df8   Section        0  fsl_gint.o(.rodata.s_gintIRQ)
    .L.str.1                                 0x00003dfa   Data          14  board.o(.rodata.str1.1)
    [Anonymous Symbol]                       0x00003dfa   Section        0  board.o(.rodata.str1.1)
    .L.str.1                                 0x00003e08   Data          42  serial_manager.o(.rodata.str1.1)
    [Anonymous Symbol]                       0x00003e08   Section        0  serial_manager.o(.rodata.str1.1)
    .L.str.5                                 0x00003e32   Data          11  serial_manager.o(.rodata.str1.1)
    .L.str.3                                 0x00003e3d   Data          12  serial_manager.o(.rodata.str1.1)
    .L.str.2                                 0x00003e49   Data          13  serial_manager.o(.rodata.str1.1)
    .L.str.2                                 0x00003e49   Data          13  serial_manager.o(.rodata.str1.1)
    .L.str.4                                 0x00003e56   Data           7  serial_manager.o(.rodata.str1.1)
    .L.str.6                                 0x00003e56   Data           7  serial_manager.o(.rodata.str1.1)
    .L.str.8                                 0x00003e56   Data           7  serial_manager.o(.rodata.str1.1)
    .L.str.3                                 0x00003e5d   Data           7  serial_manager.o(.rodata.str1.1)
    .L.str.7                                 0x00003e5d   Data           7  serial_manager.o(.rodata.str1.1)
    .L.str.1                                 0x00003e64   Data          44  serial_port_uart.o(.rodata.str1.1)
    [Anonymous Symbol]                       0x00003e64   Section        0  serial_port_uart.o(.rodata.str1.1)
    .L.str.3                                 0x00003e90   Data          71  usart_adapter.o(.rodata.str1.1)
    [Anonymous Symbol]                       0x00003e90   Section        0  usart_adapter.o(.rodata.str1.1)
    .L.str.5                                 0x00003ed7   Data           5  usart_adapter.o(.rodata.str1.1)
    .L.str.1                                 0x00003edc   Data          31  usart_adapter.o(.rodata.str1.1)
    .L.str.1                                 0x00003efb   Data          21  fsl_common.o(.rodata.str1.1)
    [Anonymous Symbol]                       0x00003efb   Section        0  fsl_common.o(.rodata.str1.1)
    .L.str.1                                 0x00003f10   Data          23  fsl_flexcomm.o(.rodata.str1.1)
    [Anonymous Symbol]                       0x00003f10   Section        0  fsl_flexcomm.o(.rodata.str1.1)
    .L.str                                   0x00003f27   Data          14  fsl_reset.o(.rodata.str1.1)
    [Anonymous Symbol]                       0x00003f27   Section        0  fsl_reset.o(.rodata.str1.1)
    .L.str.1                                 0x00003f35   Data          20  fsl_reset.o(.rodata.str1.1)
    .L.str.8                                 0x00003f49   Data          36  fsl_usart.o(.rodata.str1.1)
    [Anonymous Symbol]                       0x00003f49   Section        0  fsl_usart.o(.rodata.str1.1)
    .L.str.3                                 0x00003f6c   Data          13  fsl_usart.o(.rodata.str1.1)
    .L.str.11                                0x00003f6d   Data          49  fsl_usart.o(.rodata.str1.1)
    .L.str.10                                0x00003f9e   Data          56  fsl_usart.o(.rodata.str1.1)
    .L.str.1                                 0x00003fd6   Data          20  fsl_usart.o(.rodata.str1.1)
    .L.str.2                                 0x00003fea   Data          15  fsl_usart.o(.rodata.str1.1)
    .L.str                                   0x00003ff2   Data           7  fsl_usart.o(.rodata.str1.1)
    .L.str.4                                 0x00003ff2   Data           7  fsl_usart.o(.rodata.str1.1)
    .L.str.1                                 0x00003ff9   Data          70  fsl_gint.o(.rodata.str1.1)
    [Anonymous Symbol]                       0x00003ff9   Section        0  fsl_gint.o(.rodata.str1.1)
    .L.str.12                                0x00004006   Data          14  fsl_usart.o(.rodata.str1.1)
    .L.str                                   0x0000403f   Data          13  fsl_pint.o(.rodata.str1.1)
    [Anonymous Symbol]                       0x0000403f   Section        0  fsl_pint.o(.rodata.str1.1)
    .L.str.1                                 0x0000404c   Data          70  fsl_pint.o(.rodata.str1.1)
    .L.str.1                                 0x00004092   Data          30  fsl_debug_console.o(.rodata.str1.1)
    [Anonymous Symbol]                       0x00004092   Section        0  fsl_debug_console.o(.rodata.str1.1)
    .L.str.2                                 0x000040b0   Data          10  fsl_debug_console.o(.rodata.str1.1)
    .L.str                                   0x000040ba   Data          11  fsl_debug_console.o(.rodata.str1.1)
    .L.str.5                                 0x000040c5   Data          40  fsl_debug_console.o(.rodata.str1.1)
    uxCriticalNesting                        0x2000005c   Data           4  port.o(.data.uxCriticalNesting)
    [Anonymous Symbol]                       0x2000005c   Section        0  port.o(.data.uxCriticalNesting)
    pxDelayedTaskList                        0x200000a8   Data           4  tasks.o(.bss.pxDelayedTaskList)
    [Anonymous Symbol]                       0x200000a8   Section        0  tasks.o(.bss.pxDelayedTaskList)
    pxEnd                                    0x200000ac   Data           4  heap_4.o(.bss.pxEnd)
    [Anonymous Symbol]                       0x200000ac   Section        0  heap_4.o(.bss.pxEnd)
    pxOverflowDelayedTaskList                0x200000b0   Data           4  tasks.o(.bss.pxOverflowDelayedTaskList)
    [Anonymous Symbol]                       0x200000b0   Section        0  tasks.o(.bss.pxOverflowDelayedTaskList)
    pxReadyTasksLists                        0x200000b4   Data         100  tasks.o(.bss.pxReadyTasksLists)
    [Anonymous Symbol]                       0x200000b4   Section        0  tasks.o(.bss.pxReadyTasksLists)
    s_Pll_Freq                               0x2000011c   Data           4  fsl_clock.o(.bss.s_Pll_Freq)
    [Anonymous Symbol]                       0x2000011c   Section        0  fsl_clock.o(.bss.s_Pll_Freq)
    s_debugConsoleState                      0x20000120   Data          28  fsl_debug_console.o(.bss.s_debugConsoleState)
    [Anonymous Symbol]                       0x20000120   Section        0  fsl_debug_console.o(.bss.s_debugConsoleState)
    s_flexcommHandle                         0x2000013c   Data          40  fsl_flexcomm.o(.bss.s_flexcommHandle)
    [Anonymous Symbol]                       0x2000013c   Section        0  fsl_flexcomm.o(.bss.s_flexcommHandle)
    s_flexcommIrqHandler                     0x20000164   Data          40  fsl_flexcomm.o(.bss.s_flexcommIrqHandler)
    [Anonymous Symbol]                       0x20000164   Section        0  fsl_flexcomm.o(.bss.s_flexcommIrqHandler)
    s_gintCallback                           0x2000018c   Data           8  fsl_gint.o(.bss.s_gintCallback)
    [Anonymous Symbol]                       0x2000018c   Section        0  fsl_gint.o(.bss.s_gintCallback)
    s_pintCallback                           0x20000194   Data          32  fsl_pint.o(.bss.s_pintCallback)
    [Anonymous Symbol]                       0x20000194   Section        0  fsl_pint.o(.bss.s_pintCallback)
    ucHeap                                   0x200001b6   Data       10240  heap_4.o(.bss.ucHeap)
    [Anonymous Symbol]                       0x200001b6   Section        0  heap_4.o(.bss.ucHeap)
    uxCurrentNumberOfTasks                   0x200029b8   Data           4  tasks.o(.bss.uxCurrentNumberOfTasks)
    [Anonymous Symbol]                       0x200029b8   Section        0  tasks.o(.bss.uxCurrentNumberOfTasks)
    uxPendedTicks                            0x200029bc   Data           4  tasks.o(.bss.uxPendedTicks)
    [Anonymous Symbol]                       0x200029bc   Section        0  tasks.o(.bss.uxPendedTicks)
    uxSchedulerSuspended                     0x200029c0   Data           4  tasks.o(.bss.uxSchedulerSuspended)
    [Anonymous Symbol]                       0x200029c0   Section        0  tasks.o(.bss.uxSchedulerSuspended)
    uxTaskNumber                             0x200029c4   Data           4  tasks.o(.bss.uxTaskNumber)
    [Anonymous Symbol]                       0x200029c4   Section        0  tasks.o(.bss.uxTaskNumber)
    uxTopReadyPriority                       0x200029c8   Data           4  tasks.o(.bss.uxTopReadyPriority)
    [Anonymous Symbol]                       0x200029c8   Section        0  tasks.o(.bss.uxTopReadyPriority)
    xBlockAllocatedBit                       0x200029cc   Data           1  heap_4.o(.bss.xBlockAllocatedBit)
    [Anonymous Symbol]                       0x200029cc   Section        0  heap_4.o(.bss.xBlockAllocatedBit)
    xDelayedTaskList1                        0x200029d0   Data          20  tasks.o(.bss.xDelayedTaskList1)
    [Anonymous Symbol]                       0x200029d0   Section        0  tasks.o(.bss.xDelayedTaskList1)
    xDelayedTaskList2                        0x200029e4   Data          20  tasks.o(.bss.xDelayedTaskList2)
    [Anonymous Symbol]                       0x200029e4   Section        0  tasks.o(.bss.xDelayedTaskList2)
    xFreeBytesRemaining                      0x200029f8   Data           4  heap_4.o(.bss.xFreeBytesRemaining)
    [Anonymous Symbol]                       0x200029f8   Section        0  heap_4.o(.bss.xFreeBytesRemaining)
    xMinimumEverFreeBytesRemaining           0x200029fc   Data           4  heap_4.o(.bss.xMinimumEverFreeBytesRemaining)
    [Anonymous Symbol]                       0x200029fc   Section        0  heap_4.o(.bss.xMinimumEverFreeBytesRemaining)
    xNextTaskUnblockTime                     0x20002a00   Data           4  tasks.o(.bss.xNextTaskUnblockTime)
    [Anonymous Symbol]                       0x20002a00   Section        0  tasks.o(.bss.xNextTaskUnblockTime)
    xNumOfOverflows                          0x20002a04   Data           4  tasks.o(.bss.xNumOfOverflows)
    [Anonymous Symbol]                       0x20002a04   Section        0  tasks.o(.bss.xNumOfOverflows)
    xPendingReadyList                        0x20002a08   Data          20  tasks.o(.bss.xPendingReadyList)
    [Anonymous Symbol]                       0x20002a08   Section        0  tasks.o(.bss.xPendingReadyList)
    xSchedulerRunning                        0x20002a1c   Data           4  tasks.o(.bss.xSchedulerRunning)
    [Anonymous Symbol]                       0x20002a1c   Section        0  tasks.o(.bss.xSchedulerRunning)
    xStart                                   0x20002a20   Data           8  heap_4.o(.bss.xStart)
    [Anonymous Symbol]                       0x20002a20   Section        0  heap_4.o(.bss.xStart)
    xSuspendedTaskList                       0x20002a28   Data          20  tasks.o(.bss.xSuspendedTaskList)
    [Anonymous Symbol]                       0x20002a28   Section        0  tasks.o(.bss.xSuspendedTaskList)
    xTasksWaitingTermination                 0x20002a3c   Data          20  tasks.o(.bss.xTasksWaitingTermination)
    [Anonymous Symbol]                       0x20002a3c   Section        0  tasks.o(.bss.xTasksWaitingTermination)
    xTickCount                               0x20002a50   Data           4  tasks.o(.bss.xTickCount)
    [Anonymous Symbol]                       0x20002a50   Section        0  tasks.o(.bss.xTickCount)
    xYieldPending                            0x20002a54   Data           4  tasks.o(.bss.xYieldPending)
    [Anonymous Symbol]                       0x20002a54   Section        0  tasks.o(.bss.xYieldPending)

    Global Symbols

    Symbol Name                              Value     Ov Type        Size  Object(Section)

    BuildAttributes$$THM_ISAv4$E$P$D$K$B$S$7EM$VFPi3$EXTD16$VFPS$VFMA$PE$A:L22UL41UL21$X:L11$S22US41US21$IEEE1$IW$USESV6$~STKCKD$USESV7$~SHL$OTIME$ROPI$EBA8$MICROLIB$REQ8$PRES8$EABIv2 0x00000000   Number         0  anon$$obj.o ABSOLUTE
    __Vectors                                0x00000000   Number       292  startup_lpc54608.o(.isr_vector)
    __cpp_initialize__aeabi_                  - Undefined Weak Reference
    __cxa_finalize                            - Undefined Weak Reference
    __decompress                              - Undefined Weak Reference
    _clock_init                               - Undefined Weak Reference
    _microlib_exit                            - Undefined Weak Reference
    __main                                   0x00000401   Thumb Code     0  entry.o(.ARM.Collect$$$$00000000)
    _main_stk                                0x00000401   Thumb Code     0  entry4.o(.ARM.Collect$$$$00000003)
    _main_scatterload                        0x00000405   Thumb Code     0  entry5.o(.ARM.Collect$$$$00000004)
    __main_after_scatterload                 0x00000409   Thumb Code     0  entry5.o(.ARM.Collect$$$$00000004)
    _main_clock                              0x00000409   Thumb Code     0  entry7b.o(.ARM.Collect$$$$00000008)
    _main_cpp_init                           0x00000409   Thumb Code     0  entry8b.o(.ARM.Collect$$$$0000000A)
    _main_init                               0x00000409   Thumb Code     0  entry9a.o(.ARM.Collect$$$$0000000B)
    __rt_final_cpp                           0x00000411   Thumb Code     0  entry10a.o(.ARM.Collect$$$$0000000D)
    __rt_final_exit                          0x00000411   Thumb Code     0  entry11a.o(.ARM.Collect$$$$0000000F)
    Reset_Handler                            0x00000415   Thumb Code    28  startup_lpc54608.o(.text)
    ADC0_SEQA_DriverIRQHandler               0x00000431   Thumb Code     4  startup_lpc54608.o(.text)
    ADC0_SEQB_DriverIRQHandler               0x00000431   Thumb Code     4  startup_lpc54608.o(.text)
    ADC0_THCMP_DriverIRQHandler              0x00000431   Thumb Code     4  startup_lpc54608.o(.text)
    CAN0_IRQ0_DriverIRQHandler               0x00000431   Thumb Code     4  startup_lpc54608.o(.text)
    CAN0_IRQ1_DriverIRQHandler               0x00000431   Thumb Code     4  startup_lpc54608.o(.text)
    CAN1_IRQ0_DriverIRQHandler               0x00000431   Thumb Code     4  startup_lpc54608.o(.text)
    CAN1_IRQ1_DriverIRQHandler               0x00000431   Thumb Code     4  startup_lpc54608.o(.text)
    CTIMER0_DriverIRQHandler                 0x00000431   Thumb Code     4  startup_lpc54608.o(.text)
    CTIMER1_DriverIRQHandler                 0x00000431   Thumb Code     4  startup_lpc54608.o(.text)
    CTIMER2_DriverIRQHandler                 0x00000431   Thumb Code     4  startup_lpc54608.o(.text)
    CTIMER3_DriverIRQHandler                 0x00000431   Thumb Code     4  startup_lpc54608.o(.text)
    CTIMER4_DriverIRQHandler                 0x00000431   Thumb Code     4  startup_lpc54608.o(.text)
    DMA0_DriverIRQHandler                    0x00000431   Thumb Code     4  startup_lpc54608.o(.text)
    DMIC0_DriverIRQHandler                   0x00000431   Thumb Code     4  startup_lpc54608.o(.text)
    DefaultISR                               0x00000431   Thumb Code     4  startup_lpc54608.o(.text)
    EEPROM_DriverIRQHandler                  0x00000431   Thumb Code     4  startup_lpc54608.o(.text)
    ETHERNET_DriverIRQHandler                0x00000431   Thumb Code     4  startup_lpc54608.o(.text)
    ETHERNET_MACLP_DriverIRQHandler          0x00000431   Thumb Code     4  startup_lpc54608.o(.text)
    ETHERNET_PMT_DriverIRQHandler            0x00000431   Thumb Code     4  startup_lpc54608.o(.text)
    HWVAD0_DriverIRQHandler                  0x00000431   Thumb Code     4  startup_lpc54608.o(.text)
    LCD_DriverIRQHandler                     0x00000431   Thumb Code     4  startup_lpc54608.o(.text)
    MRT0_DriverIRQHandler                    0x00000431   Thumb Code     4  startup_lpc54608.o(.text)
    RIT_DriverIRQHandler                     0x00000431   Thumb Code     4  startup_lpc54608.o(.text)
    RTC_DriverIRQHandler                     0x00000431   Thumb Code     4  startup_lpc54608.o(.text)
    Reserved46_DriverIRQHandler              0x00000431   Thumb Code     4  startup_lpc54608.o(.text)
    Reserved47_DriverIRQHandler              0x00000431   Thumb Code     4  startup_lpc54608.o(.text)
    SCT0_DriverIRQHandler                    0x00000431   Thumb Code     4  startup_lpc54608.o(.text)
    SDIO_DriverIRQHandler                    0x00000431   Thumb Code     4  startup_lpc54608.o(.text)
    SHA_DriverIRQHandler                     0x00000431   Thumb Code     4  startup_lpc54608.o(.text)
    SMARTCARD0_DriverIRQHandler              0x00000431   Thumb Code     4  startup_lpc54608.o(.text)
    SMARTCARD1_DriverIRQHandler              0x00000431   Thumb Code     4  startup_lpc54608.o(.text)
    SPIFI0_DriverIRQHandler                  0x00000431   Thumb Code     4  startup_lpc54608.o(.text)
    USB0_DriverIRQHandler                    0x00000431   Thumb Code     4  startup_lpc54608.o(.text)
    USB0_NEEDCLK_DriverIRQHandler            0x00000431   Thumb Code     4  startup_lpc54608.o(.text)
    USB1_DriverIRQHandler                    0x00000431   Thumb Code     4  startup_lpc54608.o(.text)
    USB1_NEEDCLK_DriverIRQHandler            0x00000431   Thumb Code     4  startup_lpc54608.o(.text)
    UTICK0_DriverIRQHandler                  0x00000431   Thumb Code     4  startup_lpc54608.o(.text)
    WDT_BOD_DriverIRQHandler                 0x00000431   Thumb Code     4  startup_lpc54608.o(.text)
    NMI_Handler                              0x00000435   Thumb Code     4  startup_lpc54608.o(.text)
    HardFault_Handler                        0x00000439   Thumb Code     4  startup_lpc54608.o(.text)
    MemManage_Handler                        0x0000043d   Thumb Code     4  startup_lpc54608.o(.text)
    BusFault_Handler                         0x00000441   Thumb Code     4  startup_lpc54608.o(.text)
    UsageFault_Handler                       0x00000445   Thumb Code     4  startup_lpc54608.o(.text)
    DebugMon_Handler                         0x0000044d   Thumb Code     4  startup_lpc54608.o(.text)
    WDT_BOD_IRQHandler                       0x00000459   Thumb Code     4  startup_lpc54608.o(.text)
    DMA0_IRQHandler                          0x0000045d   Thumb Code     4  startup_lpc54608.o(.text)
    GINT0_IRQHandler                         0x00000461   Thumb Code     4  startup_lpc54608.o(.text)
    GINT1_IRQHandler                         0x00000465   Thumb Code     4  startup_lpc54608.o(.text)
    PIN_INT0_IRQHandler                      0x00000469   Thumb Code     4  startup_lpc54608.o(.text)
    PIN_INT1_IRQHandler                      0x0000046d   Thumb Code     4  startup_lpc54608.o(.text)
    PIN_INT2_IRQHandler                      0x00000471   Thumb Code     4  startup_lpc54608.o(.text)
    PIN_INT3_IRQHandler                      0x00000475   Thumb Code     4  startup_lpc54608.o(.text)
    UTICK0_IRQHandler                        0x00000479   Thumb Code     4  startup_lpc54608.o(.text)
    MRT0_IRQHandler                          0x0000047d   Thumb Code     4  startup_lpc54608.o(.text)
    CTIMER0_IRQHandler                       0x00000481   Thumb Code     4  startup_lpc54608.o(.text)
    CTIMER1_IRQHandler                       0x00000485   Thumb Code     4  startup_lpc54608.o(.text)
    SCT0_IRQHandler                          0x00000489   Thumb Code     4  startup_lpc54608.o(.text)
    CTIMER3_IRQHandler                       0x0000048d   Thumb Code     4  startup_lpc54608.o(.text)
    FLEXCOMM0_IRQHandler                     0x00000491   Thumb Code     4  startup_lpc54608.o(.text)
    FLEXCOMM1_IRQHandler                     0x00000495   Thumb Code     4  startup_lpc54608.o(.text)
    FLEXCOMM2_IRQHandler                     0x00000499   Thumb Code     4  startup_lpc54608.o(.text)
    FLEXCOMM3_IRQHandler                     0x0000049d   Thumb Code     4  startup_lpc54608.o(.text)
    FLEXCOMM4_IRQHandler                     0x000004a1   Thumb Code     4  startup_lpc54608.o(.text)
    FLEXCOMM5_IRQHandler                     0x000004a5   Thumb Code     4  startup_lpc54608.o(.text)
    FLEXCOMM6_IRQHandler                     0x000004a9   Thumb Code     4  startup_lpc54608.o(.text)
    FLEXCOMM7_IRQHandler                     0x000004ad   Thumb Code     4  startup_lpc54608.o(.text)
    ADC0_SEQA_IRQHandler                     0x000004b1   Thumb Code     4  startup_lpc54608.o(.text)
    ADC0_SEQB_IRQHandler                     0x000004b5   Thumb Code     4  startup_lpc54608.o(.text)
    ADC0_THCMP_IRQHandler                    0x000004b9   Thumb Code     4  startup_lpc54608.o(.text)
    DMIC0_IRQHandler                         0x000004bd   Thumb Code     4  startup_lpc54608.o(.text)
    HWVAD0_IRQHandler                        0x000004c1   Thumb Code     4  startup_lpc54608.o(.text)
    USB0_NEEDCLK_IRQHandler                  0x000004c5   Thumb Code     4  startup_lpc54608.o(.text)
    USB0_IRQHandler                          0x000004c9   Thumb Code     4  startup_lpc54608.o(.text)
    RTC_IRQHandler                           0x000004cd   Thumb Code     4  startup_lpc54608.o(.text)
    Reserved46_IRQHandler                    0x000004d1   Thumb Code     4  startup_lpc54608.o(.text)
    Reserved47_IRQHandler                    0x000004d5   Thumb Code     4  startup_lpc54608.o(.text)
    PIN_INT4_IRQHandler                      0x000004d9   Thumb Code     4  startup_lpc54608.o(.text)
    PIN_INT5_IRQHandler                      0x000004dd   Thumb Code     4  startup_lpc54608.o(.text)
    PIN_INT6_IRQHandler                      0x000004e1   Thumb Code     4  startup_lpc54608.o(.text)
    PIN_INT7_IRQHandler                      0x000004e5   Thumb Code     4  startup_lpc54608.o(.text)
    CTIMER2_IRQHandler                       0x000004e9   Thumb Code     4  startup_lpc54608.o(.text)
    CTIMER4_IRQHandler                       0x000004ed   Thumb Code     4  startup_lpc54608.o(.text)
    RIT_IRQHandler                           0x000004f1   Thumb Code     4  startup_lpc54608.o(.text)
    SPIFI0_IRQHandler                        0x000004f5   Thumb Code     4  startup_lpc54608.o(.text)
    FLEXCOMM8_IRQHandler                     0x000004f9   Thumb Code     4  startup_lpc54608.o(.text)
    FLEXCOMM9_IRQHandler                     0x000004fd   Thumb Code     4  startup_lpc54608.o(.text)
    SDIO_IRQHandler                          0x00000501   Thumb Code     4  startup_lpc54608.o(.text)
    CAN0_IRQ0_IRQHandler                     0x00000505   Thumb Code     4  startup_lpc54608.o(.text)
    CAN0_IRQ1_IRQHandler                     0x00000509   Thumb Code     4  startup_lpc54608.o(.text)
    CAN1_IRQ0_IRQHandler                     0x0000050d   Thumb Code     4  startup_lpc54608.o(.text)
    CAN1_IRQ1_IRQHandler                     0x00000511   Thumb Code     4  startup_lpc54608.o(.text)
    USB1_IRQHandler                          0x00000515   Thumb Code     4  startup_lpc54608.o(.text)
    USB1_NEEDCLK_IRQHandler                  0x00000519   Thumb Code     4  startup_lpc54608.o(.text)
    ETHERNET_IRQHandler                      0x0000051d   Thumb Code     4  startup_lpc54608.o(.text)
    ETHERNET_PMT_IRQHandler                  0x00000521   Thumb Code     4  startup_lpc54608.o(.text)
    ETHERNET_MACLP_IRQHandler                0x00000525   Thumb Code     4  startup_lpc54608.o(.text)
    EEPROM_IRQHandler                        0x00000529   Thumb Code     4  startup_lpc54608.o(.text)
    LCD_IRQHandler                           0x0000052d   Thumb Code     4  startup_lpc54608.o(.text)
    SHA_IRQHandler                           0x00000531   Thumb Code     4  startup_lpc54608.o(.text)
    SMARTCARD0_IRQHandler                    0x00000535   Thumb Code     4  startup_lpc54608.o(.text)
    SMARTCARD1_IRQHandler                    0x00000539   Thumb Code     4  startup_lpc54608.o(.text)
    __aeabi_uldivmod                         0x00000645   Thumb Code    98  uldiv.o(.text)
    ___aeabi_memcpy8$ret                     0x000006a7   Thumb Code     0  memcpy.o(.text)
    __aeabi_memcpy                           0x000006a7   Thumb Code    40  memcpy.o(.text)
    __aeabi_memcpy4                          0x000006a7   Thumb Code     0  memcpy.o(.text)
    memcpy                                   0x000006a7   Thumb Code     0  memcpy.o(.text)
    __aeabi_memset                           0x000006cf   Thumb Code    14  memseta.o(.text)
    __aeabi_memset4                          0x000006cf   Thumb Code     0  memseta.o(.text)
    __aeabi_memset8                          0x000006cf   Thumb Code     0  memseta.o(.text)
    __aeabi_memclr                           0x000006dd   Thumb Code     4  memseta.o(.text)
    __aeabi_memclr4                          0x000006dd   Thumb Code     0  memseta.o(.text)
    __aeabi_memclr8                          0x000006dd   Thumb Code     0  memseta.o(.text)
    memset                                   0x000006e1   Thumb Code    18  memseta.o(.text)
    strlen                                   0x000006f3   Thumb Code    14  strlen.o(.text)
    __aeabi_llsl                             0x00000701   Thumb Code    30  llshl.o(.text)
    _ll_shift_l                              0x00000701   Thumb Code     0  llshl.o(.text)
    __aeabi_llsr                             0x0000071f   Thumb Code    32  llushr.o(.text)
    _ll_ushift_r                             0x0000071f   Thumb Code     0  llushr.o(.text)
    __scatterload                            0x00000741   Thumb Code    28  init.o(.text)
    __scatterload_rt2                        0x00000741   Thumb Code     0  init.o(.text)
    BOARD_BootClockPLL180M                   0x00000765   Thumb Code   196  clock_config.o(.text.BOARD_BootClockPLL180M)
    BOARD_InitDebugConsole                   0x00000829   Thumb Code    92  board.o(.text.BOARD_InitDebugConsole)
    BOARD_InitPins                           0x00000885   Thumb Code    22  pin_mux.o(.text.BOARD_InitPins)
    CLOCK_AttachClk                          0x0000089d   Thumb Code    96  fsl_clock.o(.text.CLOCK_AttachClk)
    CLOCK_GetCoreSysClkFreq                  0x000009f5   Thumb Code    86  fsl_clock.o(.text.CLOCK_GetCoreSysClkFreq)
    CLOCK_GetFRGInputClock                   0x00000a4d   Thumb Code    42  fsl_clock.o(.text.CLOCK_GetFRGInputClock)
    CLOCK_GetFlexCommClkFreq                 0x00000a79   Thumb Code    76  fsl_clock.o(.text.CLOCK_GetFlexCommClkFreq)
    CLOCK_GetFrgClkFreq                      0x00000ac5   Thumb Code    50  fsl_clock.o(.text.CLOCK_GetFrgClkFreq)
    CLOCK_GetFro12MFreq                      0x00000af9   Thumb Code    28  fsl_clock.o(.text.CLOCK_GetFro12MFreq)
    CLOCK_GetFroHfFreq                       0x00000b15   Thumb Code    50  fsl_clock.o(.text.CLOCK_GetFroHfFreq)
    CLOCK_GetPllOutFreq                      0x00000b49   Thumb Code    12  fsl_clock.o(.text.CLOCK_GetPllOutFreq)
    CLOCK_GetWdtOscFreq                      0x00000b55   Thumb Code    84  fsl_clock.o(.text.CLOCK_GetWdtOscFreq)
    CLOCK_SetClkDiv                          0x00000bb9   Thumb Code    36  fsl_clock.o(.text.CLOCK_SetClkDiv)
    CLOCK_SetFLASHAccessCyclesForFreq        0x00000bf5   Thumb Code   148  fsl_clock.o(.text.CLOCK_SetFLASHAccessCyclesForFreq)
    CLOCK_SetPLLFreq                         0x00000c89   Thumb Code   182  fsl_clock.o(.text.CLOCK_SetPLLFreq)
    CLOCK_SetupFROClocking                   0x00000d41   Thumb Code   130  fsl_clock.o(.text.CLOCK_SetupFROClocking)
    DbgConsole_Getchar                       0x00000e41   Thumb Code    26  fsl_debug_console.o(.text.DbgConsole_Getchar)
    DbgConsole_Init                          0x00000e5d   Thumb Code   190  fsl_debug_console.o(.text.DbgConsole_Init)
    DbgConsole_Printf                        0x00000f61   Thumb Code    76  fsl_debug_console.o(.text.DbgConsole_Printf)
    DbgConsole_Putchar                       0x00000fad   Thumb Code    18  fsl_debug_console.o(.text.DbgConsole_Putchar)
    DbgConsole_ReadCharacter                 0x00000fc1   Thumb Code    56  fsl_debug_console.o(.text.DbgConsole_ReadCharacter)
    DbgConsole_ReadOneCharacter              0x00000ff9   Thumb Code    28  fsl_debug_console.o(.text.DbgConsole_ReadOneCharacter)
    DbgConsole_SendDataReliable              0x00001015   Thumb Code   106  fsl_debug_console.o(.text.DbgConsole_SendDataReliable)
    FLEXCOMM0_DriverIRQHandler               0x000010d9   Thumb Code    80  fsl_flexcomm.o(.text.FLEXCOMM0_DriverIRQHandler)
    FLEXCOMM1_DriverIRQHandler               0x00001129   Thumb Code    80  fsl_flexcomm.o(.text.FLEXCOMM1_DriverIRQHandler)
    FLEXCOMM2_DriverIRQHandler               0x00001179   Thumb Code    80  fsl_flexcomm.o(.text.FLEXCOMM2_DriverIRQHandler)
    FLEXCOMM3_DriverIRQHandler               0x000011c9   Thumb Code    80  fsl_flexcomm.o(.text.FLEXCOMM3_DriverIRQHandler)
    FLEXCOMM4_DriverIRQHandler               0x00001219   Thumb Code    80  fsl_flexcomm.o(.text.FLEXCOMM4_DriverIRQHandler)
    FLEXCOMM5_DriverIRQHandler               0x00001269   Thumb Code    80  fsl_flexcomm.o(.text.FLEXCOMM5_DriverIRQHandler)
    FLEXCOMM6_DriverIRQHandler               0x000012b9   Thumb Code    84  fsl_flexcomm.o(.text.FLEXCOMM6_DriverIRQHandler)
    FLEXCOMM7_DriverIRQHandler               0x0000130d   Thumb Code    84  fsl_flexcomm.o(.text.FLEXCOMM7_DriverIRQHandler)
    FLEXCOMM8_DriverIRQHandler               0x00001361   Thumb Code    84  fsl_flexcomm.o(.text.FLEXCOMM8_DriverIRQHandler)
    FLEXCOMM9_DriverIRQHandler               0x000013b5   Thumb Code    84  fsl_flexcomm.o(.text.FLEXCOMM9_DriverIRQHandler)
    FLEXCOMM_GetInstance                     0x00001409   Thumb Code   116  fsl_flexcomm.o(.text.FLEXCOMM_GetInstance)
    FLEXCOMM_Init                            0x0000147d   Thumb Code   104  fsl_flexcomm.o(.text.FLEXCOMM_Init)
    FLEXCOMM_SetIRQHandler                   0x0000150d   Thumb Code    40  fsl_flexcomm.o(.text.FLEXCOMM_SetIRQHandler)
    GINT0_DriverIRQHandler                   0x00001569   Thumb Code    40  fsl_gint.o(.text.GINT0_DriverIRQHandler)
    GINT1_DriverIRQHandler                   0x00001591   Thumb Code    40  fsl_gint.o(.text.GINT1_DriverIRQHandler)
    GINT_ConfigPins                          0x000015c5   Thumb Code    10  fsl_gint.o(.text.GINT_ConfigPins)
    GINT_EnableCallback                      0x000015d1   Thumb Code    42  fsl_gint.o(.text.GINT_EnableCallback)
    GINT_Init                                0x00001651   Thumb Code    58  fsl_gint.o(.text.GINT_Init)
    GINT_SetCtrl                             0x0000168d   Thumb Code    44  fsl_gint.o(.text.GINT_SetCtrl)
    GPIO_Init                                0x000016dd   Thumb Code   110  freertos_hello.o(.text.GPIO_Init)
    GPIO_Interrupt_Init                      0x0000174d   Thumb Code   126  freertos_hello.o(.text.GPIO_Interrupt_Init)
    GPIO_PinInit                             0x000017cd   Thumb Code    78  fsl_gpio.o(.text.GPIO_PinInit)
    GPIO_PortInit                            0x00001831   Thumb Code   136  fsl_gpio.o(.text.GPIO_PortInit)
    HAL_UartInit                             0x000018dd   Thumb Code   208  usart_adapter.o(.text.HAL_UartInit)
    HAL_UartReceiveBlocking                  0x000019ad   Thumb Code   106  usart_adapter.o(.text.HAL_UartReceiveBlocking)
    HAL_UartSendBlocking                     0x00001a19   Thumb Code   102  usart_adapter.o(.text.HAL_UartSendBlocking)
    INPUTMUX_AttachSignal                    0x00001a81   Thumb Code    14  fsl_inputmux.o(.text.INPUTMUX_AttachSignal)
    INPUTMUX_Deinit                          0x00001a91   Thumb Code     4  fsl_inputmux.o(.text.INPUTMUX_Deinit)
    INPUTMUX_Init                            0x00001a95   Thumb Code     4  fsl_inputmux.o(.text.INPUTMUX_Init)
    PINT_EnableCallbackByIndex               0x00001aad   Thumb Code    60  fsl_pint.o(.text.PINT_EnableCallbackByIndex)
    PINT_Init                                0x00001ae9   Thumb Code   108  fsl_pint.o(.text.PINT_Init)
    PINT_PatternMatchResetDetectLogic        0x00001b55   Thumb Code    22  fsl_pint.o(.text.PINT_PatternMatchResetDetectLogic)
    PINT_PinInterruptClrStatus               0x00001b85   Thumb Code    24  fsl_pint.o(.text.PINT_PinInterruptClrStatus)
    PINT_PinInterruptConfig                  0x00001b9d   Thumb Code   108  fsl_pint.o(.text.PINT_PinInterruptConfig)
    PIN_INT0_DriverIRQHandler                0x00001c09   Thumb Code    54  fsl_pint.o(.text.PIN_INT0_DriverIRQHandler)
    PIN_INT1_DriverIRQHandler                0x00001c41   Thumb Code    54  fsl_pint.o(.text.PIN_INT1_DriverIRQHandler)
    PIN_INT2_DriverIRQHandler                0x00001c79   Thumb Code    54  fsl_pint.o(.text.PIN_INT2_DriverIRQHandler)
    PIN_INT3_DriverIRQHandler                0x00001cb1   Thumb Code    54  fsl_pint.o(.text.PIN_INT3_DriverIRQHandler)
    PIN_INT4_DriverIRQHandler                0x00001ce9   Thumb Code    54  fsl_pint.o(.text.PIN_INT4_DriverIRQHandler)
    PIN_INT5_DriverIRQHandler                0x00001d21   Thumb Code    54  fsl_pint.o(.text.PIN_INT5_DriverIRQHandler)
    PIN_INT6_DriverIRQHandler                0x00001d59   Thumb Code    54  fsl_pint.o(.text.PIN_INT6_DriverIRQHandler)
    PIN_INT7_DriverIRQHandler                0x00001d91   Thumb Code    54  fsl_pint.o(.text.PIN_INT7_DriverIRQHandler)
    POWER_SetPLL                             0x00001e11   Thumb Code    28  fsl_power_lib.o(.text.POWER_SetPLL)
    POWER_SetVoltageForFreq                  0x00001e2d   Thumb Code    52  fsl_power_lib.o(.text.POWER_SetVoltageForFreq)
    PendSV_Handler                           0x00001e61   Thumb Code   100  port.o(.text.PendSV_Handler)
    PinInt0_Callback                         0x00001ec5   Thumb Code    64  freertos_hello.o(.text.PinInt0_Callback)
    RESET_ClearPeripheralReset               0x00001f05   Thumb Code    90  fsl_reset.o(.text.RESET_ClearPeripheralReset)
    RESET_PeripheralReset                    0x00001f61   Thumb Code    18  fsl_reset.o(.text.RESET_PeripheralReset)
    RESET_SetPeripheralReset                 0x00001f75   Thumb Code    84  fsl_reset.o(.text.RESET_SetPeripheralReset)
    SDK_DelayAtLeastUs                       0x00001fc9   Thumb Code   112  fsl_common.o(.text.SDK_DelayAtLeastUs)
    SVC_Handler                              0x00002041   Thumb Code    36  port.o(.text.SVC_Handler)
    SerialManager_Init                       0x00002065   Thumb Code   100  serial_manager.o(.text.SerialManager_Init)
    SerialManager_OpenReadHandle             0x000020c9   Thumb Code   102  serial_manager.o(.text.SerialManager_OpenReadHandle)
    SerialManager_OpenWriteHandle            0x00002131   Thumb Code    88  serial_manager.o(.text.SerialManager_OpenWriteHandle)
    SerialManager_ReadBlocking               0x00002205   Thumb Code     4  serial_manager.o(.text.SerialManager_ReadBlocking)
    SerialManager_WriteBlocking              0x000022b5   Thumb Code     4  serial_manager.o(.text.SerialManager_WriteBlocking)
    Serial_UartInit                          0x000022b9   Thumb Code   108  serial_port_uart.o(.text.Serial_UartInit)
    Serial_UartRead                          0x00002325   Thumb Code    82  serial_port_uart.o(.text.Serial_UartRead)
    Serial_UartWrite                         0x00002379   Thumb Code    82  serial_port_uart.o(.text.Serial_UartWrite)
    StrFormatPrintf                          0x000023cd   Thumb Code   554  fsl_str.o(.text.StrFormatPrintf)
    SysTick_Handler                          0x000025f9   Thumb Code    46  port.o(.text.SysTick_Handler)
    SystemInit                               0x00002629   Thumb Code    50  system_lpc54608.o(.text.SystemInit)
    SystemInitHook                           0x0000265d   Thumb Code     2  system_lpc54608.o(.text.SystemInitHook)
    Task_Create                              0x00002661   Thumb Code   172  freertos_hello.o(.text.Task_Create)
    USART_GetDefaultConfig                   0x00002721   Thumb Code    68  fsl_usart.o(.text.USART_GetDefaultConfig)
    USART_GetInstance                        0x00002765   Thumb Code   112  fsl_usart.o(.text.USART_GetInstance)
    USART_Init                               0x000027d5   Thumb Code   328  fsl_usart.o(.text.USART_Init)
    USART_ReadBlocking                       0x0000291d   Thumb Code   170  fsl_usart.o(.text.USART_ReadBlocking)
    USART_SetBaudRate                        0x000029c9   Thumb Code   248  fsl_usart.o(.text.USART_SetBaudRate)
    USART_TransferCreateHandle               0x00002ac1   Thumb Code   184  fsl_usart.o(.text.USART_TransferCreateHandle)
    USART_TransferGetRxRingBufferLength      0x00002b79   Thumb Code    40  fsl_usart.o(.text.USART_TransferGetRxRingBufferLength)
    USART_TransferHandleIRQ                  0x00002ba1   Thumb Code   584  fsl_usart.o(.text.USART_TransferHandleIRQ)
    USART_TransferReceiveNonBlocking         0x00002e19   Thumb Code   290  fsl_usart.o(.text.USART_TransferReceiveNonBlocking)
    USART_TransferSendNonBlocking            0x00002f3d   Thumb Code   120  fsl_usart.o(.text.USART_TransferSendNonBlocking)
    USART_UserCallback                       0x00002fb5   Thumb Code    60  freertos_hello.o(.text.USART_UserCallback)
    USART_WriteBlocking                      0x00002ff1   Thumb Code    72  fsl_usart.o(.text.USART_WriteBlocking)
    __aeabi_assert                           0x000030d9   Thumb Code    60  fsl_assert.o(.text.__aeabi_assert)
    gint0_callback                           0x00003115   Thumb Code    64  freertos_hello.o(.text.gint0_callback)
    main                                     0x00003155   Thumb Code   336  freertos_hello.o(.text.main)
    pvPortMalloc                             0x00003651   Thumb Code   300  heap_4.o(.text.pvPortMalloc)
    pxPortInitialiseStack                    0x0000377d   Thumb Code    40  port.o(.text.pxPortInitialiseStack)
    uxListRemove                             0x000037e1   Thumb Code    40  list.o(.text.uxListRemove)
    vListInitialise                          0x00003809   Thumb Code    22  list.o(.text.vListInitialise)
    vListInitialiseItem                      0x00003821   Thumb Code     6  list.o(.text.vListInitialiseItem)
    vListInsert                              0x00003829   Thumb Code    58  list.o(.text.vListInsert)
    vListInsertEnd                           0x00003865   Thumb Code    28  list.o(.text.vListInsertEnd)
    vPortEnterCritical                       0x00003881   Thumb Code    70  port.o(.text.vPortEnterCritical)
    vPortExitCritical                        0x000038c9   Thumb Code    46  port.o(.text.vPortExitCritical)
    vPortFree                                0x000038f9   Thumb Code   126  heap_4.o(.text.vPortFree)
    vTaskDelayUntil                          0x00003979   Thumb Code   166  tasks.o(.text.vTaskDelayUntil)
    vTaskSuspendAll                          0x00003a21   Thumb Code    16  tasks.o(.text.vTaskSuspendAll)
    vTaskSwitchContext                       0x00003a31   Thumb Code   134  tasks.o(.text.vTaskSwitchContext)
    xTaskCreate                              0x00003ab9   Thumb Code    88  tasks.o(.text.xTaskCreate)
    xTaskGetTickCount                        0x00003b11   Thumb Code    12  tasks.o(.text.xTaskGetTickCount)
    xTaskIncrementTick                       0x00003b1d   Thumb Code   332  tasks.o(.text.xTaskIncrementTick)
    xTaskResumeAll                           0x00003c69   Thumb Code   280  tasks.o(.text.xTaskResumeAll)
    __scatterload_copy                       0x00003d81   Thumb Code    14  handlers.o(i.__scatterload_copy)
    __scatterload_null                       0x00003d8f   Thumb Code     2  handlers.o(i.__scatterload_null)
    __scatterload_zeroinit                   0x00003d91   Thumb Code    14  handlers.o(i.__scatterload_zeroinit)
    Region$$Table$$Base                      0x000040f0   Number         0  anon$$obj.o(Region$$Table)
    Region$$Table$$Limit                     0x00004110   Number         0  anon$$obj.o(Region$$Table)
    SystemCoreClock                          0x20000000   Data           4  system_lpc54608.o(.data.SystemCoreClock)
    g_tipString                              0x20000004   Data          84  freertos_hello.o(.data.g_tipString)
    rxBufferEmpty                            0x20000058   Data           1  freertos_hello.o(.data.rxBufferEmpty)
    g_rxBuffer                               0x20000060   Data           8  freertos_hello.o(.bss.g_rxBuffer)
    g_serialHandle                           0x20000068   Data           4  fsl_debug_console.o(.bss.g_serialHandle)
    g_txBuffer                               0x2000006c   Data           8  freertos_hello.o(.bss.g_txBuffer)
    g_uartHandle                             0x20000074   Data          48  freertos_hello.o(.bss.g_uartHandle)
    pxCurrentTCB                             0x200000a4   Data           4  tasks.o(.bss.pxCurrentTCB)
    rxOnGoing                                0x20000118   Data           1  freertos_hello.o(.bss.rxOnGoing)
    txBufferFull                             0x200001b4   Data           1  freertos_hello.o(.bss.txBufferFull)
    txOnGoing                                0x200001b5   Data           1  freertos_hello.o(.bss.txOnGoing)
    Image$$ARM_LIB_HEAP$$ZI$$Base            0x20002a58   Number         0  anon$$obj.o ABSOLUTE
    Image$$ARM_LIB_HEAP$$ZI$$Limit           0x20002e58   Number         0  anon$$obj.o ABSOLUTE
    Image$$ARM_LIB_STACK$$ZI$$Limit          0x20028000   Number         0  anon$$obj.o ABSOLUTE



==============================================================================

Memory Map of the image

  Image Entry point : 0x00000401

  Load Region LR_m_text (Base: 0x00000000, Size: 0x00004170, Max: 0x00080000, ABSOLUTE)

    Execution Region VECTOR_ROM (Exec base: 0x00000000, Load base: 0x00000000, Size: 0x00000124, Max: 0x00000400, ABSOLUTE)

    Exec Addr    Load Addr    Size         Type   Attr      Idx    E Section Name        Object

    0x00000000   0x00000000   0x00000124   Data   RO         1273    .isr_vector         startup_lpc54608.o


    Execution Region ER_m_text (Exec base: 0x00000400, Load base: 0x00000400, Size: 0x00003d10, Max: 0x0007fc00, ABSOLUTE, FIXED)

    Exec Addr    Load Addr    Size         Type   Attr      Idx    E Section Name        Object

    0x00000400   0x00000400   0x00000000   Code   RO         1367  * .ARM.Collect$$$$00000000  mc_w.l(entry.o)
    0x00000400   0x00000400   0x00000004   Code   RO         1424    .ARM.Collect$$$$00000003  mc_w.l(entry4.o)
    0x00000404   0x00000404   0x00000004   Code   RO         1427    .ARM.Collect$$$$00000004  mc_w.l(entry5.o)
    0x00000408   0x00000408   0x00000000   Code   RO         1429    .ARM.Collect$$$$00000008  mc_w.l(entry7b.o)
    0x00000408   0x00000408   0x00000000   Code   RO         1431    .ARM.Collect$$$$0000000A  mc_w.l(entry8b.o)
    0x00000408   0x00000408   0x00000008   Code   RO         1432    .ARM.Collect$$$$0000000B  mc_w.l(entry9a.o)
    0x00000410   0x00000410   0x00000000   Code   RO         1434    .ARM.Collect$$$$0000000D  mc_w.l(entry10a.o)
    0x00000410   0x00000410   0x00000000   Code   RO         1436    .ARM.Collect$$$$0000000F  mc_w.l(entry11a.o)
    0x00000410   0x00000410   0x00000004   Code   RO         1425    .ARM.Collect$$$$00002714  mc_w.l(entry4.o)
    0x00000414   0x00000414   0x00000230   Code   RO         1272    .text               startup_lpc54608.o
    0x00000644   0x00000644   0x00000062   Code   RO         1370    .text               mc_w.l(uldiv.o)
    0x000006a6   0x000006a6   0x00000028   Code   RO         1372    .text               mc_w.l(memcpy.o)
    0x000006ce   0x000006ce   0x00000024   Code   RO         1378    .text               mc_w.l(memseta.o)
    0x000006f2   0x000006f2   0x0000000e   Code   RO         1380    .text               mc_w.l(strlen.o)
    0x00000700   0x00000700   0x0000001e   Code   RO         1438    .text               mc_w.l(llshl.o)
    0x0000071e   0x0000071e   0x00000020   Code   RO         1440    .text               mc_w.l(llushr.o)
    0x0000073e   0x0000073e   0x00000002   PAD
    0x00000740   0x00000740   0x00000024   Code   RO         1449    .text               mc_w.l(init.o)
    0x00000764   0x00000764   0x000000c4   Code   RO          508    .text.BOARD_BootClockPLL180M  clock_config.o
    0x00000828   0x00000828   0x0000005c   Code   RO          481    .text.BOARD_InitDebugConsole  board.o
    0x00000884   0x00000884   0x00000016   Code   RO          527    .text.BOARD_InitPins  pin_mux.o
    0x0000089a   0x0000089a   0x00000002   PAD
    0x0000089c   0x0000089c   0x00000060   Code   RO          700    .text.CLOCK_AttachClk  fsl_clock.o
    0x000008fc   0x000008fc   0x00000010   Code   RO         1146    .text.CLOCK_DisableClock  fsl_inputmux.o
    0x0000090c   0x0000090c   0x00000010   Code   RO          529    .text.CLOCK_EnableClock  pin_mux.o
    0x0000091c   0x0000091c   0x00000032   Code   RO          953    .text.CLOCK_EnableClock  fsl_flexcomm.o
    0x0000094e   0x0000094e   0x00000002   PAD
    0x00000950   0x00000950   0x00000032   Code   RO          996    .text.CLOCK_EnableClock  fsl_gpio.o
    0x00000982   0x00000982   0x00000002   PAD
    0x00000984   0x00000984   0x00000032   Code   RO         1090    .text.CLOCK_EnableClock  fsl_gint.o
    0x000009b6   0x000009b6   0x00000002   PAD
    0x000009b8   0x000009b8   0x00000010   Code   RO         1140    .text.CLOCK_EnableClock  fsl_inputmux.o
    0x000009c8   0x000009c8   0x00000010   Code   RO         1159    .text.CLOCK_EnableClock  fsl_pint.o
    0x000009d8   0x000009d8   0x0000001a   Code   RO          816    .text.CLOCK_Enable_SysOsc  fsl_clock.o
    0x000009f2   0x000009f2   0x00000002   PAD
    0x000009f4   0x000009f4   0x00000056   Code   RO          712    .text.CLOCK_GetCoreSysClkFreq  fsl_clock.o
    0x00000a4a   0x00000a4a   0x00000002   PAD
    0x00000a4c   0x00000a4c   0x0000002a   Code   RO          760    .text.CLOCK_GetFRGInputClock  fsl_clock.o
    0x00000a76   0x00000a76   0x00000002   PAD
    0x00000a78   0x00000a78   0x0000004c   Code   RO          756    .text.CLOCK_GetFlexCommClkFreq  fsl_clock.o
    0x00000ac4   0x00000ac4   0x00000032   Code   RO          758    .text.CLOCK_GetFrgClkFreq  fsl_clock.o
    0x00000af6   0x00000af6   0x00000002   PAD
    0x00000af8   0x00000af8   0x0000001c   Code   RO          746    .text.CLOCK_GetFro12MFreq  fsl_clock.o
    0x00000b14   0x00000b14   0x00000032   Code   RO          718    .text.CLOCK_GetFroHfFreq  fsl_clock.o
    0x00000b46   0x00000b46   0x00000002   PAD
    0x00000b48   0x00000b48   0x0000000c   Code   RO          720    .text.CLOCK_GetPllOutFreq  fsl_clock.o
    0x00000b54   0x00000b54   0x00000054   Code   RO          716    .text.CLOCK_GetWdtOscFreq  fsl_clock.o
    0x00000ba8   0x00000ba8   0x00000010   Code   RO          820    .text.CLOCK_IsSystemPLLLocked  fsl_clock.o
    0x00000bb8   0x00000bb8   0x00000024   Code   RO          704    .text.CLOCK_SetClkDiv  fsl_clock.o
    0x00000bdc   0x00000bdc   0x00000016   Code   RO          770    .text.CLOCK_SetFLASHAccessCycles  fsl_clock.o
    0x00000bf2   0x00000bf2   0x00000002   PAD
    0x00000bf4   0x00000bf4   0x00000094   Code   RO          768    .text.CLOCK_SetFLASHAccessCyclesForFreq  fsl_clock.o
    0x00000c88   0x00000c88   0x000000b6   Code   RO          832    .text.CLOCK_SetPLLFreq  fsl_clock.o
    0x00000d3e   0x00000d3e   0x00000002   PAD
    0x00000d40   0x00000d40   0x00000082   Code   RO          706    .text.CLOCK_SetupFROClocking  fsl_clock.o
    0x00000dc2   0x00000dc2   0x00000002   PAD
    0x00000dc4   0x00000dc4   0x0000007a   Code   RO         1331    .text.ConvertRadixNumToString  fsl_str.o
    0x00000e3e   0x00000e3e   0x00000002   PAD
    0x00000e40   0x00000e40   0x0000001a   Code   RO         1315    .text.DbgConsole_Getchar  fsl_debug_console.o
    0x00000e5a   0x00000e5a   0x00000002   PAD
    0x00000e5c   0x00000e5c   0x000000be   Code   RO         1299    .text.DbgConsole_Init  fsl_debug_console.o
    0x00000f1a   0x00000f1a   0x00000002   PAD
    0x00000f1c   0x00000f1c   0x00000044   Code   RO         1307    .text.DbgConsole_PrintCallback  fsl_debug_console.o
    0x00000f60   0x00000f60   0x0000004c   Code   RO         1305    .text.DbgConsole_Printf  fsl_debug_console.o
    0x00000fac   0x00000fac   0x00000012   Code   RO         1309    .text.DbgConsole_Putchar  fsl_debug_console.o
    0x00000fbe   0x00000fbe   0x00000002   PAD
    0x00000fc0   0x00000fc0   0x00000038   Code   RO         1297    .text.DbgConsole_ReadCharacter  fsl_debug_console.o
    0x00000ff8   0x00000ff8   0x0000001c   Code   RO         1289    .text.DbgConsole_ReadOneCharacter  fsl_debug_console.o
    0x00001014   0x00001014   0x0000006a   Code   RO         1293    .text.DbgConsole_SendDataReliable  fsl_debug_console.o
    0x0000107e   0x0000107e   0x00000002   PAD
    0x00001080   0x00001080   0x0000000a   Code   RO          902    .text.DelayLoop     fsl_common.o
    0x0000108a   0x0000108a   0x00000002   PAD
    0x0000108c   0x0000108c   0x0000000c   Code   RO          585    .text.DisableGlobalIRQ  serial_manager.o
    0x00001098   0x00001098   0x0000000c   Code   RO         1064    .text.DisableGlobalIRQ  fsl_usart.o
    0x000010a4   0x000010a4   0x00000006   Code   RO          587    .text.EnableGlobalIRQ  serial_manager.o
    0x000010aa   0x000010aa   0x00000002   PAD
    0x000010ac   0x000010ac   0x00000006   Code   RO         1066    .text.EnableGlobalIRQ  fsl_usart.o
    0x000010b2   0x000010b2   0x00000002   PAD
    0x000010b4   0x000010b4   0x0000000c   Code   RO         1052    .text.EnableIRQ     fsl_usart.o
    0x000010c0   0x000010c0   0x0000000c   Code   RO         1106    .text.EnableIRQ     fsl_gint.o
    0x000010cc   0x000010cc   0x0000000c   Code   RO         1183    .text.EnableIRQ     fsl_pint.o
    0x000010d8   0x000010d8   0x00000050   Code   RO          959    .text.FLEXCOMM0_DriverIRQHandler  fsl_flexcomm.o
    0x00001128   0x00001128   0x00000050   Code   RO          961    .text.FLEXCOMM1_DriverIRQHandler  fsl_flexcomm.o
    0x00001178   0x00001178   0x00000050   Code   RO          963    .text.FLEXCOMM2_DriverIRQHandler  fsl_flexcomm.o
    0x000011c8   0x000011c8   0x00000050   Code   RO          965    .text.FLEXCOMM3_DriverIRQHandler  fsl_flexcomm.o
    0x00001218   0x00001218   0x00000050   Code   RO          967    .text.FLEXCOMM4_DriverIRQHandler  fsl_flexcomm.o
    0x00001268   0x00001268   0x00000050   Code   RO          969    .text.FLEXCOMM5_DriverIRQHandler  fsl_flexcomm.o
    0x000012b8   0x000012b8   0x00000054   Code   RO          971    .text.FLEXCOMM6_DriverIRQHandler  fsl_flexcomm.o
    0x0000130c   0x0000130c   0x00000054   Code   RO          973    .text.FLEXCOMM7_DriverIRQHandler  fsl_flexcomm.o
    0x00001360   0x00001360   0x00000054   Code   RO          975    .text.FLEXCOMM8_DriverIRQHandler  fsl_flexcomm.o
    0x000013b4   0x000013b4   0x00000054   Code   RO          977    .text.FLEXCOMM9_DriverIRQHandler  fsl_flexcomm.o
    0x00001408   0x00001408   0x00000074   Code   RO          949    .text.FLEXCOMM_GetInstance  fsl_flexcomm.o
    0x0000147c   0x0000147c   0x00000068   Code   RO          951    .text.FLEXCOMM_Init  fsl_flexcomm.o
    0x000014e4   0x000014e4   0x00000028   Code   RO          979    .text.FLEXCOMM_PeripheralIsPresent  fsl_flexcomm.o
    0x0000150c   0x0000150c   0x00000028   Code   RO          957    .text.FLEXCOMM_SetIRQHandler  fsl_flexcomm.o
    0x00001534   0x00001534   0x00000032   Code   RO          955    .text.FLEXCOMM_SetPeriph  fsl_flexcomm.o
    0x00001566   0x00001566   0x00000002   PAD
    0x00001568   0x00001568   0x00000028   Code   RO         1116    .text.GINT0_DriverIRQHandler  fsl_gint.o
    0x00001590   0x00001590   0x00000028   Code   RO         1118    .text.GINT1_DriverIRQHandler  fsl_gint.o
    0x000015b8   0x000015b8   0x0000000a   Code   RO         1102    .text.GINT_ClrStatus  fsl_gint.o
    0x000015c2   0x000015c2   0x00000002   PAD
    0x000015c4   0x000015c4   0x0000000a   Code   RO         1096    .text.GINT_ConfigPins  fsl_gint.o
    0x000015ce   0x000015ce   0x00000002   PAD
    0x000015d0   0x000015d0   0x0000002a   Code   RO         1100    .text.GINT_EnableCallback  fsl_gint.o
    0x000015fa   0x000015fa   0x00000002   PAD
    0x000015fc   0x000015fc   0x00000054   Code   RO         1088    .text.GINT_GetInstance  fsl_gint.o
    0x00001650   0x00001650   0x0000003a   Code   RO         1086    .text.GINT_Init     fsl_gint.o
    0x0000168a   0x0000168a   0x00000002   PAD
    0x0000168c   0x0000168c   0x0000002c   Code   RO         1092    .text.GINT_SetCtrl  fsl_gint.o
    0x000016b8   0x000016b8   0x00000024   Code   RO         1247    .text.GPCHAR_task   freertos_hello.o
    0x000016dc   0x000016dc   0x0000006e   Code   RO         1233    .text.GPIO_Init     freertos_hello.o
    0x0000174a   0x0000174a   0x00000002   PAD
    0x0000174c   0x0000174c   0x0000007e   Code   RO         1235    .text.GPIO_Interrupt_Init  freertos_hello.o
    0x000017ca   0x000017ca   0x00000002   PAD
    0x000017cc   0x000017cc   0x0000004e   Code   RO          998    .text.GPIO_PinInit  fsl_gpio.o
    0x0000181a   0x0000181a   0x00000002   PAD
    0x0000181c   0x0000181c   0x00000012   Code   RO         1239    .text.GPIO_PinWrite  freertos_hello.o
    0x0000182e   0x0000182e   0x00000002   PAD
    0x00001830   0x00001830   0x00000088   Code   RO          994    .text.GPIO_PortInit  fsl_gpio.o
    0x000018b8   0x000018b8   0x0000000c   Code   RO         1249    .text.GPIO_PortRead  freertos_hello.o
    0x000018c4   0x000018c4   0x0000000c   Code   RO         1251    .text.GPIO_PortToggle  freertos_hello.o
    0x000018d0   0x000018d0   0x0000000a   Code   RO          647    .text.HAL_UartGetStatus  usart_adapter.o
    0x000018da   0x000018da   0x00000002   PAD
    0x000018dc   0x000018dc   0x000000d0   Code   RO          645    .text.HAL_UartInit  usart_adapter.o
    0x000019ac   0x000019ac   0x0000006a   Code   RO          651    .text.HAL_UartReceiveBlocking  usart_adapter.o
    0x00001a16   0x00001a16   0x00000002   PAD
    0x00001a18   0x00001a18   0x00000066   Code   RO          653    .text.HAL_UartSendBlocking  usart_adapter.o
    0x00001a7e   0x00001a7e   0x00000002   PAD
    0x00001a80   0x00001a80   0x0000000e   Code   RO         1142    .text.INPUTMUX_AttachSignal  fsl_inputmux.o
    0x00001a8e   0x00001a8e   0x00000002   PAD
    0x00001a90   0x00001a90   0x00000004   Code   RO         1144    .text.INPUTMUX_Deinit  fsl_inputmux.o
    0x00001a94   0x00001a94   0x00000004   Code   RO         1138    .text.INPUTMUX_Init  fsl_inputmux.o
    0x00001a98   0x00001a98   0x00000012   Code   RO          531    .text.IOCON_PinMuxSet  pin_mux.o
    0x00001aaa   0x00001aaa   0x00000002   PAD
    0x00001aac   0x00001aac   0x0000003c   Code   RO         1185    .text.PINT_EnableCallbackByIndex  fsl_pint.o
    0x00001ae8   0x00001ae8   0x0000006c   Code   RO         1157    .text.PINT_Init     fsl_pint.o
    0x00001b54   0x00001b54   0x00000016   Code   RO         1173    .text.PINT_PatternMatchResetDetectLogic  fsl_pint.o
    0x00001b6a   0x00001b6a   0x00000002   PAD
    0x00001b6c   0x00001b6c   0x0000000a   Code   RO         1165    .text.PINT_PinInterruptClrFallFlag  fsl_pint.o
    0x00001b76   0x00001b76   0x00000002   PAD
    0x00001b78   0x00001b78   0x0000000a   Code   RO         1163    .text.PINT_PinInterruptClrRiseFlag  fsl_pint.o
    0x00001b82   0x00001b82   0x00000002   PAD
    0x00001b84   0x00001b84   0x00000018   Code   RO         1175    .text.PINT_PinInterruptClrStatus  fsl_pint.o
    0x00001b9c   0x00001b9c   0x0000006c   Code   RO         1161    .text.PINT_PinInterruptConfig  fsl_pint.o
    0x00001c08   0x00001c08   0x00000036   Code   RO         1197    .text.PIN_INT0_DriverIRQHandler  fsl_pint.o
    0x00001c3e   0x00001c3e   0x00000002   PAD
    0x00001c40   0x00001c40   0x00000036   Code   RO         1199    .text.PIN_INT1_DriverIRQHandler  fsl_pint.o
    0x00001c76   0x00001c76   0x00000002   PAD
    0x00001c78   0x00001c78   0x00000036   Code   RO         1201    .text.PIN_INT2_DriverIRQHandler  fsl_pint.o
    0x00001cae   0x00001cae   0x00000002   PAD
    0x00001cb0   0x00001cb0   0x00000036   Code   RO         1203    .text.PIN_INT3_DriverIRQHandler  fsl_pint.o
    0x00001ce6   0x00001ce6   0x00000002   PAD
    0x00001ce8   0x00001ce8   0x00000036   Code   RO         1205    .text.PIN_INT4_DriverIRQHandler  fsl_pint.o
    0x00001d1e   0x00001d1e   0x00000002   PAD
    0x00001d20   0x00001d20   0x00000036   Code   RO         1207    .text.PIN_INT5_DriverIRQHandler  fsl_pint.o
    0x00001d56   0x00001d56   0x00000002   PAD
    0x00001d58   0x00001d58   0x00000036   Code   RO         1209    .text.PIN_INT6_DriverIRQHandler  fsl_pint.o
    0x00001d8e   0x00001d8e   0x00000002   PAD
    0x00001d90   0x00001d90   0x00000036   Code   RO         1211    .text.PIN_INT7_DriverIRQHandler  fsl_pint.o
    0x00001dc6   0x00001dc6   0x00000002   PAD
    0x00001dc8   0x00001dc8   0x00000018   Code   RO          502    .text.POWER_DisablePD  clock_config.o
    0x00001de0   0x00001de0   0x00000018   Code   RO          708    .text.POWER_DisablePD  fsl_clock.o
    0x00001df8   0x00001df8   0x00000018   Code   RO          818    .text.POWER_EnablePD  fsl_clock.o
    0x00001e10   0x00001e10   0x0000001c   Code   RO         1360    .text.POWER_SetPLL  keil_lib_power.lib(fsl_power_lib.o)
    0x00001e2c   0x00001e2c   0x00000034   Code   RO         1358    .text.POWER_SetVoltageForFreq  keil_lib_power.lib(fsl_power_lib.o)
    0x00001e60   0x00001e60   0x00000064   Code   RO          434    .text.PendSV_Handler  port.o
    0x00001ec4   0x00001ec4   0x00000040   Code   RO         1243    .text.PinInt0_Callback  freertos_hello.o
    0x00001f04   0x00001f04   0x0000005a   Code   RO         1012    .text.RESET_ClearPeripheralReset  fsl_reset.o
    0x00001f5e   0x00001f5e   0x00000002   PAD
    0x00001f60   0x00001f60   0x00000012   Code   RO         1014    .text.RESET_PeripheralReset  fsl_reset.o
    0x00001f72   0x00001f72   0x00000002   PAD
    0x00001f74   0x00001f74   0x00000054   Code   RO         1010    .text.RESET_SetPeripheralReset  fsl_reset.o
    0x00001fc8   0x00001fc8   0x00000070   Code   RO          900    .text.SDK_DelayAtLeastUs  fsl_common.o
    0x00002038   0x00002038   0x00000008   PAD
    0x00002040   0x00002040   0x00000024   Code   RO          418    .text.SVC_Handler   port.o
    0x00002064   0x00002064   0x00000064   Code   RO          581    .text.SerialManager_Init  serial_manager.o
    0x000020c8   0x000020c8   0x00000066   Code   RO          593    .text.SerialManager_OpenReadHandle  serial_manager.o
    0x0000212e   0x0000212e   0x00000002   PAD
    0x00002130   0x00002130   0x00000058   Code   RO          589    .text.SerialManager_OpenWriteHandle  serial_manager.o
    0x00002188   0x00002188   0x0000007a   Code   RO          603    .text.SerialManager_Read  serial_manager.o
    0x00002202   0x00002202   0x00000002   PAD
    0x00002204   0x00002204   0x00000004   Code   RO          601    .text.SerialManager_ReadBlocking  serial_manager.o
    0x00002208   0x00002208   0x00000018   Code   RO          611    .text.SerialManager_StartReading  serial_manager.o
    0x00002220   0x00002220   0x00000018   Code   RO          609    .text.SerialManager_StartWriting  serial_manager.o
    0x00002238   0x00002238   0x0000007a   Code   RO          599    .text.SerialManager_Write  serial_manager.o
    0x000022b2   0x000022b2   0x00000002   PAD
    0x000022b4   0x000022b4   0x00000004   Code   RO          597    .text.SerialManager_WriteBlocking  serial_manager.o
    0x000022b8   0x000022b8   0x0000006c   Code   RO          623    .text.Serial_UartInit  serial_port_uart.o
    0x00002324   0x00002324   0x00000052   Code   RO          629    .text.Serial_UartRead  serial_port_uart.o
    0x00002376   0x00002376   0x00000002   PAD
    0x00002378   0x00002378   0x00000052   Code   RO          627    .text.Serial_UartWrite  serial_port_uart.o
    0x000023ca   0x000023ca   0x00000002   PAD
    0x000023cc   0x000023cc   0x0000022a   Code   RO         1329    .text.StrFormatPrintf  fsl_str.o
    0x000025f6   0x000025f6   0x00000002   PAD
    0x000025f8   0x000025f8   0x0000002e   Code   RO          436    .text.SysTick_Handler  port.o
    0x00002626   0x00002626   0x00000002   PAD
    0x00002628   0x00002628   0x00000032   Code   RO          670    .text.SystemInit    system_lpc54608.o
    0x0000265a   0x0000265a   0x00000002   PAD
    0x0000265c   0x0000265c   0x00000002   Code   RO          672    .text.SystemInitHook  system_lpc54608.o
    0x0000265e   0x0000265e   0x00000002   PAD
    0x00002660   0x00002660   0x000000ac   Code   RO         1237    .text.Task_Create   freertos_hello.o
    0x0000270c   0x0000270c   0x00000012   Code   RO         1038    .text.USART_EnableContinuousSCLK  fsl_usart.o
    0x0000271e   0x0000271e   0x00000002   PAD
    0x00002720   0x00002720   0x00000044   Code   RO         1042    .text.USART_GetDefaultConfig  fsl_usart.o
    0x00002764   0x00002764   0x00000070   Code   RO         1026    .text.USART_GetInstance  fsl_usart.o
    0x000027d4   0x000027d4   0x00000148   Code   RO         1034    .text.USART_Init    fsl_usart.o
    0x0000291c   0x0000291c   0x000000aa   Code   RO         1046    .text.USART_ReadBlocking  fsl_usart.o
    0x000029c6   0x000029c6   0x00000002   PAD
    0x000029c8   0x000029c8   0x000000f8   Code   RO         1036    .text.USART_SetBaudRate  fsl_usart.o
    0x00002ac0   0x00002ac0   0x000000b8   Code   RO         1048    .text.USART_TransferCreateHandle  fsl_usart.o
    0x00002b78   0x00002b78   0x00000028   Code   RO         1028    .text.USART_TransferGetRxRingBufferLength  fsl_usart.o
    0x00002ba0   0x00002ba0   0x00000248   Code   RO         1050    .text.USART_TransferHandleIRQ  fsl_usart.o
    0x00002de8   0x00002de8   0x0000002e   Code   RO         1072    .text.USART_TransferIsRxRingBufferFull  fsl_usart.o
    0x00002e16   0x00002e16   0x00000002   PAD
    0x00002e18   0x00002e18   0x00000122   Code   RO         1062    .text.USART_TransferReceiveNonBlocking  fsl_usart.o
    0x00002f3a   0x00002f3a   0x00000002   PAD
    0x00002f3c   0x00002f3c   0x00000078   Code   RO         1054    .text.USART_TransferSendNonBlocking  fsl_usart.o
    0x00002fb4   0x00002fb4   0x0000003c   Code   RO         1231    .text.USART_UserCallback  freertos_hello.o
    0x00002ff0   0x00002ff0   0x00000048   Code   RO         1044    .text.USART_WriteBlocking  fsl_usart.o
    0x00003038   0x00003038   0x00000020   Code   RO         1104    .text.__NVIC_ClearPendingIRQ  fsl_gint.o
    0x00003058   0x00003058   0x00000020   Code   RO         1181    .text.__NVIC_ClearPendingIRQ  fsl_pint.o
    0x00003078   0x00003078   0x00000020   Code   RO         1074    .text.__NVIC_EnableIRQ  fsl_usart.o
    0x00003098   0x00003098   0x00000020   Code   RO         1120    .text.__NVIC_EnableIRQ  fsl_gint.o
    0x000030b8   0x000030b8   0x00000020   Code   RO         1213    .text.__NVIC_EnableIRQ  fsl_pint.o
    0x000030d8   0x000030d8   0x0000003c   Code   RO         1279    .text.__aeabi_assert  fsl_assert.o
    0x00003114   0x00003114   0x00000040   Code   RO         1241    .text.gint0_callback  freertos_hello.o
    0x00003154   0x00003154   0x00000150   Code   RO         1229    .text.main          freertos_hello.o
    0x000032a4   0x000032a4   0x000000a4   Code   RO          213    .text.prvAddCurrentTaskToDelayedList  tasks.o
    0x00003348   0x00003348   0x000000ae   Code   RO          201    .text.prvAddNewTaskToReadyList  tasks.o
    0x000033f6   0x000033f6   0x00000002   PAD
    0x000033f8   0x000033f8   0x00000076   Code   RO          454    .text.prvHeapInit   heap_4.o
    0x0000346e   0x0000346e   0x00000002   PAD
    0x00003470   0x00003470   0x000000b0   Code   RO          199    .text.prvInitialiseNewTask  tasks.o
    0x00003520   0x00003520   0x0000006e   Code   RO          313    .text.prvInitialiseTaskLists  tasks.o
    0x0000358e   0x0000358e   0x00000002   PAD
    0x00003590   0x00003590   0x00000062   Code   RO          456    .text.prvInsertBlockIntoFreeList  heap_4.o
    0x000035f2   0x000035f2   0x00000002   PAD
    0x000035f4   0x000035f4   0x00000028   Code   RO          207    .text.prvResetNextTaskUnblockTime  tasks.o
    0x0000361c   0x0000361c   0x00000032   Code   RO          416    .text.prvTaskExitError  port.o
    0x0000364e   0x0000364e   0x00000002   PAD
    0x00003650   0x00003650   0x0000012c   Code   RO          452    .text.pvPortMalloc  heap_4.o
    0x0000377c   0x0000377c   0x00000028   Code   RO          414    .text.pxPortInitialiseStack  port.o
    0x000037a4   0x000037a4   0x0000003c   Code   RO         1245    .text.tick_task     freertos_hello.o
    0x000037e0   0x000037e0   0x00000028   Code   RO           49    .text.uxListRemove  list.o
    0x00003808   0x00003808   0x00000016   Code   RO           41    .text.vListInitialise  list.o
    0x0000381e   0x0000381e   0x00000002   PAD
    0x00003820   0x00003820   0x00000006   Code   RO           43    .text.vListInitialiseItem  list.o
    0x00003826   0x00003826   0x00000002   PAD
    0x00003828   0x00003828   0x0000003a   Code   RO           47    .text.vListInsert   list.o
    0x00003862   0x00003862   0x00000002   PAD
    0x00003864   0x00003864   0x0000001c   Code   RO           45    .text.vListInsertEnd  list.o
    0x00003880   0x00003880   0x00000046   Code   RO          430    .text.vPortEnterCritical  port.o
    0x000038c6   0x000038c6   0x00000002   PAD
    0x000038c8   0x000038c8   0x0000002e   Code   RO          432    .text.vPortExitCritical  port.o
    0x000038f6   0x000038f6   0x00000002   PAD
    0x000038f8   0x000038f8   0x0000007e   Code   RO          458    .text.vPortFree     heap_4.o
    0x00003976   0x00003976   0x00000002   PAD
    0x00003978   0x00003978   0x000000a6   Code   RO          209    .text.vTaskDelayUntil  tasks.o
    0x00003a1e   0x00003a1e   0x00000002   PAD
    0x00003a20   0x00003a20   0x00000010   Code   RO          211    .text.vTaskSuspendAll  tasks.o
    0x00003a30   0x00003a30   0x00000086   Code   RO          229    .text.vTaskSwitchContext  tasks.o
    0x00003ab6   0x00003ab6   0x00000002   PAD
    0x00003ab8   0x00003ab8   0x00000058   Code   RO          197    .text.xTaskCreate   tasks.o
    0x00003b10   0x00003b10   0x0000000c   Code   RO          245    .text.xTaskGetTickCount  tasks.o
    0x00003b1c   0x00003b1c   0x0000014c   Code   RO          243    .text.xTaskIncrementTick  tasks.o
    0x00003c68   0x00003c68   0x00000118   Code   RO          215    .text.xTaskResumeAll  tasks.o
    0x00003d80   0x00003d80   0x0000000e   Code   RO         1453    i.__scatterload_copy  mc_w.l(handlers.o)
    0x00003d8e   0x00003d8e   0x00000002   Code   RO         1454    i.__scatterload_null  mc_w.l(handlers.o)
    0x00003d90   0x00003d90   0x0000000e   Code   RO         1455    i.__scatterload_zeroinit  mc_w.l(handlers.o)
    0x00003d9e   0x00003d9e   0x00000002   PAD
    0x00003da0   0x00003da0   0x0000001c   Data   RO          514    .rodata..L__const.BOARD_BootClockPLL180M.pllSetup  clock_config.o
    0x00003dbc   0x00003dbc   0x00000004   Data   RO         1125    .rodata.cst4        fsl_gint.o
    0x00003dc0   0x00003dc0   0x00000008   Data   RO         1126    .rodata.cst8        fsl_gint.o
    0x00003dc8   0x00003dc8   0x00000008   Data   RO         1219    .rodata.cst8        fsl_pint.o
    0x00003dd0   0x00003dd0   0x00000028   Data   RO          660    .rodata.s_UsartAdapterBase  usart_adapter.o
    0x00003df8   0x00003df8   0x00000002   Data   RO         1127    .rodata.s_gintIRQ   fsl_gint.o
    0x00003dfa   0x00003dfa   0x0000000e   Data   RO          488    .rodata.str1.1      board.o
    0x00003e08   0x00003e08   0x0000005c   Data   RO          613    .rodata.str1.1      serial_manager.o
    0x00003e64   0x00003e64   0x0000002c   Data   RO          635    .rodata.str1.1      serial_port_uart.o
    0x00003e90   0x00003e90   0x0000006b   Data   RO          659    .rodata.str1.1      usart_adapter.o
    0x00003efb   0x00003efb   0x00000015   Data   RO          908    .rodata.str1.1      fsl_common.o
    0x00003f10   0x00003f10   0x00000017   Data   RO          982    .rodata.str1.1      fsl_flexcomm.o
    0x00003f27   0x00003f27   0x00000022   Data   RO         1016    .rodata.str1.1      fsl_reset.o
    0x00003f49   0x00003f49   0x000000b0   Data   RO         1076    .rodata.str1.1      fsl_usart.o
    0x00003ff9   0x00003ff9   0x00000046   Data   RO         1128    .rodata.str1.1      fsl_gint.o
    0x0000403f   0x0000403f   0x00000053   Data   RO         1217    .rodata.str1.1      fsl_pint.o
    0x00004092   0x00004092   0x0000005b   Data   RO         1318    .rodata.str1.1      fsl_debug_console.o
    0x000040ed   0x000040ed   0x00000003   PAD
    0x000040f0   0x000040f0   0x00000020   Data   RO         1452    Region$$Table       anon$$obj.o


    Execution Region RW_m_data (Exec base: 0x20000000, Load base: 0x00004110, Size: 0x00002a58, Max: 0x00027800, ABSOLUTE)

    Exec Addr    Load Addr    Size         Type   Attr      Idx    E Section Name        Object

    0x20000000   0x00004110   0x00000004   Data   RW          690    .data.SystemCoreClock  system_lpc54608.o
    0x20000004   0x00004114   0x00000054   Data   RW         1255    .data.g_tipString   freertos_hello.o
    0x20000058   0x00004168   0x00000001   Data   RW         1258    .data.rxBufferEmpty  freertos_hello.o
    0x20000059   0x00004169   0x00000003   PAD
    0x2000005c   0x0000416c   0x00000004   Data   RW          442    .data.uxCriticalNesting  port.o
    0x20000060        -       0x00000008   Zero   RW         1257    .bss.g_rxBuffer     freertos_hello.o
    0x20000068        -       0x00000004   Zero   RW         1319    .bss.g_serialHandle  fsl_debug_console.o
    0x2000006c        -       0x00000008   Zero   RW         1256    .bss.g_txBuffer     freertos_hello.o
    0x20000074        -       0x00000030   Zero   RW         1262    .bss.g_uartHandle   freertos_hello.o
    0x200000a4        -       0x00000004   Zero   RW          317    .bss.pxCurrentTCB   tasks.o
    0x200000a8        -       0x00000004   Zero   RW          327    .bss.pxDelayedTaskList  tasks.o
    0x200000ac        -       0x00000004   Zero   RW          466    .bss.pxEnd          heap_4.o
    0x200000b0        -       0x00000004   Zero   RW          328    .bss.pxOverflowDelayedTaskList  tasks.o
    0x200000b4        -       0x00000064   Zero   RW          318    .bss.pxReadyTasksLists  tasks.o
    0x20000118        -       0x00000001   Zero   RW         1261    .bss.rxOnGoing      freertos_hello.o
    0x20000119   0x00004170   0x00000003   PAD
    0x2000011c        -       0x00000004   Zero   RW          872    .bss.s_Pll_Freq     fsl_clock.o
    0x20000120        -       0x0000001c   Zero   RW         1317    .bss.s_debugConsoleState  fsl_debug_console.o
    0x2000013c        -       0x00000028   Zero   RW          984    .bss.s_flexcommHandle  fsl_flexcomm.o
    0x20000164        -       0x00000028   Zero   RW          983    .bss.s_flexcommIrqHandler  fsl_flexcomm.o
    0x2000018c        -       0x00000008   Zero   RW         1124    .bss.s_gintCallback  fsl_gint.o
    0x20000194        -       0x00000020   Zero   RW         1218    .bss.s_pintCallback  fsl_pint.o
    0x200001b4        -       0x00000001   Zero   RW         1259    .bss.txBufferFull   freertos_hello.o
    0x200001b5        -       0x00000001   Zero   RW         1260    .bss.txOnGoing      freertos_hello.o
    0x200001b6        -       0x00002800   Zero   RW          471    .bss.ucHeap         heap_4.o
    0x200029b6   0x00004170   0x00000002   PAD
    0x200029b8        -       0x00000004   Zero   RW          323    .bss.uxCurrentNumberOfTasks  tasks.o
    0x200029bc        -       0x00000004   Zero   RW          334    .bss.uxPendedTicks  tasks.o
    0x200029c0        -       0x00000004   Zero   RW          325    .bss.uxSchedulerSuspended  tasks.o
    0x200029c4        -       0x00000004   Zero   RW          320    .bss.uxTaskNumber   tasks.o
    0x200029c8        -       0x00000004   Zero   RW          319    .bss.uxTopReadyPriority  tasks.o
    0x200029cc        -       0x00000001   Zero   RW          467    .bss.xBlockAllocatedBit  heap_4.o
    0x200029cd   0x00004170   0x00000003   PAD
    0x200029d0        -       0x00000014   Zero   RW          337    .bss.xDelayedTaskList1  tasks.o
    0x200029e4        -       0x00000014   Zero   RW          338    .bss.xDelayedTaskList2  tasks.o
    0x200029f8        -       0x00000004   Zero   RW          468    .bss.xFreeBytesRemaining  heap_4.o
    0x200029fc        -       0x00000004   Zero   RW          470    .bss.xMinimumEverFreeBytesRemaining  heap_4.o
    0x20002a00        -       0x00000004   Zero   RW          332    .bss.xNextTaskUnblockTime  tasks.o
    0x20002a04        -       0x00000004   Zero   RW          335    .bss.xNumOfOverflows  tasks.o
    0x20002a08        -       0x00000014   Zero   RW          330    .bss.xPendingReadyList  tasks.o
    0x20002a1c        -       0x00000004   Zero   RW          324    .bss.xSchedulerRunning  tasks.o
    0x20002a20        -       0x00000008   Zero   RW          469    .bss.xStart         heap_4.o
    0x20002a28        -       0x00000014   Zero   RW          329    .bss.xSuspendedTaskList  tasks.o
    0x20002a3c        -       0x00000014   Zero   RW          321    .bss.xTasksWaitingTermination  tasks.o
    0x20002a50        -       0x00000004   Zero   RW          326    .bss.xTickCount     tasks.o
    0x20002a54        -       0x00000004   Zero   RW          333    .bss.xYieldPending  tasks.o


    Execution Region ARM_LIB_HEAP (Exec base: 0x20002a58, Load base: 0x00004170, Size: 0x00000400, Max: 0x00000400, ABSOLUTE)

    Exec Addr    Load Addr    Size         Type   Attr      Idx    E Section Name        Object

    0x20002a58        -       0x00000400   Zero   RW            1    ARM_LIB_HEAP.bss    anon$$obj.o


    Execution Region ARM_LIB_STACK (Exec base: 0x20027c00, Load base: 0x00004170, Size: 0x00000400, Max: 0x00000400, ABSOLUTE)

    Exec Addr    Load Addr    Size         Type   Attr      Idx    E Section Name        Object

    0x20027c00        -       0x00000400   Zero   RW            2    ARM_LIB_STACK.bss   anon$$obj.o



  Load Region LR_m_usb_bdt (Base: 0x40100000, Size: 0x00000000, Max: 0x00000000, ABSOLUTE)

    Execution Region ER_m_usb_bdt (Exec base: 0x40100000, Load base: 0x40100000, Size: 0x00000000, Max: 0x00000000, ABSOLUTE, UNINIT)

    **** No section assigned to this execution region ****



  Load Region LR_m_usb_ram (Base: 0x40100000, Size: 0x00000000, Max: 0x00002000, ABSOLUTE)

    Execution Region ER_m_usb_ram (Exec base: 0x40100000, Load base: 0x40100000, Size: 0x00000000, Max: 0x00002000, ABSOLUTE, UNINIT)

    **** No section assigned to this execution region ****


==============================================================================

Image component sizes


      Code (inc. data)   RO Data    RW Data    ZI Data      Debug   Object Name

        92         28         14          0          0      13045   board.o
       220          0         28          0          0      10769   clock_config.o
      1070        204          0         85         67      18893   freertos_hello.o
        60         44          0          0          0        580   fsl_assert.o
      1132         42          0          0          4      38652   fsl_clock.o
       122         36         21          0          0       9033   fsl_common.o
       568          4         91          0         32       7156   fsl_debug_console.o
      1216        376         23          0         80      14040   fsl_flexcomm.o
       454         44         84          0          8      15087   fsl_gint.o
       264         92          0          0          0      10302   fsl_gpio.o
        54          0          0          0          0      14436   fsl_inputmux.o
       866          0         91          0         32      19758   fsl_pint.o
       192          0         34          0          0       7190   fsl_reset.o
       676         52          0          0          0       6529   fsl_str.o
      2342        304        176          0          0      15880   fsl_usart.o
       642          0          0          0      10261       3510   heap_4.o
       154          0          0          0          0       2056   list.o
        56          0          0          0          0       7705   pin_mux.o
       388          8          0          4          0       3861   port.o
       608          8         92          0          0       7052   serial_manager.o
       272         16         44          0          0       4204   serial_port_uart.o
       560        276        292          0          0       2945   startup_lpc54608.o
        52          0          0          4          0       7855   system_lpc54608.o
      1692          0          0          0        252      26502   tasks.o
       426          8        147          0          0       6146   usart_adapter.o

    ----------------------------------------------------------------------
     14332       1550       1172         96      12792     273186   Object Totals
         0          0         32          0       2048          0   (incl. Generated)
       154          8          3          3          8          0   (incl. Padding)

    ----------------------------------------------------------------------

      Code (inc. data)   RO Data    RW Data    ZI Data      Debug   Library Member Name

        80         20          0          0          0          0   fsl_power_lib.o
         0          0          0          0          0          0   entry.o
         0          0          0          0          0          0   entry10a.o
         0          0          0          0          0          0   entry11a.o
         8          4          0          0          0          0   entry4.o
         4          0          0          0          0          0   entry5.o
         0          0          0          0          0          0   entry7b.o
         0          0          0          0          0          0   entry8b.o
         8          4          0          0          0          0   entry9a.o
        30          0          0          0          0          0   handlers.o
        36          8          0          0          0         68   init.o
        30          0          0          0          0         68   llshl.o
        32          0          0          0          0         68   llushr.o
        40          0          0          0          0         76   memcpy.o
        36          0          0          0          0        108   memseta.o
        14          0          0          0          0         68   strlen.o
        98          0          0          0          0         92   uldiv.o

    ----------------------------------------------------------------------
       420         36          0          0          0        548   Library Totals
         4          0          0          0          0          0   (incl. Padding)

    ----------------------------------------------------------------------

      Code (inc. data)   RO Data    RW Data    ZI Data      Debug   Library Name

        80         20          0          0          0          0   keil_lib_power.lib
       336         16          0          0          0        548   mc_w.l

    ----------------------------------------------------------------------
       420         36          0          0          0        548   Library Totals

    ----------------------------------------------------------------------

==============================================================================


      Code (inc. data)   RO Data    RW Data    ZI Data      Debug   

     14752       1586       1172         96      12792     273414   Grand Totals
     14752       1586       1172         96      12792     273414   ELF Image Totals
     14752       1586       1172         96          0          0   ROM Totals

==============================================================================

    Total RO  Size (Code + RO Data)                15924 (  15.55kB)
    Total RW  Size (RW Data + ZI Data)             12888 (  12.59kB)
    Total ROM Size (Code + RO Data + RW Data)      16020 (  15.64kB)

==============================================================================

