<html>
<body>
<pre>
<h1>µVision Build Log</h1>
<h2>Tool Versions:</h2>
IDE-Version: ¦ÌVision V5.29.0.0
Copyright (C) 2019 ARM Ltd and ARM Germany GmbH. All rights reserved.
License Information: l Microsoft, Microsoft, LIC=R4HJJ-U9MKN-PFXIX-H4B6Q-0FQ8E-IDIH5
 
Tool Versions:
Toolchain:       MDK-ARM Professional  Version: 5.29.0.0
Toolchain Path:  D:\Keilv5\ARM\ARMCLANG\Bin
C Compiler:      ArmClang.exe V6.13.1
Assembler:       Armasm.exe V6.13.1
Linker/Locator:  ArmLink.exe V6.13.1
Library Manager: ArmAr.exe V6.13.1
Hex Converter:   FromElf.exe V6.13.1
CPU DLL:         SARMCM3.DLL V5.29.0.0
Dialog DLL:      DCM.DLL V1.17.3.0
Target DLL:      CMSIS_AGDI.dll V1.32.0.0
Dialog DLL:      TCM.DLL V1.36.5.0
 
<h2>Project:</h2>
D:\Gitspace\dev_audio_generator_freertos\dev_audio_generator_freertos.uvprojx
Project File Date:  02/11/2020

<h2>Output:</h2>
*** Using Compiler 'V6.13.1', folder: 'D:\Keilv5\ARM\ARMCLANG\Bin'
Build target 'dev_audio_generator_freertos debug'
compiling list.c...
compiling event_groups.c...
compiling queue.c...
compiling stream_buffer.c...
compiling timers.c...
compiling tasks.c...
compiling heap_4.c...
compiling port.c...
compiling board.c...
compiling pin_mux.c...
compiling clock_config.c...
compiling generic_list.c...
compiling fsl_os_abstraction_free_rtos.c...
compiling serial_manager.c...
compiling usart_adapter.c...
compiling system_LPC54608.c...
compiling serial_port_uart.c...
compiling fsl_common.c...
compiling fsl_dma.c...
compiling fsl_clock.c...
compiling fsl_dmic.c...
compiling fsl_dmic_dma.c...
compiling fsl_emc.c...
compiling fsl_flexcomm.c...
compiling fsl_power.c...
compiling fsl_gpio.c...
compiling fsl_reset.c...
compiling fsl_sctimer.c...
compiling fsl_usart.c...
compiling audio_data_dmic.c...
compiling audio_generator.c...
compiling usb_device_descriptor.c...
assembling startup_LPC54608.s...
compiling usb_device_audio.c...
compiling usb_device_class.c...
compiling usb_device_ch9.c...
compiling usb_device_lpcip3511.c...
compiling usb_device_dci.c...
compiling fsl_assert.c...
compiling fsl_debug_console.c...
compiling fsl_str.c...
linking...
Program Size: Code=29476 RO-data=1616 RW-data=688 ZI-data=33536  
"debug\dev_audio_generator_freertos.out" - 0 Error(s), 0 Warning(s).

<h2>Software Packages used:</h2>

Package Vendor: NXP
                http://mcuxpresso.nxp.com/cmsis_pack/repo/NXP.LPC54608_DFP.12.1.0.pack
                NXP.LPC54608_DFP.12.1.0
                Device Family Pack for LPC54608

<h2>Collection of Component include folders:</h2>
  .\RTE\_dev_audio_generator_freertos_debug
  D:\Keilv5\ARM\PACK\NXP\LPC54608_DFP\12.1.0

<h2>Collection of Component Files used:</h2>
Build Time Elapsed:  00:00:11
</pre>
</body>
</html>
