core_cm4.h:1679:22:__NVIC_EnableIRQ	16	static
core_cm4.h:1807:22:__NVIC_SetPriority	16	static
fsl_clock.h:699:20:CLOCK_EnableClock	24	static
fsl_clock.h:713:20:CLOCK_DisableClock	24	static
fsl_gpio.h:153:20:GPIO_PinWrite	24	static
fsl_gpio.h:210:20:GPIO_PortToggle	24	static
fsl_power.h:108:20:POWER_DisablePD	16	static
cdc_vcom.h:108:24:vcom_connected	4	static
freertos_event.c:113:6:AddNode	24	static
freertos_event.c:129:6:AddNodeToEnd	24	static
freertos_event.c:149:23:GetNode	24	static
freertos_event.c:161:6:sendComplete	16	static
freertos_event.c:179:6:USB0_IRQHandler	16	static
freertos_event.c:198:27:find_IntfDesc	32	static
freertos_event.c:228:5:main	8	static
freertos_event.c:255:6:SysTick_DelayTicks	16	static
freertos_event.c:263:6:SysTick_Handler	4	static
freertos_event.c:271:6:TaskCreate	16	static
freertos_event.c:289:13:USBTask	32	static
freertos_event.c:330:6:gint0_callback	8	static
freertos_event.c:337:6:PinInt0_Callback	16	static
freertos_event.c:344:6:GPIOInit	16	static
freertos_event.c:363:6:InterruptInit	8	static
freertos_event.c:389:6:USBInit	8	static
freertos_event.c:410:13:USB_DeviceApplicationInit	120	static
