queue.c:255:12:xQueueGenericReset	24	static
queue.c:368:16:xQueueGenericCreate	48	static
queue.c:429:13:prvInitialiseNewQueue	24	static
queue.c:473:14:prvInitialiseMutex	16	static
queue.c:503:16:xQueueCreateMutex	32	static
queue.c:596:13:xQueueGiveMutexRecursive	40	static
queue.c:651:13:xQueueTakeMutexRecursive	40	static
queue.c:721:16:xQueueCreateCountingSemaphore	32	static
queue.c:747:12:xQueueGenericSend	64	static
queue.c:957:12:xQueueGenericSendFromISR	64	static
queue.c:1108:12:xQueueGiveFromISR	64	static
queue.c:1284:2:xQueueReceive	56	static
queue.c:1425:12:xQueueSemaphoreTake	64	static
queue.c:1655:12:xQueuePeek	64	static
queue.c:1804:12:xQueueReceiveFromISR	64	static
queue.c:1895:12:xQueuePeekFromISR	56	static
queue.c:1957:13:uxQueueMessagesWaiting	24	static
queue.c:1973:13:uxQueueSpacesAvailable	32	static
queue.c:1990:13:uxQueueMessagesWaitingFromISR	32	static
queue.c:2002:6:vQueueDelete	24	static
queue.c:2046:14:uxQueueGetQueueNumber	16	static
queue.c:2056:7:vQueueSetQueueNumber	16	static
queue.c:2066:10:ucQueueGetQueueType	16	static
queue.c:2076:21:prvGetDisinheritPriorityAfterTimeout	24	static
queue.c:2101:19:prvCopyDataToQueue	32	static
queue.c:2180:13:prvCopyDataFromQueue	16	static
queue.c:2198:13:prvUnlockQueue	24	static
queue.c:2318:19:prvIsQueueEmpty	24	static
queue.c:2339:12:xQueueIsQueueEmptyFromISR	32	static
queue.c:2358:19:prvIsQueueFull	24	static
queue.c:2379:12:xQueueIsQueueFullFromISR	32	static
queue.c:2675:7:vQueueAddToRegistry	24	static
queue.c:2704:14:pcQueueGetName	24	static
queue.c:2732:7:vQueueUnregisterQueue	24	static
queue.c:2764:7:vQueueWaitForMessageRestricted	32	static
