<html>
<body>
<pre>
<h1>µVision Build Log</h1>
<h2>Tool Versions:</h2>
IDE-Version: ¦ÌVision V5.29.0.0
Copyright (C) 2019 ARM Ltd and ARM Germany GmbH. All rights reserved.
License Information: l Microsoft, Microsoft, LIC=R4HJJ-U9MKN-PFXIX-H4B6Q-0FQ8E-IDIH5
 
Tool Versions:
Toolchain:       MDK-ARM Professional  Version: 5.29.0.0
Toolchain Path:  D:\Keilv5\ARM\ARMCLANG\Bin
C Compiler:      ArmClang.exe V6.13.1
Assembler:       Armasm.exe V6.13.1
Linker/Locator:  ArmLink.exe V6.13.1
Library Manager: ArmAr.exe V6.13.1
Hex Converter:   FromElf.exe V6.13.1
CPU DLL:         SARMCM3.DLL V5.29.0.0
Dialog DLL:      DCM.DLL V1.17.3.0
Target DLL:      CMSIS_AGDI.dll V1.32.0.0
Dialog DLL:      TCM.DLL V1.36.5.0
 
<h2>Project:</h2>
D:\Gitspace\LPC54608\freertos_hello\freertos_hello.uvprojx
Project File Date:  02/11/2020

<h2>Output:</h2>
*** Using Compiler 'V6.13.1', folder: 'D:\Keilv5\ARM\ARMCLANG\Bin'
Build target 'freertos_hello debug'
compiling fsl_pint.c...
compiling fsl_gint.c...
compiling fsl_inputmux.c...
compiling fsl_assert.c...
compiling fsl_debug_console.c...
compiling freertos_hello.c...
compiling fsl_str.c...
linking...
Program Size: Code=14752 RO-data=1172 RW-data=96 ZI-data=12792  
FromELF: creating hex file...
"debug\freertos_hello.out" - 0 Error(s), 0 Warning(s).

<h2>Software Packages used:</h2>

Package Vendor: NXP
                http://mcuxpresso.nxp.com/cmsis_pack/repo/NXP.LPC54608_DFP.12.1.0.pack
                NXP.LPC54608_DFP.12.1.0
                Device Family Pack for LPC54608

<h2>Collection of Component include folders:</h2>
  .\RTE\_freertos_hello_debug
  D:\Keilv5\ARM\PACK\NXP\LPC54608_DFP\12.1.0

<h2>Collection of Component Files used:</h2>
Build Time Elapsed:  00:00:03
</pre>
</body>
</html>
