Archive member included to satisfy reference by file (symbol)

D:\Gitspace\lpcxpresso54608\lpcxpresso54608_freertos_event\libs\libpower_hardabi.a(fsl_power_lib.o)
                              ./drivers/fsl_clock.o (POWER_SetVoltageForFreq)
e:/nxpide/mcuxpressoide_11.1.0_3209/ide/plugins/com.nxp.mcuxpresso.tools.win32_11.1.0.201909161352/tools/bin/../lib/gcc/arm-none-eabi/8.3.1/../../../../arm-none-eabi/lib/thumb/v7e-m+fp/hard\libcr_semihost_nf.a(_cr__main.o)
                              ./startup/startup_lpc54608.o (__main)
e:/nxpide/mcuxpressoide_11.1.0_3209/ide/plugins/com.nxp.mcuxpresso.tools.win32_11.1.0.201909161352/tools/bin/../lib/gcc/arm-none-eabi/8.3.1/../../../../arm-none-eabi/lib/thumb/v7e-m+fp/hard\libcr_c.a(memcpy.o)
                              ./amazon-freertos/freertos_kernel/queue.o (memcpy)
e:/nxpide/mcuxpressoide_11.1.0_3209/ide/plugins/com.nxp.mcuxpresso.tools.win32_11.1.0.201909161352/tools/bin/../lib/gcc/arm-none-eabi/8.3.1/../../../../arm-none-eabi/lib/thumb/v7e-m+fp/hard\libcr_c.a(memset.o)
                              ./drivers/fsl_usart.o (memset)
e:/nxpide/mcuxpressoide_11.1.0_3209/ide/plugins/com.nxp.mcuxpresso.tools.win32_11.1.0.201909161352/tools/bin/../lib/gcc/arm-none-eabi/8.3.1/../../../../arm-none-eabi/lib/thumb/v7e-m+fp/hard\libcr_c.a(alloc.o)
                              ./drivers/fsl_common.o (malloc)
e:/nxpide/mcuxpressoide_11.1.0_3209/ide/plugins/com.nxp.mcuxpresso.tools.win32_11.1.0.201909161352/tools/bin/../lib/gcc/arm-none-eabi/8.3.1/../../../../arm-none-eabi/lib/thumb/v7e-m+fp/hard\libcr_c.a(initio.o)
                              e:/nxpide/mcuxpressoide_11.1.0_3209/ide/plugins/com.nxp.mcuxpresso.tools.win32_11.1.0.201909161352/tools/bin/../lib/gcc/arm-none-eabi/8.3.1/../../../../arm-none-eabi/lib/thumb/v7e-m+fp/hard\libcr_semihost_nf.a(_cr__main.o) (_initio)
e:/nxpide/mcuxpressoide_11.1.0_3209/ide/plugins/com.nxp.mcuxpresso.tools.win32_11.1.0.201909161352/tools/bin/../lib/gcc/arm-none-eabi/8.3.1/../../../../arm-none-eabi/lib/thumb/v7e-m+fp/hard\libcr_c.a(printf.o)
                              ./utilities/fsl_assert.o (_printf)
e:/nxpide/mcuxpressoide_11.1.0_3209/ide/plugins/com.nxp.mcuxpresso.tools.win32_11.1.0.201909161352/tools/bin/../lib/gcc/arm-none-eabi/8.3.1/../../../../arm-none-eabi/lib/thumb/v7e-m+fp/hard\libcr_c.a(setvbuf.o)
                              e:/nxpide/mcuxpressoide_11.1.0_3209/ide/plugins/com.nxp.mcuxpresso.tools.win32_11.1.0.201909161352/tools/bin/../lib/gcc/arm-none-eabi/8.3.1/../../../../arm-none-eabi/lib/thumb/v7e-m+fp/hard\libcr_c.a(initio.o) (setvbuf)
e:/nxpide/mcuxpressoide_11.1.0_3209/ide/plugins/com.nxp.mcuxpresso.tools.win32_11.1.0.201909161352/tools/bin/../lib/gcc/arm-none-eabi/8.3.1/../../../../arm-none-eabi/lib/thumb/v7e-m+fp/hard\libcr_c.a(strlen.o)
                              ./utilities/fsl_str.o (strlen)
e:/nxpide/mcuxpressoide_11.1.0_3209/ide/plugins/com.nxp.mcuxpresso.tools.win32_11.1.0.201909161352/tools/bin/../lib/gcc/arm-none-eabi/8.3.1/../../../../arm-none-eabi/lib/thumb/v7e-m+fp/hard\libcr_c.a(__init_alloc.o)
                              e:/nxpide/mcuxpressoide_11.1.0_3209/ide/plugins/com.nxp.mcuxpresso.tools.win32_11.1.0.201909161352/tools/bin/../lib/gcc/arm-none-eabi/8.3.1/../../../../arm-none-eabi/lib/thumb/v7e-m+fp/hard\libcr_c.a(alloc.o) (__heaps)
e:/nxpide/mcuxpressoide_11.1.0_3209/ide/plugins/com.nxp.mcuxpresso.tools.win32_11.1.0.201909161352/tools/bin/../lib/gcc/arm-none-eabi/8.3.1/../../../../arm-none-eabi/lib/thumb/v7e-m+fp/hard\libcr_c.a(_cr_sbrk.o)
                              e:/nxpide/mcuxpressoide_11.1.0_3209/ide/plugins/com.nxp.mcuxpresso.tools.win32_11.1.0.201909161352/tools/bin/../lib/gcc/arm-none-eabi/8.3.1/../../../../arm-none-eabi/lib/thumb/v7e-m+fp/hard\libcr_c.a(alloc.o) (_sbrk)
e:/nxpide/mcuxpressoide_11.1.0_3209/ide/plugins/com.nxp.mcuxpresso.tools.win32_11.1.0.201909161352/tools/bin/../lib/gcc/arm-none-eabi/8.3.1/../../../../arm-none-eabi/lib/thumb/v7e-m+fp/hard\libcr_c.a(_deferredlazyseek.o)
                              e:/nxpide/mcuxpressoide_11.1.0_3209/ide/plugins/com.nxp.mcuxpresso.tools.win32_11.1.0.201909161352/tools/bin/../lib/gcc/arm-none-eabi/8.3.1/../../../../arm-none-eabi/lib/thumb/v7e-m+fp/hard\libcr_c.a(printf.o) (__flsbuf)
e:/nxpide/mcuxpressoide_11.1.0_3209/ide/plugins/com.nxp.mcuxpresso.tools.win32_11.1.0.201909161352/tools/bin/../lib/gcc/arm-none-eabi/8.3.1/../../../../arm-none-eabi/lib/thumb/v7e-m+fp/hard\libcr_c.a(_fdopen.o)
                              e:/nxpide/mcuxpressoide_11.1.0_3209/ide/plugins/com.nxp.mcuxpresso.tools.win32_11.1.0.201909161352/tools/bin/../lib/gcc/arm-none-eabi/8.3.1/../../../../arm-none-eabi/lib/thumb/v7e-m+fp/hard\libcr_c.a(initio.o) (_fdopen)
e:/nxpide/mcuxpressoide_11.1.0_3209/ide/plugins/com.nxp.mcuxpresso.tools.win32_11.1.0.201909161352/tools/bin/../lib/gcc/arm-none-eabi/8.3.1/../../../../arm-none-eabi/lib/thumb/v7e-m+fp/hard\libcr_c.a(_fflush.o)
[...]
Memory Configuration

Name             Origin             Length             Attributes
PROGRAM_FLASH    0x00000000         0x00080000         xr
BOARD_FLASH      0x10000000         0x01000000         xr
SRAM_UPPER       0x20000000         0x00028000         xrw
SRAMX            0x04000000         0x00008000         xrw
USB_RAM          0x40100000         0x00002000         xrw
BOARD_SDRAM      0xa0000000         0x01000000         xrw
*default*        0x00000000         0xffffffff

Linker script and memory map

LOAD ./utilities/fsl_assert.o
LOAD ./utilities/fsl_debug_console.o
LOAD ./utilities/fsl_str.o
LOAD ./startup/startup_lpc54608.o
LOAD ./source/freertos_event.o
LOAD ./source/semihost_hardfault.o
LOAD ./drivers/fsl_clock.o
LOAD ./drivers/fsl_common.o
LOAD ./drivers/fsl_emc.o
LOAD ./drivers/fsl_flexcomm.o
LOAD ./drivers/fsl_gint.o
LOAD ./drivers/fsl_gpio.o
LOAD ./drivers/fsl_inputmux.o
LOAD ./drivers/fsl_pint.o
LOAD ./drivers/fsl_power.o
LOAD ./drivers/fsl_reset.o
LOAD ./drivers/fsl_usart.o
LOAD ./device/system_LPC54608.o
LOAD ./component/uart/usart_adapter.o
LOAD ./component/serial_manager/serial_manager.o
LOAD ./component/serial_manager/serial_port_uart.o
LOAD ./component/lists/generic_list.o
LOAD ./board/board.o
LOAD ./board/clock_config.o
LOAD ./board/pin_mux.o
LOAD ./amazon-freertos/freertos_kernel/portable/MemMang/heap_4.o
LOAD ./amazon-freertos/freertos_kernel/portable/GCC/ARM_CM4F/port.o
LOAD ./amazon-freertos/freertos_kernel/event_groups.o
LOAD ./amazon-freertos/freertos_kernel/list.o
LOAD ./amazon-freertos/freertos_kernel/queue.o
LOAD ./amazon-freertos/freertos_kernel/stream_buffer.o
LOAD ./amazon-freertos/freertos_kernel/tasks.o
LOAD ./amazon-freertos/freertos_kernel/timers.o
LOAD D:\Gitspace\lpcxpresso54608\lpcxpresso54608_freertos_event\libs\libpower_hardabi.a
START GROUP
LOAD e:/nxpide/mcuxpressoide_11.1.0_3209/ide/plugins/com.nxp.mcuxpresso.tools.win32_11.1.0.201909161352/tools/bin/../lib/gcc/arm-none-eabi/8.3.1/../../../../arm-none-eabi/lib/thumb/v7e-m+fp/hard\libcr_semihost_nf.a
LOAD e:/nxpide/mcuxpressoide_11.1.0_3209/ide/plugins/com.nxp.mcuxpresso.tools.win32_11.1.0.201909161352/tools/bin/../lib/gcc/arm-none-eabi/8.3.1/../../../../arm-none-eabi/lib/thumb/v7e-m+fp/hard\libcr_c.a
LOAD e:/nxpide/mcuxpressoide_11.1.0_3209/ide/plugins/com.nxp.mcuxpresso.tools.win32_11.1.0.201909161352/tools/bin/../lib/gcc/arm-none-eabi/8.3.1/thumb/v7e-m+fp/hard\libcr_eabihelpers.a
LOAD e:/nxpide/mcuxpressoide_11.1.0_3209/ide/plugins/com.nxp.mcuxpresso.tools.win32_11.1.0.201909161352/tools/bin/../lib/gcc/arm-none-eabi/8.3.1/thumb/v7e-m+fp/hard\libgcc.a
END GROUP
                0x00000000                __base_PROGRAM_FLASH = 0x0
                0x00000000                __base_Flash = 0x0
                0x00080000                __top_PROGRAM_FLASH = 0x80000
                0x00080000                __top_Flash = 0x80000
                0x10000000                __base_BOARD_FLASH = 0x10000000
                0x10000000                __base_Flash2 = 0x10000000
                0x11000000                __top_BOARD_FLASH = 0x11000000
                0x11000000                __top_Flash2 = 0x11000000
                0x20000000                __base_SRAM_UPPER = 0x20000000
                0x20000000                __base_RAM = 0x20000000
                0x20028000                __top_SRAM_UPPER = 0x20028000
                0x20028000                __top_RAM = 0x20028000
                0x04000000                __base_SRAMX = 0x4000000
                0x04000000                __base_RAM2 = 0x4000000
                0x04008000                __top_SRAMX = 0x4008000
                0x04008000                __top_RAM2 = 0x4008000
                0x40100000                __base_USB_RAM = 0x40100000
                0x40100000                __base_RAM3 = 0x40100000
                0x40102000                __top_USB_RAM = 0x40102000
                0x40102000                __top_RAM3 = 0x40102000
                0xa0000000                __base_BOARD_SDRAM = 0xa0000000
                0xa0000000                __base_RAM4 = 0xa0000000
                0xa1000000                __top_BOARD_SDRAM = 0xa1000000
                0xa1000000                __top_RAM4 = 0xa1000000

.text_Flash2    0x10000000        0x0
 FILL mask 0xff
 *(SORT_BY_ALIGNMENT(.text_Flash2))
 *(SORT_BY_ALIGNMENT(.text_BOARD_FLASH))
 *(SORT_BY_ALIGNMENT(.text.$Flash2))
 *(SORT_BY_ALIGNMENT(.text.$BOARD_FLASH))
 *(SORT_BY_ALIGNMENT(.text_Flash2.*))
 *(SORT_BY_ALIGNMENT(.text_BOARD_FLASH.*))
 *(SORT_BY_ALIGNMENT(.text.$Flash2.*))
 *(SORT_BY_ALIGNMENT(.text.$BOARD_FLASH.*))
 *(SORT_BY_ALIGNMENT(.rodata.$Flash2))
 *(SORT_BY_ALIGNMENT(.rodata.$BOARD_FLASH))
 *(SORT_BY_ALIGNMENT(.rodata.$Flash2.*))
 *(SORT_BY_ALIGNMENT(.rodata.$BOARD_FLASH.*))

.text           0x00000000     0x5de4
 FILL mask 0xff
                0x00000000                __vectors_start__ = ABSOLUTE (.)
 *(SORT_BY_ALIGNMENT(.isr_vector))
 .isr_vector    0x00000000      0x124 ./startup/startup_lpc54608.o
                0x00000000                g_pfnVectors
                0x00000000                __Vectors
                0x00000124                . = ALIGN (0x4)
                0x00000124                __section_table_start = .
                0x00000124                __data_section_table = .
                0x00000124        0x4 LONG 0x5de4 LOADADDR (.data)
                0x00000128        0x4 LONG 0x20000000 ADDR (.data)
                0x0000012c        0x4 LONG 0x8 SIZEOF (.data)
                0x00000130        0x4 LONG 0x5de4 LOADADDR (.data_RAM2)
                0x00000134        0x4 LONG 0x4000000 ADDR (.data_RAM2)
                0x00000138        0x4 LONG 0x0 SIZEOF (.data_RAM2)
                0x0000013c        0x4 LONG 0x5de4 LOADADDR (.data_RAM3)
                0x00000140        0x4 LONG 0x40100000 ADDR (.data_RAM3)
                0x00000144        0x4 LONG 0x0 SIZEOF (.data_RAM3)
                0x00000148        0x4 LONG 0x5de4 LOADADDR (.data_RAM4)
                0x0000014c        0x4 LONG 0xa0000000 ADDR (.data_RAM4)
                0x00000150        0x4 LONG 0x0 SIZEOF (.data_RAM4)
                0x00000154                __data_section_table_end = .
                0x00000154                __bss_section_table = .
                0x00000154        0x4 LONG 0x20000008 ADDR (.bss)
                0x00000158        0x4 LONG 0x2ae0 SIZEOF (.bss)
                0x0000015c        0x4 LONG 0x4000000 ADDR (.bss_RAM2)
                0x00000160        0x4 LONG 0x0 SIZEOF (.bss_RAM2)
                0x00000164        0x4 LONG 0x40100000 ADDR (.bss_RAM3)
                0x00000168        0x4 LONG 0x0 SIZEOF (.bss_RAM3)
                0x0000016c        0x4 LONG 0xa0000000 ADDR (.bss_RAM4)
                0x00000170        0x4 LONG 0x0 SIZEOF (.bss_RAM4)
                0x00000174                __bss_section_table_end = .
                0x00000174                __section_table_end = .
 *(SORT_BY_ALIGNMENT(.after_vectors*))
 .after_vectors.reset
                0x00000174       0x58 ./startup/startup_lpc54608.o
                0x00000174                ResetISR
 .after_vectors.init_data
                0x000001cc       0x1e ./startup/startup_lpc54608.o
                0x000001cc                data_init
 .after_vectors.init_bss
                0x000001ea       0x12 ./startup/startup_lpc54608.o
                0x000001ea                bss_init
 .after_vectors
                0x000001fc       0x14 ./startup/startup_lpc54608.o
                0x000001fc                NMI_Handler
                0x00000200                MemManage_Handler
                0x00000202                BusFault_Handler
                0x00000204                UsageFault_Handler
                0x00000208                DebugMon_Handler
                0x0000020e                CAN0_IRQ0_DriverIRQHandler
                0x0000020e                ETHERNET_DriverIRQHandler
                0x0000020e                CTIMER2_DriverIRQHandler
                0x0000020e                SPIFI0_DriverIRQHandler
                0x0000020e                RIT_DriverIRQHandler
                0x0000020e                IntDefaultHandler
                0x0000020e                USB0_DriverIRQHandler
                0x0000020e                MRT0_DriverIRQHandler
                0x0000020e                UTICK0_DriverIRQHandler
                0x0000020e                DMIC0_DriverIRQHandler
                0x0000020e                CAN1_IRQ0_DriverIRQHandler
                0x0000020e                Reserved47_DriverIRQHandler
                0x0000020e                ADC0_THCMP_DriverIRQHandler
                0x0000020e                CTIMER4_DriverIRQHandler
                0x0000020e                CAN0_IRQ1_DriverIRQHandler
                0x0000020e                EEPROM_DriverIRQHandler
                0x0000020e                ADC0_SEQB_DriverIRQHandler
                0x0000020e                CTIMER0_DriverIRQHandler
                0x0000020e                CTIMER1_DriverIRQHandler
                0x0000020e                ETHERNET_MACLP_DriverIRQHandler
                0x0000020e                CTIMER3_DriverIRQHandler
                0x0000020e                HWVAD0_DriverIRQHandler
                0x0000020e                RTC_DriverIRQHandler
                0x0000020e                LCD_DriverIRQHandler
                0x0000020e                DMA0_DriverIRQHandler
                0x0000020e                ETHERNET_PMT_DriverIRQHandler
                0x0000020e                USB1_DriverIRQHandler
                0x0000020e                CAN1_IRQ1_DriverIRQHandler
                0x0000020e                ADC0_SEQA_DriverIRQHandler
                0x0000020e                USB1_NEEDCLK_DriverIRQHandler
                0x0000020e                SMARTCARD0_DriverIRQHandler
                0x0000020e                SDIO_DriverIRQHandler
                0x0000020e                SHA_DriverIRQHandler
                0x0000020e                SMARTCARD1_DriverIRQHandler
                0x0000020e                USB0_NEEDCLK_DriverIRQHandler
                0x0000020e                Reserved46_DriverIRQHandler
                0x0000020e                WDT_BOD_DriverIRQHandler
                0x0000020e                SCT0_DriverIRQHandler
 *(SORT_BY_ALIGNMENT(.text*))
 .text.SVC_Handler
                0x00000210       0x28 ./amazon-freertos/freertos_kernel/portable/GCC/ARM_CM4F/port.o
                0x00000210                SVC_Handler
 *fill*         0x00000238        0x8 ff
 .text.PendSV_Handler
                0x00000240       0x68 ./amazon-freertos/freertos_kernel/portable/GCC/ARM_CM4F/port.o
                0x00000240                PendSV_Handler
 .text.__assertion_failed
                0x000002a8       0x18 ./utilities/fsl_assert.o
                0x000002a8                __assertion_failed
 .text.__NVIC_SetPriority
                0x000002c0       0x54 ./source/freertos_event.o
 .text.SysTick_Config
                0x00000314       0x44 ./source/freertos_event.o
 .text.main     0x00000358       0x4c ./source/freertos_event.o
                0x00000358                main
 .text.SysTick_DelayTicks
                0x000003a4       0x28 ./source/freertos_event.o
                0x000003a4                SysTick_DelayTicks
 .text.SysTick_Handler
                0x000003cc       0x24 ./source/freertos_event.o
                0x000003cc                SysTick_Handler
 .text.TaskCreate
                0x000003f0       0x3c ./source/freertos_event.o
                0x000003f0                TaskCreate
 .text.Task1    0x0000042c       0x1c ./source/freertos_event.o
 .text.gint0_callback
                0x00000448       0x24 ./source/freertos_event.o
                0x00000448                gint0_callback
 .text.PinInt0_Callback
                0x0000046c       0x34 ./source/freertos_event.o
                0x0000046c                PinInt0_Callback
 .text.GPIOInit
                0x000004a0       0x7c ./source/freertos_event.o
                0x000004a0                GPIOInit
 .text.InterruptInit
                0x0000051c       0x78 ./source/freertos_event.o
                0x0000051c                InterruptInit
 .text.CLOCK_AttachClk
                0x00000594       0x94 ./drivers/fsl_clock.o
                0x00000594                CLOCK_AttachClk
 .text.CLOCK_SetClkDiv
                0x00000628       0x5c ./drivers/fsl_clock.o
                0x00000628                CLOCK_SetClkDiv
 .text.CLOCK_SetupFROClocking
                0x00000684       0xc4 ./drivers/fsl_clock.o
                0x00000684                CLOCK_SetupFROClocking
 .text.CLOCK_SetFLASHAccessCyclesForFreq
                0x00000748       0xb8 ./drivers/fsl_clock.o
                0x00000748                CLOCK_SetFLASHAccessCyclesForFreq
 .text.CLOCK_SetPLLFreq
                0x00000800      0x128 ./drivers/fsl_clock.o
                0x00000800                CLOCK_SetPLLFreq
 .text.SDK_DelayAtLeastUs
                0x00000928       0x90 ./drivers/fsl_common.o
                0x00000928                SDK_DelayAtLeastUs
 .text.FLEXCOMM0_DriverIRQHandler
                0x000009b8       0x3c ./drivers/fsl_flexcomm.o
                0x000009b8                FLEXCOMM0_DriverIRQHandler
 .text.FLEXCOMM1_DriverIRQHandler
                0x000009f4       0x3c ./drivers/fsl_flexcomm.o
                0x000009f4                FLEXCOMM1_DriverIRQHandler
 .text.FLEXCOMM2_DriverIRQHandler
                0x00000a30       0x3c ./drivers/fsl_flexcomm.o
                0x00000a30                FLEXCOMM2_DriverIRQHandler
 .text.FLEXCOMM3_DriverIRQHandler
                0x00000a6c       0x3c ./drivers/fsl_flexcomm.o
                0x00000a6c                FLEXCOMM3_DriverIRQHandler
 .text.FLEXCOMM4_DriverIRQHandler
                0x00000aa8       0x3c ./drivers/fsl_flexcomm.o
                0x00000aa8                FLEXCOMM4_DriverIRQHandler
 .text.FLEXCOMM5_DriverIRQHandler
                0x00000ae4       0x3c ./drivers/fsl_flexcomm.o
                0x00000ae4                FLEXCOMM5_DriverIRQHandler
 .text.FLEXCOMM6_DriverIRQHandler
                0x00000b20       0x3c ./drivers/fsl_flexcomm.o
                0x00000b20                FLEXCOMM6_DriverIRQHandler
 .text.FLEXCOMM7_DriverIRQHandler
                0x00000b5c       0x3c ./drivers/fsl_flexcomm.o
                0x00000b5c                FLEXCOMM7_DriverIRQHandler
 .text.FLEXCOMM8_DriverIRQHandler
                0x00000b98       0x3c ./drivers/fsl_flexcomm.o
                0x00000b98                FLEXCOMM8_DriverIRQHandler
 .text.FLEXCOMM9_DriverIRQHandler
                0x00000bd4       0x3c ./drivers/fsl_flexcomm.o
                0x00000bd4                FLEXCOMM9_DriverIRQHandler
 .text.__NVIC_EnableIRQ
                0x00000c10       0x3c ./drivers/fsl_gint.o
 .text.__NVIC_ClearPendingIRQ
                0x00000c4c       0x3c ./drivers/fsl_gint.o
 .text.CLOCK_EnableClock
                0x00000c88       0x54 ./drivers/fsl_gint.o
 .text.GINT_GetInstance
                0x00000cdc       0x4c ./drivers/fsl_gint.o
 .text.GINT_Init
                0x00000d28       0x4c ./drivers/fsl_gint.o
                0x00000d28                GINT_Init
 .text.GINT_SetCtrl
                0x00000d74       0x48 ./drivers/fsl_gint.o
                0x00000d74                GINT_SetCtrl
 .text.GINT_EnableCallback
                0x00000dbc       0x44 ./drivers/fsl_gint.o
                0x00000dbc                GINT_EnableCallback
 .text.GINT0_DriverIRQHandler
                0x00000e00       0x30 ./drivers/fsl_gint.o
                0x00000e00                GINT0_DriverIRQHandler
 .text.GINT1_DriverIRQHandler
                0x00000e30       0x30 ./drivers/fsl_gint.o
                0x00000e30                GINT1_DriverIRQHandler
 .text.CLOCK_EnableClock
                0x00000e60       0x54 ./drivers/fsl_gpio.o
 .text.GPIO_PortInit
                0x00000eb4       0x48 ./drivers/fsl_gpio.o
                0x00000eb4                GPIO_PortInit
 .text.CLOCK_EnableClock
                0x00000efc       0x54 ./drivers/fsl_inputmux.o
 .text.CLOCK_DisableClock
                0x00000f50       0x54 ./drivers/fsl_inputmux.o
 .text.__NVIC_EnableIRQ
                0x00000fa4       0x3c ./drivers/fsl_pint.o
 .text.__NVIC_ClearPendingIRQ
                0x00000fe0       0x3c ./drivers/fsl_pint.o
 .text.CLOCK_EnableClock
                0x0000101c       0x54 ./drivers/fsl_pint.o
 .text.PINT_Init
                0x00001070       0x98 ./drivers/fsl_pint.o
                0x00001070                PINT_Init
 .text.PINT_PinInterruptConfig
                0x00001108       0xb8 ./drivers/fsl_pint.o
                0x00001108                PINT_PinInterruptConfig
 .text.PINT_EnableCallbackByIndex
                0x000011c0       0x4c ./drivers/fsl_pint.o
                0x000011c0                PINT_EnableCallbackByIndex
 .text.PIN_INT0_DriverIRQHandler
                0x0000120c       0x4c ./drivers/fsl_pint.o
                0x0000120c                PIN_INT0_DriverIRQHandler
 .text.PIN_INT1_DriverIRQHandler
                0x00001258       0x4c ./drivers/fsl_pint.o
                0x00001258                PIN_INT1_DriverIRQHandler
 .text.PIN_INT2_DriverIRQHandler
                0x000012a4       0x4c ./drivers/fsl_pint.o
                0x000012a4                PIN_INT2_DriverIRQHandler
 .text.PIN_INT3_DriverIRQHandler
                0x000012f0       0x4c ./drivers/fsl_pint.o
                0x000012f0                PIN_INT3_DriverIRQHandler
 .text.PIN_INT4_DriverIRQHandler
                0x0000133c       0x4c ./drivers/fsl_pint.o
                0x0000133c                PIN_INT4_DriverIRQHandler
 .text.PIN_INT5_DriverIRQHandler
                0x00001388       0x4c ./drivers/fsl_pint.o
                0x00001388                PIN_INT5_DriverIRQHandler
 .text.PIN_INT6_DriverIRQHandler
                0x000013d4       0x4c ./drivers/fsl_pint.o
                0x000013d4                PIN_INT6_DriverIRQHandler
 .text.PIN_INT7_DriverIRQHandler
                0x00001420       0x4c ./drivers/fsl_pint.o
                0x00001420                PIN_INT7_DriverIRQHandler
 .text.RESET_SetPeripheralReset
                0x0000146c       0x7c ./drivers/fsl_reset.o
                0x0000146c                RESET_SetPeripheralReset
 .text.RESET_ClearPeripheralReset
                0x000014e8       0x80 ./drivers/fsl_reset.o
                0x000014e8                RESET_ClearPeripheralReset
 .text.SystemInit
                0x00001568       0x40 ./device/system_LPC54608.o
                0x00001568                SystemInit
 .text.BOARD_BootClockPLL180M
                0x000015a8       0xe4 ./board/clock_config.o
                0x000015a8                BOARD_BootClockPLL180M
 .text.CLOCK_EnableClock
                0x0000168c       0x54 ./board/pin_mux.o
 .text.BOARD_InitPins
                0x000016e0       0x84 ./board/pin_mux.o
                0x000016e0                BOARD_InitPins
 .text.pvPortMalloc
                0x00001764      0x184 ./amazon-freertos/freertos_kernel/portable/MemMang/heap_4.o
                0x00001764                pvPortMalloc
 .text.vPortFree
                0x000018e8       0xb0 ./amazon-freertos/freertos_kernel/portable/MemMang/heap_4.o
                0x000018e8                vPortFree
 .text.prvHeapInit
                0x00001998       0xc4 ./amazon-freertos/freertos_kernel/portable/MemMang/heap_4.o
 .text.prvInsertBlockIntoFreeList
                0x00001a5c       0xb4 ./amazon-freertos/freertos_kernel/portable/MemMang/heap_4.o
 .text.pxPortInitialiseStack
                0x00001b10       0x68 ./amazon-freertos/freertos_kernel/portable/GCC/ARM_CM4F/port.o
                0x00001b10                pxPortInitialiseStack
 .text.prvTaskExitError
                0x00001b78       0x54 ./amazon-freertos/freertos_kernel/portable/GCC/ARM_CM4F/port.o
 .text.prvPortStartFirstTask
                0x00001bcc       0x28 ./amazon-freertos/freertos_kernel/portable/GCC/ARM_CM4F/port.o
 .text.xPortStartScheduler
                0x00001bf4      0x13c ./amazon-freertos/freertos_kernel/portable/GCC/ARM_CM4F/port.o
                0x00001bf4                xPortStartScheduler
 .text.vPortEnterCritical
                0x00001d30       0x5c ./amazon-freertos/freertos_kernel/portable/GCC/ARM_CM4F/port.o
                0x00001d30                vPortEnterCritical
 .text.vPortExitCritical
                0x00001d8c       0x50 ./amazon-freertos/freertos_kernel/portable/GCC/ARM_CM4F/port.o
                0x00001d8c                vPortExitCritical
 .text.vPortSetupTimerInterrupt
                0x00001ddc       0x48 ./amazon-freertos/freertos_kernel/portable/GCC/ARM_CM4F/port.o
                0x00001ddc                vPortSetupTimerInterrupt
 .text.vPortEnableVFP
                0x00001e24       0x14 ./amazon-freertos/freertos_kernel/portable/GCC/ARM_CM4F/port.o
 .text.vPortValidateInterruptPriority
                0x00001e38       0x7c ./amazon-freertos/freertos_kernel/portable/GCC/ARM_CM4F/port.o
                0x00001e38                vPortValidateInterruptPriority
 .text.xQueueGenericReset
                0x00001eb4       0xd0 ./amazon-freertos/freertos_kernel/queue.o
                0x00001eb4                xQueueGenericReset
 .text.xQueueGenericSend
                0x00001f84      0x1f4 ./amazon-freertos/freertos_kernel/queue.o
                0x00001f84                xQueueGenericSend
 .text.xQueueReceive
                0x00002178      0x1b8 ./amazon-freertos/freertos_kernel/queue.o
                0x00002178                xQueueReceive
 .text.vQueueAddToRegistry
                0x00002330       0x50 ./amazon-freertos/freertos_kernel/queue.o
                0x00002330                vQueueAddToRegistry
 .text.prvAddNewTaskToReadyList
                0x00002380       0xdc ./amazon-freertos/freertos_kernel/tasks.o
 .text.vTaskStartScheduler
                0x0000245c       0x98 ./amazon-freertos/freertos_kernel/tasks.o
                0x0000245c                vTaskStartScheduler
 .text.vTaskSuspendAll
                0x000024f4       0x1c ./amazon-freertos/freertos_kernel/tasks.o
                0x000024f4                vTaskSuspendAll
 .text.xTaskResumeAll
                0x00002510      0x138 ./amazon-freertos/freertos_kernel/tasks.o
                0x00002510                xTaskResumeAll
 .text.xTaskGetTickCount
                0x00002648       0x20 ./amazon-freertos/freertos_kernel/tasks.o
                0x00002648                xTaskGetTickCount
 .text.xTaskIncrementTick
                0x00002668      0x150 ./amazon-freertos/freertos_kernel/tasks.o
                0x00002668                xTaskIncrementTick
 .text.vTaskSwitchContext
                0x000027b8       0xb4 ./amazon-freertos/freertos_kernel/tasks.o
                0x000027b8                vTaskSwitchContext
 .text.vTaskPlaceOnEventList
                0x0000286c       0x48 ./amazon-freertos/freertos_kernel/tasks.o
                0x0000286c                vTaskPlaceOnEventList
 .text.vTaskPlaceOnEventListRestricted
                0x000028b4       0x54 ./amazon-freertos/freertos_kernel/tasks.o
                0x000028b4                vTaskPlaceOnEventListRestricted
 .text.xTaskRemoveFromEventList
                0x00002908       0xc4 ./amazon-freertos/freertos_kernel/tasks.o
                0x00002908                xTaskRemoveFromEventList
 .text.vTaskInternalSetTimeOutState
                0x000029cc       0x2c ./amazon-freertos/freertos_kernel/tasks.o
                0x000029cc                vTaskInternalSetTimeOutState
 .text.xTaskCheckForTimeOut
                0x000029f8       0xc0 ./amazon-freertos/freertos_kernel/tasks.o
                0x000029f8                xTaskCheckForTimeOut
 .text.vTaskMissedYield
                0x00002ab8       0x18 ./amazon-freertos/freertos_kernel/tasks.o
                0x00002ab8                vTaskMissedYield
 .text.prvIdleTask
                0x00002ad0       0x30 ./amazon-freertos/freertos_kernel/tasks.o
 .text.prvInitialiseTaskLists
                0x00002b00       0x80 ./amazon-freertos/freertos_kernel/tasks.o
 .text.prvCheckTasksWaitingTermination
                0x00002b80       0x58 ./amazon-freertos/freertos_kernel/tasks.o
 .text.prvResetNextTaskUnblockTime
                0x00002bd8       0x40 ./amazon-freertos/freertos_kernel/tasks.o
 .text.xTaskGetSchedulerState
                0x00002c18       0x3c ./amazon-freertos/freertos_kernel/tasks.o
                0x00002c18                xTaskGetSchedulerState
 .text.xTaskPriorityDisinherit
                0x00002c54      0x108 ./amazon-freertos/freertos_kernel/tasks.o
                0x00002c54                xTaskPriorityDisinherit
 .text.prvAddCurrentTaskToDelayedList
                0x00002d5c       0xcc ./amazon-freertos/freertos_kernel/tasks.o
 .text.xTimerCreateTimerTask
                0x00002e28       0x60 ./amazon-freertos/freertos_kernel/timers.o
                0x00002e28                xTimerCreateTimerTask
 .text.xTimerGenericCommand
                0x00002e88       0x98 ./amazon-freertos/freertos_kernel/timers.o
                0x00002e88                xTimerGenericCommand
 .text.prvProcessExpiredTimer
                0x00002f20       0x98 ./amazon-freertos/freertos_kernel/timers.o
 .text.prvProcessTimerOrBlockTask
                0x00002fb8       0x9c ./amazon-freertos/freertos_kernel/timers.o
 .text.prvGetNextExpireTime
                0x00003054       0x48 ./amazon-freertos/freertos_kernel/timers.o
 .text.prvSampleTimeNow
                0x0000309c       0x40 ./amazon-freertos/freertos_kernel/timers.o
 .text.prvInsertTimerInActiveList
                0x000030dc       0x84 ./amazon-freertos/freertos_kernel/timers.o
 .text.prvProcessReceivedCommands
                0x00003160      0x1b8 ./amazon-freertos/freertos_kernel/timers.o
 .text.prvSwitchTimerLists
                0x00003318       0xc8 ./amazon-freertos/freertos_kernel/timers.o
 .text.prvCheckForValidListAndQueue
                0x000033e0       0x6c ./amazon-freertos/freertos_kernel/timers.o
 .text.POWER_SetVoltageForFreq
                0x0000344c       0x44 D:\Gitspace\lpcxpresso54608\lpcxpresso54608_freertos_event\libs\libpower_hardabi.a(fsl_power_lib.o)
                0x0000344c                POWER_SetVoltageForFreq
 .text.POWER_SetPLL
                0x00003490       0x1c D:\Gitspace\lpcxpresso54608\lpcxpresso54608_freertos_event\libs\libpower_hardabi.a(fsl_power_lib.o)
                0x00003490                POWER_SetPLL
 .text.malloc   0x000034ac       0xc8 e:/nxpide/mcuxpressoide_11.1.0_3209/ide/plugins/com.nxp.mcuxpresso.tools.win32_11.1.0.201909161352/tools/bin/../lib/gcc/arm-none-eabi/8.3.1/../../../../arm-none-eabi/lib/thumb/v7e-m+fp/hard\libcr_c.a(alloc.o)
                0x000034ac                malloc
 .text._Csys_alloc
                0x00003574       0x20 e:/nxpide/mcuxpressoide_11.1.0_3209/ide/plugins/com.nxp.mcuxpresso.tools.win32_11.1.0.201909161352/tools/bin/../lib/gcc/arm-none-eabi/8.3.1/../../../../arm-none-eabi/lib/thumb/v7e-m+fp/hard\libcr_c.a(alloc.o)
                0x00003574                _Csys_alloc
 .text._initio  0x00003594       0x78 e:/nxpide/mcuxpressoide_11.1.0_3209/ide/plugins/com.nxp.mcuxpresso.tools.win32_11.1.0.201909161352/tools/bin/../lib/gcc/arm-none-eabi/8.3.1/../../../../arm-none-eabi/lib/thumb/v7e-m+fp/hard\libcr_c.a(initio.o)
                0x00003594                _initio
 .text.__vfprintf
                0x0000360c      0xbe0 e:/nxpide/mcuxpressoide_11.1.0_3209/ide/plugins/com.nxp.mcuxpresso.tools.win32_11.1.0.201909161352/tools/bin/../lib/gcc/arm-none-eabi/8.3.1/../../../../arm-none-eabi/lib/thumb/v7e-m+fp/hard\libcr_c.a(printf.o)
                0x0000360c                __vfprintf
 .text._vsnprintf
                0x000041ec       0x68 e:/nxpide/mcuxpressoide_11.1.0_3209/ide/plugins/com.nxp.mcuxpresso.tools.win32_11.1.0.201909161352/tools/bin/../lib/gcc/arm-none-eabi/8.3.1/../../../../arm-none-eabi/lib/thumb/v7e-m+fp/hard\libcr_c.a(printf.o)
                0x000041ec                _vsnprintf
 .text._printf  0x00004254       0x54 e:/nxpide/mcuxpressoide_11.1.0_3209/ide/plugins/com.nxp.mcuxpresso.tools.win32_11.1.0.201909161352/tools/bin/../lib/gcc/arm-none-eabi/8.3.1/../../../../arm-none-eabi/lib/thumb/v7e-m+fp/hard\libcr_c.a(printf.o)
                0x00004254                _printf
 .text.setvbuf  0x000042a8       0x40 e:/nxpide/mcuxpressoide_11.1.0_3209/ide/plugins/com.nxp.mcuxpresso.tools.win32_11.1.0.201909161352/tools/bin/../lib/gcc/arm-none-eabi/8.3.1/../../../../arm-none-eabi/lib/thumb/v7e-m+fp/hard\libcr_c.a(setvbuf.o)
                0x000042a8                setvbuf
 .text._sbrk    0x000042e8       0x3c e:/nxpide/mcuxpressoide_11.1.0_3209/ide/plugins/com.nxp.mcuxpresso.tools.win32_11.1.0.201909161352/tools/bin/../lib/gcc/arm-none-eabi/8.3.1/../../../../arm-none-eabi/lib/thumb/v7e-m+fp/hard\libcr_c.a(_cr_sbrk.o)
                0x000042e8                _sbrk
 .text._Cwritebuf
                0x00004324       0x6c e:/nxpide/mcuxpressoide_11.1.0_3209/ide/plugins/com.nxp.mcuxpresso.tools.win32_11.1.0.201909161352/tools/bin/../lib/gcc/arm-none-eabi/8.3.1/../../../../arm-none-eabi/lib/thumb/v7e-m+fp/hard\libcr_c.a(_writebuf.o)
                0x00004324                _Cwritebuf
 .text.fflush   0x00004390       0x44 e:/nxpide/mcuxpressoide_11.1.0_3209/ide/plugins/com.nxp.mcuxpresso.tools.win32_11.1.0.201909161352/tools/bin/../lib/gcc/arm-none-eabi/8.3.1/../../../../arm-none-eabi/lib/thumb/v7e-m+fp/hard\libcr_c.a(fflush.o)
                0x00004390                fflush
 .text.fseek    0x000043d4      0x100 e:/nxpide/mcuxpressoide_11.1.0_3209/ide/plugins/com.nxp.mcuxpresso.tools.win32_11.1.0.201909161352/tools/bin/../lib/gcc/arm-none-eabi/8.3.1/../../../../arm-none-eabi/lib/thumb/v7e-m+fp/hard\libcr_c.a(fseek.o)
                0x000043d4                fseek
 .text.ftell    0x000044d4       0x48 e:/nxpide/mcuxpressoide_11.1.0_3209/ide/plugins/com.nxp.mcuxpresso.tools.win32_11.1.0.201909161352/tools/bin/../lib/gcc/arm-none-eabi/8.3.1/../../../../arm-none-eabi/lib/thumb/v7e-m+fp/hard\libcr_c.a(ftell.o)
                0x000044d4                ftell
 .text.__check_heap_overflow
                0x0000451c       0x18 e:/nxpide/mcuxpressoide_11.1.0_3209/ide/plugins/com.nxp.mcuxpresso.tools.win32_11.1.0.201909161352/tools/bin/../lib/gcc/arm-none-eabi/8.3.1/../../../../arm-none-eabi/lib/thumb/v7e-m+fp/hard\libcr_c.a(_cr_check_heap.o)
                0x0000451c                __check_heap_overflow
 .text.__sys_appexit
                0x00004534        0xc e:/nxpide/mcuxpressoide_11.1.0_3209/ide/plugins/com.nxp.mcuxpresso.tools.win32_11.1.0.201909161352/tools/bin/../lib/gcc/arm-none-eabi/8.3.1/../../../../arm-none-eabi/lib/thumb/v7e-m+fp/hard\libcr_semihost_nf.a(__sys_appexit.o)
                0x00004534                __sys_appexit
                0x00004534                __exit
 .text.WDT_BOD_IRQHandler
                0x00004540        0x8 ./startup/startup_lpc54608.o
                0x00004540                WDT_BOD_IRQHandler
 .text.DMA0_IRQHandler
                0x00004548        0x8 ./startup/startup_lpc54608.o
                0x00004548                DMA0_IRQHandler
 .text.GINT0_IRQHandler
                0x00004550        0x8 ./startup/startup_lpc54608.o
                0x00004550                GINT0_IRQHandler
 .text.GINT1_IRQHandler
                0x00004558        0x8 ./startup/startup_lpc54608.o
                0x00004558                GINT1_IRQHandler
 .text.PIN_INT0_IRQHandler
                0x00004560        0x8 ./startup/startup_lpc54608.o
                0x00004560                PIN_INT0_IRQHandler
 .text.PIN_INT1_IRQHandler
                0x00004568        0x8 ./startup/startup_lpc54608.o
                0x00004568                PIN_INT1_IRQHandler
 .text.PIN_INT2_IRQHandler
                0x00004570        0x8 ./startup/startup_lpc54608.o
                0x00004570                PIN_INT2_IRQHandler
 .text.PIN_INT3_IRQHandler
                0x00004578        0x8 ./startup/startup_lpc54608.o
                0x00004578                PIN_INT3_IRQHandler
 .text.UTICK0_IRQHandler
                0x00004580        0x8 ./startup/startup_lpc54608.o
                0x00004580                UTICK0_IRQHandler
 .text.MRT0_IRQHandler
                0x00004588        0x8 ./startup/startup_lpc54608.o
                0x00004588                MRT0_IRQHandler
 .text.CTIMER0_IRQHandler
                0x00004590        0x8 ./startup/startup_lpc54608.o
                0x00004590                CTIMER0_IRQHandler
 .text.CTIMER1_IRQHandler
                0x00004598        0x8 ./startup/startup_lpc54608.o
                0x00004598                CTIMER1_IRQHandler
 .text.SCT0_IRQHandler
                0x000045a0        0x8 ./startup/startup_lpc54608.o
                0x000045a0                SCT0_IRQHandler
 .text.CTIMER3_IRQHandler
                0x000045a8        0x8 ./startup/startup_lpc54608.o
                0x000045a8                CTIMER3_IRQHandler
 .text.FLEXCOMM0_IRQHandler
                0x000045b0        0x8 ./startup/startup_lpc54608.o
                0x000045b0                FLEXCOMM0_IRQHandler
 .text.FLEXCOMM1_IRQHandler
                0x000045b8        0x8 ./startup/startup_lpc54608.o
                0x000045b8                FLEXCOMM1_IRQHandler
 .text.FLEXCOMM2_IRQHandler
                0x000045c0        0x8 ./startup/startup_lpc54608.o
                0x000045c0                FLEXCOMM2_IRQHandler
 .text.FLEXCOMM3_IRQHandler
                0x000045c8        0x8 ./startup/startup_lpc54608.o
                0x000045c8                FLEXCOMM3_IRQHandler
 .text.FLEXCOMM4_IRQHandler
                0x000045d0        0x8 ./startup/startup_lpc54608.o
                0x000045d0                FLEXCOMM4_IRQHandler
 .text.FLEXCOMM5_IRQHandler
                0x000045d8        0x8 ./startup/startup_lpc54608.o
                0x000045d8                FLEXCOMM5_IRQHandler
 .text.FLEXCOMM6_IRQHandler
                0x000045e0        0x8 ./startup/startup_lpc54608.o
                0x000045e0                FLEXCOMM6_IRQHandler
 .text.FLEXCOMM7_IRQHandler
                0x000045e8        0x8 ./startup/startup_lpc54608.o
                0x000045e8                FLEXCOMM7_IRQHandler
 .text.ADC0_SEQA_IRQHandler
                0x000045f0        0x8 ./startup/startup_lpc54608.o
                0x000045f0                ADC0_SEQA_IRQHandler
 .text.ADC0_SEQB_IRQHandler
                0x000045f8        0x8 ./startup/startup_lpc54608.o
                0x000045f8                ADC0_SEQB_IRQHandler
 .text.ADC0_THCMP_IRQHandler
                0x00004600        0x8 ./startup/startup_lpc54608.o
                0x00004600                ADC0_THCMP_IRQHandler
 .text.DMIC0_IRQHandler
                0x00004608        0x8 ./startup/startup_lpc54608.o
                0x00004608                DMIC0_IRQHandler
 .text.HWVAD0_IRQHandler
                0x00004610        0x8 ./startup/startup_lpc54608.o
                0x00004610                HWVAD0_IRQHandler
 .text.USB0_NEEDCLK_IRQHandler
                0x00004618        0x8 ./startup/startup_lpc54608.o
                0x00004618                USB0_NEEDCLK_IRQHandler
 .text.USB0_IRQHandler
                0x00004620        0x8 ./startup/startup_lpc54608.o
                0x00004620                USB0_IRQHandler
 .text.RTC_IRQHandler
                0x00004628        0x8 ./startup/startup_lpc54608.o
                0x00004628                RTC_IRQHandler
 .text.Reserved46_IRQHandler
                0x00004630        0x8 ./startup/startup_lpc54608.o
                0x00004630                Reserved46_IRQHandler
 .text.Reserved47_IRQHandler
                0x00004638        0x8 ./startup/startup_lpc54608.o
                0x00004638                Reserved47_IRQHandler
 .text.PIN_INT4_IRQHandler
                0x00004640        0x8 ./startup/startup_lpc54608.o
                0x00004640                PIN_INT4_IRQHandler
 .text.PIN_INT5_IRQHandler
                0x00004648        0x8 ./startup/startup_lpc54608.o
                0x00004648                PIN_INT5_IRQHandler
 .text.PIN_INT6_IRQHandler
                0x00004650        0x8 ./startup/startup_lpc54608.o
                0x00004650                PIN_INT6_IRQHandler
 .text.PIN_INT7_IRQHandler
                0x00004658        0x8 ./startup/startup_lpc54608.o
                0x00004658                PIN_INT7_IRQHandler
 .text.CTIMER2_IRQHandler
                0x00004660        0x8 ./startup/startup_lpc54608.o
                0x00004660                CTIMER2_IRQHandler
 .text.CTIMER4_IRQHandler
                0x00004668        0x8 ./startup/startup_lpc54608.o
                0x00004668                CTIMER4_IRQHandler
 .text.RIT_IRQHandler
                0x00004670        0x8 ./startup/startup_lpc54608.o
                0x00004670                RIT_IRQHandler
 .text.SPIFI0_IRQHandler
                0x00004678        0x8 ./startup/startup_lpc54608.o
                0x00004678                SPIFI0_IRQHandler
 .text.FLEXCOMM8_IRQHandler
                0x00004680        0x8 ./startup/startup_lpc54608.o
                0x00004680                FLEXCOMM8_IRQHandler
 .text.FLEXCOMM9_IRQHandler
                0x00004688        0x8 ./startup/startup_lpc54608.o
                0x00004688                FLEXCOMM9_IRQHandler
 .text.SDIO_IRQHandler
                0x00004690        0x8 ./startup/startup_lpc54608.o
                0x00004690                SDIO_IRQHandler
 .text.CAN0_IRQ0_IRQHandler
                0x00004698        0x8 ./startup/startup_lpc54608.o
                0x00004698                CAN0_IRQ0_IRQHandler
 .text.CAN0_IRQ1_IRQHandler
                0x000046a0        0x8 ./startup/startup_lpc54608.o
                0x000046a0                CAN0_IRQ1_IRQHandler
 .text.CAN1_IRQ0_IRQHandler
                0x000046a8        0x8 ./startup/startup_lpc54608.o
                0x000046a8                CAN1_IRQ0_IRQHandler
 .text.CAN1_IRQ1_IRQHandler
                0x000046b0        0x8 ./startup/startup_lpc54608.o
                0x000046b0                CAN1_IRQ1_IRQHandler
 .text.USB1_IRQHandler
                0x000046b8        0x8 ./startup/startup_lpc54608.o
                0x000046b8                USB1_IRQHandler
 .text.USB1_NEEDCLK_IRQHandler
                0x000046c0        0x8 ./startup/startup_lpc54608.o
                0x000046c0                USB1_NEEDCLK_IRQHandler
 .text.ETHERNET_IRQHandler
                0x000046c8        0x8 ./startup/startup_lpc54608.o
                0x000046c8                ETHERNET_IRQHandler
 .text.ETHERNET_PMT_IRQHandler
                0x000046d0        0x8 ./startup/startup_lpc54608.o
                0x000046d0                ETHERNET_PMT_IRQHandler
 .text.ETHERNET_MACLP_IRQHandler
                0x000046d8        0x8 ./startup/startup_lpc54608.o
                0x000046d8                ETHERNET_MACLP_IRQHandler
 .text.EEPROM_IRQHandler
                0x000046e0        0x8 ./startup/startup_lpc54608.o
                0x000046e0                EEPROM_IRQHandler
 .text.LCD_IRQHandler
                0x000046e8        0x8 ./startup/startup_lpc54608.o
                0x000046e8                LCD_IRQHandler
 .text.SHA_IRQHandler
                0x000046f0        0x8 ./startup/startup_lpc54608.o
                0x000046f0                SHA_IRQHandler
 .text.SMARTCARD0_IRQHandler
                0x000046f8        0x8 ./startup/startup_lpc54608.o
                0x000046f8                SMARTCARD0_IRQHandler
 .text.SMARTCARD1_IRQHandler
                0x00004700        0x8 ./startup/startup_lpc54608.o
                0x00004700                SMARTCARD1_IRQHandler
 .text.GPIO_PinWrite
                0x00004708       0x2a ./source/freertos_event.o
 .text.GPIO_PortToggle
                0x00004732       0x26 ./source/freertos_event.o
 .text.HardFault_Handler
                0x00004758       0x2c ./source/semihost_hardfault.o
                0x00004758                HardFault_Handler
 .text.CLOCK_SetFLASHAccessCycles
                0x00004784       0x34 ./drivers/fsl_clock.o
 .text.CLOCK_IsSystemPLLLocked
                0x000047b8       0x24 ./drivers/fsl_clock.o
 .text.CLOCK_Enable_SysOsc
                0x000047dc       0x5c ./drivers/fsl_clock.o
 .text.POWER_EnablePD
                0x00004838       0x2e ./drivers/fsl_clock.o
 .text.POWER_DisablePD
                0x00004866       0x2e ./drivers/fsl_clock.o
 .text.DelayLoop
                0x00004894       0x20 ./drivers/fsl_common.o
 .text.EnableIRQ
                0x000048b4       0x2c ./drivers/fsl_gint.o
 .text.GINT_ClrStatus
                0x000048e0       0x20 ./drivers/fsl_gint.o
 .text.GINT_ConfigPins
                0x00004900       0x34 ./drivers/fsl_gint.o
                0x00004900                GINT_ConfigPins
 .text.GPIO_PinInit
                0x00004934       0xa0 ./drivers/fsl_gpio.o
                0x00004934                GPIO_PinInit
 .text.INPUTMUX_Init
                0x000049d4       0x16 ./drivers/fsl_inputmux.o
                0x000049d4                INPUTMUX_Init
 .text.INPUTMUX_AttachSignal
                0x000049ea       0x38 ./drivers/fsl_inputmux.o
                0x000049ea                INPUTMUX_AttachSignal
 .text.INPUTMUX_Deinit
                0x00004a22       0x16 ./drivers/fsl_inputmux.o
                0x00004a22                INPUTMUX_Deinit
 .text.EnableIRQ
                0x00004a38       0x2c ./drivers/fsl_pint.o
 .text.PINT_PinInterruptClrFallFlag
                0x00004a64       0x22 ./drivers/fsl_pint.o
 .text.PINT_PinInterruptClrRiseFlag
                0x00004a86       0x22 ./drivers/fsl_pint.o
 .text.PINT_PatternMatchResetDetectLogic
                0x00004aa8       0x34 ./drivers/fsl_pint.o
                0x00004aa8                PINT_PatternMatchResetDetectLogic
 .text.PINT_PinInterruptClrStatus
                0x00004adc       0x4e ./drivers/fsl_pint.o
                0x00004adc                PINT_PinInterruptClrStatus
 .text.RESET_PeripheralReset
                0x00004b2a       0x1c ./drivers/fsl_reset.o
                0x00004b2a                RESET_PeripheralReset
 .text.SystemInitHook
                0x00004b46        0xe ./device/system_LPC54608.o
                0x00004b46                SystemInitHook
 .text.BOARD_InitDebugConsole
                0x00004b54       0x10 ./board/board.o
                0x00004b54                BOARD_InitDebugConsole
 .text.POWER_DisablePD
                0x00004b64       0x2e ./board/clock_config.o
 .text.IOCON_PinMuxSet
                0x00004b92       0x2e ./board/pin_mux.o
 .text.vListInitialise
                0x00004bc0       0x40 ./amazon-freertos/freertos_kernel/list.o
                0x00004bc0                vListInitialise
 .text.vListInitialiseItem
                0x00004c00       0x1a ./amazon-freertos/freertos_kernel/list.o
                0x00004c00                vListInitialiseItem
 .text.vListInsertEnd
                0x00004c1a       0x48 ./amazon-freertos/freertos_kernel/list.o
                0x00004c1a                vListInsertEnd
 .text.vListInsert
                0x00004c62       0x72 ./amazon-freertos/freertos_kernel/list.o
                0x00004c62                vListInsert
 .text.uxListRemove
                0x00004cd4       0x54 ./amazon-freertos/freertos_kernel/list.o
                0x00004cd4                uxListRemove
 .text.xQueueGenericCreate
                0x00004d28       0x76 ./amazon-freertos/freertos_kernel/queue.o
                0x00004d28                xQueueGenericCreate
 .text.prvInitialiseNewQueue
                0x00004d9e       0x46 ./amazon-freertos/freertos_kernel/queue.o
 .text.xQueueGenericSendFromISR
                0x00004de4      0x128 ./amazon-freertos/freertos_kernel/queue.o
                0x00004de4                xQueueGenericSendFromISR
 .text.prvCopyDataToQueue
                0x00004f0c       0xd4 ./amazon-freertos/freertos_kernel/queue.o
 .text.prvCopyDataFromQueue
                0x00004fe0       0x4c ./amazon-freertos/freertos_kernel/queue.o
 .text.prvUnlockQueue
                0x0000502c       0xa4 ./amazon-freertos/freertos_kernel/queue.o
 .text.prvIsQueueEmpty
                0x000050d0       0x2c ./amazon-freertos/freertos_kernel/queue.o
 .text.prvIsQueueFull
                0x000050fc       0x30 ./amazon-freertos/freertos_kernel/queue.o
 .text.vQueueWaitForMessageRestricted
                0x0000512c       0x68 ./amazon-freertos/freertos_kernel/queue.o
                0x0000512c                vQueueWaitForMessageRestricted
 .text.xTaskCreate
                0x00005194       0x82 ./amazon-freertos/freertos_kernel/tasks.o
                0x00005194                xTaskCreate
 .text.prvInitialiseNewTask
                0x00005216      0x142 ./amazon-freertos/freertos_kernel/tasks.o
 .text.prvDeleteTCB
                0x00005358       0x20 ./amazon-freertos/freertos_kernel/tasks.o
 .text.prvTimerTask
                0x00005378       0x24 ./amazon-freertos/freertos_kernel/timers.o
 .text.__main   0x0000539c        0xe e:/nxpide/mcuxpressoide_11.1.0_3209/ide/plugins/com.nxp.mcuxpresso.tools.win32_11.1.0.201909161352/tools/bin/../lib/gcc/arm-none-eabi/8.3.1/../../../../arm-none-eabi/lib/thumb/v7e-m+fp/hard\libcr_semihost_nf.a(_cr__main.o)
                0x0000539c                __CR_SEMIHOST
                0x0000539c                __main
 .text.memcpy   0x000053aa        0x4 e:/nxpide/mcuxpressoide_11.1.0_3209/ide/plugins/com.nxp.mcuxpresso.tools.win32_11.1.0.201909161352/tools/bin/../lib/gcc/arm-none-eabi/8.3.1/../../../../arm-none-eabi/lib/thumb/v7e-m+fp/hard\libcr_c.a(memcpy.o)
                0x000053aa                memcpy
 .text.memset   0x000053ae        0x4 e:/nxpide/mcuxpressoide_11.1.0_3209/ide/plugins/com.nxp.mcuxpresso.tools.win32_11.1.0.201909161352/tools/bin/../lib/gcc/arm-none-eabi/8.3.1/../../../../arm-none-eabi/lib/thumb/v7e-m+fp/hard\libcr_c.a(memset.o)
                0x000053ae                memset
 .text.free     0x000053b2       0x30 e:/nxpide/mcuxpressoide_11.1.0_3209/ide/plugins/com.nxp.mcuxpresso.tools.win32_11.1.0.201909161352/tools/bin/../lib/gcc/arm-none-eabi/8.3.1/../../../../arm-none-eabi/lib/thumb/v7e-m+fp/hard\libcr_c.a(alloc.o)
                0x000053b2                free
 .text.no_fp_display
                0x000053e2        0x4 e:/nxpide/mcuxpressoide_11.1.0_3209/ide/plugins/com.nxp.mcuxpresso.tools.win32_11.1.0.201909161352/tools/bin/../lib/gcc/arm-none-eabi/8.3.1/../../../../arm-none-eabi/lib/thumb/v7e-m+fp/hard\libcr_c.a(printf.o)
 .text.strlen   0x000053e6       0x4c e:/nxpide/mcuxpressoide_11.1.0_3209/ide/plugins/com.nxp.mcuxpresso.tools.win32_11.1.0.201909161352/tools/bin/../lib/gcc/arm-none-eabi/8.3.1/../../../../arm-none-eabi/lib/thumb/v7e-m+fp/hard\libcr_c.a(strlen.o)
                0x000053e6                strlen
 .text._deferredlazyseek
                0x00005432       0x40 e:/nxpide/mcuxpressoide_11.1.0_3209/ide/plugins/com.nxp.mcuxpresso.tools.win32_11.1.0.201909161352/tools/bin/../lib/gcc/arm-none-eabi/8.3.1/../../../../arm-none-eabi/lib/thumb/v7e-m+fp/hard\libcr_c.a(_deferredlazyseek.o)
                0x00005432                _deferredlazyseek
 .text.__flsbuf
                0x00005472      0x140 e:/nxpide/mcuxpressoide_11.1.0_3209/ide/plugins/com.nxp.mcuxpresso.tools.win32_11.1.0.201909161352/tools/bin/../lib/gcc/arm-none-eabi/8.3.1/../../../../arm-none-eabi/lib/thumb/v7e-m+fp/hard\libcr_c.a(_deferredlazyseek.o)
                0x00005472                __flsbuf
 .text._fdopen  0x000055b2       0x68 e:/nxpide/mcuxpressoide_11.1.0_3209/ide/plugins/com.nxp.mcuxpresso.tools.win32_11.1.0.201909161352/tools/bin/../lib/gcc/arm-none-eabi/8.3.1/../../../../arm-none-eabi/lib/thumb/v7e-m+fp/hard\libcr_c.a(_fdopen.o)
                0x000055b2                _fdopen
 .text._fflush  0x0000561a       0x52 e:/nxpide/mcuxpressoide_11.1.0_3209/ide/plugins/com.nxp.mcuxpresso.tools.win32_11.1.0.201909161352/tools/bin/../lib/gcc/arm-none-eabi/8.3.1/../../../../arm-none-eabi/lib/thumb/v7e-m+fp/hard\libcr_c.a(_fflush.o)
                0x0000561a                _fflush
 .text.fclose   0x0000566c       0x58 e:/nxpide/mcuxpressoide_11.1.0_3209/ide/plugins/com.nxp.mcuxpresso.tools.win32_11.1.0.201909161352/tools/bin/../lib/gcc/arm-none-eabi/8.3.1/../../../../arm-none-eabi/lib/thumb/v7e-m+fp/hard\libcr_c.a(fclose.o)
                0x0000566c                fclose
 .text.remove   0x000056c4       0x14 e:/nxpide/mcuxpressoide_11.1.0_3209/ide/plugins/com.nxp.mcuxpresso.tools.win32_11.1.0.201909161352/tools/bin/../lib/gcc/arm-none-eabi/8.3.1/../../../../arm-none-eabi/lib/thumb/v7e-m+fp/hard\libcr_c.a(remove.o)
                0x000056c4                remove
 .text._do_fflush
                0x000056d8       0x40 e:/nxpide/mcuxpressoide_11.1.0_3209/ide/plugins/com.nxp.mcuxpresso.tools.win32_11.1.0.201909161352/tools/bin/../lib/gcc/arm-none-eabi/8.3.1/../../../../arm-none-eabi/lib/thumb/v7e-m+fp/hard\libcr_c.a(_do_fflush.o)
                0x000056d8                _do_fflush
 .text.__aeabi_division_uldivmod
                0x00005718      0x174 e:/nxpide/mcuxpressoide_11.1.0_3209/ide/plugins/com.nxp.mcuxpresso.tools.win32_11.1.0.201909161352/tools/bin/../lib/gcc/arm-none-eabi/8.3.1/thumb/v7e-m+fp/hard\libcr_eabihelpers.a(division_64.o)
                0x00005718                __aeabi_uldivmod
                0x0000571c                __bhs_ldivmod1
 .text.__aeabi_division_idiv0
                0x0000588c        0x2 e:/nxpide/mcuxpressoide_11.1.0_3209/ide/plugins/com.nxp.mcuxpresso.tools.win32_11.1.0.201909161352/tools/bin/../lib/gcc/arm-none-eabi/8.3.1/thumb/v7e-m+fp/hard\libcr_eabihelpers.a(division_idiv0.o)
                0x0000588c                __aeabi_idiv0
 .text.__aeabi_memcpy
                0x0000588e       0x34 e:/nxpide/mcuxpressoide_11.1.0_3209/ide/plugins/com.nxp.mcuxpresso.tools.win32_11.1.0.201909161352/tools/bin/../lib/gcc/arm-none-eabi/8.3.1/thumb/v7e-m+fp/hard\libcr_eabihelpers.a(memcpy.o)
                0x0000588e                __aeabi_memcpy
                0x00005898                __aeabi_memcpy8
                0x00005898                __aeabi_memcpy4
 .text.__aeabi_memset_lowlevel
                0x000058c2       0x32 e:/nxpide/mcuxpressoide_11.1.0_3209/ide/plugins/com.nxp.mcuxpresso.tools.win32_11.1.0.201909161352/tools/bin/../lib/gcc/arm-none-eabi/8.3.1/thumb/v7e-m+fp/hard\libcr_eabihelpers.a(memcpy.o)
                0x000058c2                __aeabi_lowlevel_memset
 .text.__sys_close
                0x000058f4        0xc e:/nxpide/mcuxpressoide_11.1.0_3209/ide/plugins/com.nxp.mcuxpresso.tools.win32_11.1.0.201909161352/tools/bin/../lib/gcc/arm-none-eabi/8.3.1/../../../../arm-none-eabi/lib/thumb/v7e-m+fp/hard\libcr_semihost_nf.a(__sys_close.o)
                0x000058f4                __sys_close
 .text.__sys_flen
                0x00005900        0xc e:/nxpide/mcuxpressoide_11.1.0_3209/ide/plugins/com.nxp.mcuxpresso.tools.win32_11.1.0.201909161352/tools/bin/../lib/gcc/arm-none-eabi/8.3.1/../../../../arm-none-eabi/lib/thumb/v7e-m+fp/hard\libcr_semihost_nf.a(__sys_flen.o)
                0x00005900                __sys_flen
 .text.__sys_istty
                0x0000590c        0xc e:/nxpide/mcuxpressoide_11.1.0_3209/ide/plugins/com.nxp.mcuxpresso.tools.win32_11.1.0.201909161352/tools/bin/../lib/gcc/arm-none-eabi/8.3.1/../../../../arm-none-eabi/lib/thumb/v7e-m+fp/hard\libcr_semihost_nf.a(__sys_istty.o)
                0x0000590c                __sys_istty
 .text.__sys_remove
                0x00005918        0xc e:/nxpide/mcuxpressoide_11.1.0_3209/ide/plugins/com.nxp.mcuxpresso.tools.win32_11.1.0.201909161352/tools/bin/../lib/gcc/arm-none-eabi/8.3.1/../../../../arm-none-eabi/lib/thumb/v7e-m+fp/hard\libcr_semihost_nf.a(__sys_remove.o)
                0x00005918                __sys_remove
 .text.__sys_seek
                0x00005924        0xc e:/nxpide/mcuxpressoide_11.1.0_3209/ide/plugins/com.nxp.mcuxpresso.tools.win32_11.1.0.201909161352/tools/bin/../lib/gcc/arm-none-eabi/8.3.1/../../../../arm-none-eabi/lib/thumb/v7e-m+fp/hard\libcr_semihost_nf.a(__sys_seek.o)
                0x00005924                __sys_seek
 .text.__sys_tmpnam
                0x00005930        0xc e:/nxpide/mcuxpressoide_11.1.0_3209/ide/plugins/com.nxp.mcuxpresso.tools.win32_11.1.0.201909161352/tools/bin/../lib/gcc/arm-none-eabi/8.3.1/../../../../arm-none-eabi/lib/thumb/v7e-m+fp/hard\libcr_semihost_nf.a(__sys_tmpnam.o)
                0x00005930                __sys_tmpnam
 .text.__sys_write
                0x0000593c        0xc e:/nxpide/mcuxpressoide_11.1.0_3209/ide/plugins/com.nxp.mcuxpresso.tools.win32_11.1.0.201909161352/tools/bin/../lib/gcc/arm-none-eabi/8.3.1/../../../../arm-none-eabi/lib/thumb/v7e-m+fp/hard\libcr_semihost_nf.a(__sys_write.o)
                0x0000593c                __sys_write
 *freertos*/tasks.o(SORT_BY_ALIGNMENT(.rodata*))
 .rodata.vTaskStartScheduler.str1.4
                0x00005948        0x5 ./amazon-freertos/freertos_kernel/tasks.o
 *fill*         0x0000594d        0x3 ff
 .rodata        0x00005950       0x1c ./amazon-freertos/freertos_kernel/tasks.o
                0x00005950                portArch_Name
                0x00005954                FreeRTOSDebugConfig
 *(SORT_BY_ALIGNMENT(.rodata) SORT_BY_ALIGNMENT(.rodata.*) SORT_BY_ALIGNMENT(.constdata) SORT_BY_ALIGNMENT(.constdata.*))
 .rodata.__assertion_failed.str1.4
                0x0000596c       0x14 ./utilities/fsl_assert.o
 .rodata.TaskCreate.str1.4
                0x00005980       0x26 ./source/freertos_event.o
 *fill*         0x000059a6        0x2 ff
 .rodata.Task1.str1.4
                0x000059a8       0x13 ./source/freertos_event.o
 *fill*         0x000059bb        0x1 ff
 .rodata.gint0_callback.str1.4
                0x000059bc        0xe ./source/freertos_event.o
 *fill*         0x000059ca        0x2 ff
 .rodata.PinInt0_Callback.str1.4
                0x000059cc       0x36 ./source/freertos_event.o
 *fill*         0x00005a02        0x2 ff
 .rodata.SDK_DelayAtLeastUs.str1.4
                0x00005a04       0x4c ./drivers/fsl_common.o
 .rodata.FLEXCOMM0_DriverIRQHandler.str1.4
                0x00005a50       0x2e ./drivers/fsl_flexcomm.o
 *fill*         0x00005a7e        0x2 ff
 .rodata.FLEXCOMM1_DriverIRQHandler.str1.4
                0x00005a80       0x2e ./drivers/fsl_flexcomm.o
 *fill*         0x00005aae        0x2 ff
 .rodata.FLEXCOMM2_DriverIRQHandler.str1.4
                0x00005ab0       0x2e ./drivers/fsl_flexcomm.o
 *fill*         0x00005ade        0x2 ff
 .rodata.FLEXCOMM3_DriverIRQHandler.str1.4
                0x00005ae0       0x2e ./drivers/fsl_flexcomm.o
 *fill*         0x00005b0e        0x2 ff
 .rodata.FLEXCOMM4_DriverIRQHandler.str1.4
                0x00005b10       0x2e ./drivers/fsl_flexcomm.o
 *fill*         0x00005b3e        0x2 ff
 .rodata.FLEXCOMM5_DriverIRQHandler.str1.4
                0x00005b40       0x2e ./drivers/fsl_flexcomm.o
 *fill*         0x00005b6e        0x2 ff
 .rodata.FLEXCOMM6_DriverIRQHandler.str1.4
                0x00005b70       0x2e ./drivers/fsl_flexcomm.o
 *fill*         0x00005b9e        0x2 ff
 .rodata.FLEXCOMM7_DriverIRQHandler.str1.4
                0x00005ba0       0x2e ./drivers/fsl_flexcomm.o
 *fill*         0x00005bce        0x2 ff
 .rodata.FLEXCOMM8_DriverIRQHandler.str1.4
                0x00005bd0       0x2e ./drivers/fsl_flexcomm.o
 *fill*         0x00005bfe        0x2 ff
 .rodata.FLEXCOMM9_DriverIRQHandler.str1.4
                0x00005c00       0x2e ./drivers/fsl_flexcomm.o
 *fill*         0x00005c2e        0x2 ff
 .rodata.s_gintBases
                0x00005c30        0x8 ./drivers/fsl_gint.o
 .rodata.s_gintClocks
                0x00005c38        0x4 ./drivers/fsl_gint.o
 .rodata.s_gintResets
                0x00005c3c        0x8 ./drivers/fsl_gint.o
 .rodata.s_gintIRQ
                0x00005c44        0x2 ./drivers/fsl_gint.o
 *fill*         0x00005c46        0x2 ff
 .rodata.GINT_GetInstance.str1.4
                0x00005c48       0x34 ./drivers/fsl_gint.o
 .rodata.s_gpioClockName
                0x00005c7c        0xc ./drivers/fsl_gpio.o
 .rodata.s_gpioResets
                0x00005c88       0x18 ./drivers/fsl_gpio.o
 .rodata.GPIO_PortInit.str1.4
                0x00005ca0       0x34 ./drivers/fsl_gpio.o
 .rodata.s_pintIRQ
                0x00005cd4        0x8 ./drivers/fsl_pint.o
 .rodata.PINT_Init.str1.4
                0x00005cdc       0x1e ./drivers/fsl_pint.o
 *fill*         0x00005cfa        0x2 ff
 .rodata.PINT_PinInterruptConfig.str1.4
                0x00005cfc       0x1f ./drivers/fsl_pint.o
 *fill*         0x00005d1b        0x1 ff
 .rodata.PINT_EnableCallbackByIndex.str1.4
                0x00005d1c       0x1f ./drivers/fsl_pint.o
 *fill*         0x00005d3b        0x1 ff
 .rodata.RESET_SetPeripheralReset.str1.4
                0x00005d3c       0x20 ./drivers/fsl_reset.o
 .rodata.RESET_ClearPeripheralReset.str1.4
                0x00005d5c       0x20 ./drivers/fsl_reset.o
 .rodata.xTimerCreateTimerTask.str1.4
                0x00005d7c        0x8 ./amazon-freertos/freertos_kernel/timers.o
 .rodata.prvCheckForValidListAndQueue.str1.4
                0x00005d84        0x8 ./amazon-freertos/freertos_kernel/timers.o
                                  0x5 (size before relaxing)
 .rodata.__num_Ciob_streams
                0x00005d8c        0x4 e:/nxpide/mcuxpressoide_11.1.0_3209/ide/plugins/com.nxp.mcuxpresso.tools.win32_11.1.0.201909161352/tools/bin/../lib/gcc/arm-none-eabi/8.3.1/../../../../arm-none-eabi/lib/thumb/v7e-m+fp/hard\libcr_semihost_nf.a(__ciob.o)
                0x00005d8c                __num_Ciob_streams
 .rodata._Csys_alloc.str1.1
                0x00005d90       0x18 e:/nxpide/mcuxpressoide_11.1.0_3209/ide/plugins/com.nxp.mcuxpresso.tools.win32_11.1.0.201909161352/tools/bin/../lib/gcc/arm-none-eabi/8.3.1/../../../../arm-none-eabi/lib/thumb/v7e-m+fp/hard\libcr_c.a(alloc.o)
 .rodata._initio.str1.1
                0x00005da8        0x4 e:/nxpide/mcuxpressoide_11.1.0_3209/ide/plugins/com.nxp.mcuxpresso.tools.win32_11.1.0.201909161352/tools/bin/../lib/gcc/arm-none-eabi/8.3.1/../../../../arm-none-eabi/lib/thumb/v7e-m+fp/hard\libcr_c.a(initio.o)
 .rodata.__vfprintf.str1.1
                0x00005dac       0x37 e:/nxpide/mcuxpressoide_11.1.0_3209/ide/plugins/com.nxp.mcuxpresso.tools.win32_11.1.0.201909161352/tools/bin/../lib/gcc/arm-none-eabi/8.3.1/../../../../arm-none-eabi/lib/thumb/v7e-m+fp/hard\libcr_c.a(printf.o)
                                 0x38 (size before relaxing)
                0x00005de4                . = ALIGN (0x4)
 *fill*         0x00005de3        0x1 ff

.glue_7         0x00005de4        0x0
 .glue_7        0x00005de4        0x0 linker stubs

.glue_7t        0x00005de4        0x0
 .glue_7t       0x00005de4        0x0 linker stubs

.vfp11_veneer   0x00005de4        0x0
 .vfp11_veneer  0x00005de4        0x0 linker stubs

.v4_bx          0x00005de4        0x0
 .v4_bx         0x00005de4        0x0 linker stubs

.iplt           0x00005de4        0x0
 .iplt          0x00005de4        0x0 ./utilities/fsl_assert.o

.rel.dyn        0x00005de4        0x0
 .rel.iplt      0x00005de4        0x0 ./utilities/fsl_assert.o

.ARM.extab
 *(SORT_BY_ALIGNMENT(.ARM.extab*) SORT_BY_ALIGNMENT(.gnu.linkonce.armextab.*))
                0x00005de4                __exidx_start = .

.ARM.exidx
 *(SORT_BY_ALIGNMENT(.ARM.exidx*) SORT_BY_ALIGNMENT(.gnu.linkonce.armexidx.*))
                0x00005de4                __exidx_end = .
                0x00005de4                _etext = .

.m_usb_data
 *(SORT_BY_ALIGNMENT(m_usb_global))

.data_RAM2      0x04000000        0x0 load address 0x00005de4
 FILL mask 0xff
                [!provide]                PROVIDE (__start_data_RAM2 = .)
                [!provide]                PROVIDE (__start_data_SRAMX = .)
 *(SORT_BY_ALIGNMENT(.ramfunc.$RAM2))
 *(SORT_BY_ALIGNMENT(.ramfunc.$SRAMX))
 *(SORT_BY_ALIGNMENT(.data.$RAM2))
 *(SORT_BY_ALIGNMENT(.data.$SRAMX))
 *(SORT_BY_ALIGNMENT(.data.$RAM2.*))
 *(SORT_BY_ALIGNMENT(.data.$SRAMX.*))
                0x04000000                . = ALIGN (0x4)
                [!provide]                PROVIDE (__end_data_RAM2 = .)
                [!provide]                PROVIDE (__end_data_SRAMX = .)

.data_RAM3      0x40100000        0x0 load address 0x00005de4
 FILL mask 0xff
                [!provide]                PROVIDE (__start_data_RAM3 = .)
                [!provide]                PROVIDE (__start_data_USB_RAM = .)
 *(SORT_BY_ALIGNMENT(.ramfunc.$RAM3))
 *(SORT_BY_ALIGNMENT(.ramfunc.$USB_RAM))
 *(SORT_BY_ALIGNMENT(.data.$RAM3))
 *(SORT_BY_ALIGNMENT(.data.$USB_RAM))
 *(SORT_BY_ALIGNMENT(.data.$RAM3.*))
 *(SORT_BY_ALIGNMENT(.data.$USB_RAM.*))
                0x40100000                . = ALIGN (0x4)
                [!provide]                PROVIDE (__end_data_RAM3 = .)
                [!provide]                PROVIDE (__end_data_USB_RAM = .)

.data_RAM4      0xa0000000        0x0 load address 0x00005de4
 FILL mask 0xff
                [!provide]                PROVIDE (__start_data_RAM4 = .)
                [!provide]                PROVIDE (__start_data_BOARD_SDRAM = .)
 *(SORT_BY_ALIGNMENT(.ramfunc.$RAM4))
 *(SORT_BY_ALIGNMENT(.ramfunc.$BOARD_SDRAM))
 *(SORT_BY_ALIGNMENT(.data.$RAM4))
 *(SORT_BY_ALIGNMENT(.data.$BOARD_SDRAM))
 *(SORT_BY_ALIGNMENT(.data.$RAM4.*))
 *(SORT_BY_ALIGNMENT(.data.$BOARD_SDRAM.*))
                0xa0000000                . = ALIGN (0x4)
                [!provide]                PROVIDE (__end_data_RAM4 = .)
                [!provide]                PROVIDE (__end_data_BOARD_SDRAM = .)

.uninit_RESERVED
                0x20000000        0x0
                0x20000000                _start_uninit_RESERVED = .
 *(SORT_BY_ALIGNMENT(.bss.$RESERVED*))
                0x20000000                . = ALIGN (0x4)
                0x20000000                _end_uninit_RESERVED = .

.data           0x20000000        0x8 load address 0x00005de4
 FILL mask 0xff
                0x20000000                _data = .
                [!provide]                PROVIDE (__start_data_RAM = .)
                [!provide]                PROVIDE (__start_data_SRAM_UPPER = .)
 *(SORT_BY_ALIGNMENT(vtable))
 *(SORT_BY_ALIGNMENT(.ramfunc*))
 *(SORT_BY_ALIGNMENT(CodeQuickAccess))
 *(SORT_BY_ALIGNMENT(DataQuickAccess))
 *(SORT_BY_ALIGNMENT(RamFunction))
 *(SORT_BY_ALIGNMENT(.data*))
 .data.SystemCoreClock
                0x20000000        0x4 ./device/system_LPC54608.o
                0x20000000                SystemCoreClock
 .data.uxCriticalNesting
                0x20000004        0x4 ./amazon-freertos/freertos_kernel/portable/GCC/ARM_CM4F/port.o
                0x20000008                . = ALIGN (0x4)
                0x20000008                _edata = .
                [!provide]                PROVIDE (__end_data_RAM = .)
                [!provide]                PROVIDE (__end_data_SRAM_UPPER = .)

.igot.plt       0x20000008        0x0 load address 0x00005dec
 .igot.plt      0x20000008        0x0 ./utilities/fsl_assert.o

.bss_RAM2       0x04000000        0x0
                [!provide]                PROVIDE (__start_bss_RAM2 = .)
                [!provide]                PROVIDE (__start_bss_SRAMX = .)
 *(SORT_BY_ALIGNMENT(.bss.$RAM2))
 *(SORT_BY_ALIGNMENT(.bss.$SRAMX))
 *(SORT_BY_ALIGNMENT(.bss.$RAM2.*))
 *(SORT_BY_ALIGNMENT(.bss.$SRAMX.*))
                0x04000000                . = ALIGN ((. != 0x0)?0x4:0x1)
                [!provide]                PROVIDE (__end_bss_RAM2 = .)
                [!provide]                PROVIDE (__end_bss_SRAMX = .)

.bss_RAM3       0x40100000        0x0
                [!provide]                PROVIDE (__start_bss_RAM3 = .)
                [!provide]                PROVIDE (__start_bss_USB_RAM = .)
 *(SORT_BY_ALIGNMENT(.bss.$RAM3))
 *(SORT_BY_ALIGNMENT(.bss.$USB_RAM))
 *(SORT_BY_ALIGNMENT(.bss.$RAM3.*))
 *(SORT_BY_ALIGNMENT(.bss.$USB_RAM.*))
                0x40100000                . = ALIGN ((. != 0x0)?0x4:0x1)
                [!provide]                PROVIDE (__end_bss_RAM3 = .)
                [!provide]                PROVIDE (__end_bss_USB_RAM = .)

.bss_RAM4       0xa0000000        0x0
                [!provide]                PROVIDE (__start_bss_RAM4 = .)
                [!provide]                PROVIDE (__start_bss_BOARD_SDRAM = .)
 *(SORT_BY_ALIGNMENT(.bss.$RAM4))
 *(SORT_BY_ALIGNMENT(.bss.$BOARD_SDRAM))
 *(SORT_BY_ALIGNMENT(.bss.$RAM4.*))
 *(SORT_BY_ALIGNMENT(.bss.$BOARD_SDRAM.*))
                0xa0000000                . = ALIGN ((. != 0x0)?0x4:0x1)
                [!provide]                PROVIDE (__end_bss_RAM4 = .)
                [!provide]                PROVIDE (__end_bss_BOARD_SDRAM = .)

.bss            0x20000008     0x2ae0
                0x20000008                _bss = .
                [!provide]                PROVIDE (__start_bss_RAM = .)
                [!provide]                PROVIDE (__start_bss_SRAM_UPPER = .)
 *(SORT_BY_ALIGNMENT(.bss*))
 .bss.g_systickCounter
                0x20000008        0x4 ./source/freertos_event.o
                0x20000008                g_systickCounter
 .bss.s_Pll_Freq
                0x2000000c        0x4 ./drivers/fsl_clock.o
 .bss.s_flexcommIrqHandler
                0x20000010       0x28 ./drivers/fsl_flexcomm.o
 .bss.s_flexcommHandle
                0x20000038       0x28 ./drivers/fsl_flexcomm.o
 .bss.s_gintCallback
                0x20000060        0x8 ./drivers/fsl_gint.o
 .bss.s_pintCallback
                0x20000068       0x20 ./drivers/fsl_pint.o
 .bss.ucHeap    0x20000088     0x2800 ./amazon-freertos/freertos_kernel/portable/MemMang/heap_4.o
 .bss.xStart    0x20002888        0x8 ./amazon-freertos/freertos_kernel/portable/MemMang/heap_4.o
 .bss.pxEnd     0x20002890        0x4 ./amazon-freertos/freertos_kernel/portable/MemMang/heap_4.o
 .bss.xFreeBytesRemaining
                0x20002894        0x4 ./amazon-freertos/freertos_kernel/portable/MemMang/heap_4.o
 .bss.xMinimumEverFreeBytesRemaining
                0x20002898        0x4 ./amazon-freertos/freertos_kernel/portable/MemMang/heap_4.o
 .bss.xBlockAllocatedBit
                0x2000289c        0x4 ./amazon-freertos/freertos_kernel/portable/MemMang/heap_4.o
 .bss.ulMaxPRIGROUPValue
                0x200028a0        0x4 ./amazon-freertos/freertos_kernel/portable/GCC/ARM_CM4F/port.o
 .bss.xQueueRegistry
                0x200028a4       0x40 ./amazon-freertos/freertos_kernel/queue.o
                0x200028a4                xQueueRegistry
 .bss.pxCurrentTCB
                0x200028e4        0x4 ./amazon-freertos/freertos_kernel/tasks.o
                0x200028e4                pxCurrentTCB
 .bss.pxReadyTasksLists
                0x200028e8       0x64 ./amazon-freertos/freertos_kernel/tasks.o
 .bss.xDelayedTaskList1
                0x2000294c       0x14 ./amazon-freertos/freertos_kernel/tasks.o
 .bss.xDelayedTaskList2
                0x20002960       0x14 ./amazon-freertos/freertos_kernel/tasks.o
 .bss.pxDelayedTaskList
                0x20002974        0x4 ./amazon-freertos/freertos_kernel/tasks.o
 .bss.pxOverflowDelayedTaskList
                0x20002978        0x4 ./amazon-freertos/freertos_kernel/tasks.o
 .bss.xPendingReadyList
                0x2000297c       0x14 ./amazon-freertos/freertos_kernel/tasks.o
 .bss.xTasksWaitingTermination
                0x20002990       0x14 ./amazon-freertos/freertos_kernel/tasks.o
 .bss.uxDeletedTasksWaitingCleanUp
                0x200029a4        0x4 ./amazon-freertos/freertos_kernel/tasks.o
 .bss.xSuspendedTaskList
                0x200029a8       0x14 ./amazon-freertos/freertos_kernel/tasks.o
 .bss.uxCurrentNumberOfTasks
                0x200029bc        0x4 ./amazon-freertos/freertos_kernel/tasks.o
 .bss.xTickCount
                0x200029c0        0x4 ./amazon-freertos/freertos_kernel/tasks.o
 .bss.uxTopReadyPriority
                0x200029c4        0x4 ./amazon-freertos/freertos_kernel/tasks.o
 .bss.xSchedulerRunning
                0x200029c8        0x4 ./amazon-freertos/freertos_kernel/tasks.o
 .bss.uxPendedTicks
                0x200029cc        0x4 ./amazon-freertos/freertos_kernel/tasks.o
 .bss.xYieldPending
                0x200029d0        0x4 ./amazon-freertos/freertos_kernel/tasks.o
 .bss.xNumOfOverflows
                0x200029d4        0x4 ./amazon-freertos/freertos_kernel/tasks.o
 .bss.uxTaskNumber
                0x200029d8        0x4 ./amazon-freertos/freertos_kernel/tasks.o
 .bss.xNextTaskUnblockTime
                0x200029dc        0x4 ./amazon-freertos/freertos_kernel/tasks.o
 .bss.xIdleTaskHandle
                0x200029e0        0x4 ./amazon-freertos/freertos_kernel/tasks.o
 .bss.uxSchedulerSuspended
                0x200029e4        0x4 ./amazon-freertos/freertos_kernel/tasks.o
 .bss.xActiveTimerList1
                0x200029e8       0x14 ./amazon-freertos/freertos_kernel/timers.o
 .bss.xActiveTimerList2
                0x200029fc       0x14 ./amazon-freertos/freertos_kernel/timers.o
 .bss.pxCurrentTimerList
                0x20002a10        0x4 ./amazon-freertos/freertos_kernel/timers.o
 .bss.pxOverflowTimerList
                0x20002a14        0x4 ./amazon-freertos/freertos_kernel/timers.o
 .bss.xTimerQueue
                0x20002a18        0x4 ./amazon-freertos/freertos_kernel/timers.o
 .bss.xTimerTaskHandle
                0x20002a1c        0x4 ./amazon-freertos/freertos_kernel/timers.o
 .bss.xLastTime.5942
                0x20002a20        0x4 ./amazon-freertos/freertos_kernel/timers.o
 .bss.__end_of_heap
                0x20002a24        0x4 e:/nxpide/mcuxpressoide_11.1.0_3209/ide/plugins/com.nxp.mcuxpresso.tools.win32_11.1.0.201909161352/tools/bin/../lib/gcc/arm-none-eabi/8.3.1/../../../../arm-none-eabi/lib/thumb/v7e-m+fp/hard\libcr_c.a(__init_alloc.o)
                0x20002a24                __end_of_heap
 .bss.__heaps   0x20002a28        0x4 e:/nxpide/mcuxpressoide_11.1.0_3209/ide/plugins/com.nxp.mcuxpresso.tools.win32_11.1.0.201909161352/tools/bin/../lib/gcc/arm-none-eabi/8.3.1/../../../../arm-none-eabi/lib/thumb/v7e-m+fp/hard\libcr_c.a(__init_alloc.o)
                0x20002a28                __heaps
 .bss.errno     0x20002a2c        0x4 e:/nxpide/mcuxpressoide_11.1.0_3209/ide/plugins/com.nxp.mcuxpresso.tools.win32_11.1.0.201909161352/tools/bin/../lib/gcc/arm-none-eabi/8.3.1/../../../../arm-none-eabi/lib/thumb/v7e-m+fp/hard\libcr_c.a(errno.o)
                0x20002a2c                errno
 .bss.__Ciob    0x20002a30       0xb4 e:/nxpide/mcuxpressoide_11.1.0_3209/ide/plugins/com.nxp.mcuxpresso.tools.win32_11.1.0.201909161352/tools/bin/../lib/gcc/arm-none-eabi/8.3.1/../../../../arm-none-eabi/lib/thumb/v7e-m+fp/hard\libcr_semihost_nf.a(__ciob.o)
                0x20002a30                __Ciob
 .bss.ucMaxSysCallPriority
                0x20002ae4        0x1 ./amazon-freertos/freertos_kernel/portable/GCC/ARM_CM4F/port.o
 *(SORT_BY_ALIGNMENT(COMMON))
                0x20002ae8                . = ALIGN (0x4)
 *fill*         0x20002ae5        0x3 
                0x20002ae8                _ebss = .
                [!provide]                PROVIDE (__end_bss_RAM = .)
                [!provide]                PROVIDE (__end_bss_SRAM_UPPER = .)
                [!provide]                PROVIDE (end = .)

.noinit_RAM2    0x04000000        0x0
                [!provide]                PROVIDE (__start_noinit_RAM2 = .)
                [!provide]                PROVIDE (__start_noinit_SRAMX = .)
 *(SORT_BY_ALIGNMENT(.noinit.$RAM2))
 *(SORT_BY_ALIGNMENT(.noinit.$SRAMX))
 *(SORT_BY_ALIGNMENT(.noinit.$RAM2.*))
 *(SORT_BY_ALIGNMENT(.noinit.$SRAMX.*))
                0x04000000                . = ALIGN (0x4)
                [!provide]                PROVIDE (__end_noinit_RAM2 = .)
                [!provide]                PROVIDE (__end_noinit_SRAMX = .)

.noinit_RAM3    0x40100000        0x0
                [!provide]                PROVIDE (__start_noinit_RAM3 = .)
                [!provide]                PROVIDE (__start_noinit_USB_RAM = .)
 *(SORT_BY_ALIGNMENT(.noinit.$RAM3))
 *(SORT_BY_ALIGNMENT(.noinit.$USB_RAM))
 *(SORT_BY_ALIGNMENT(.noinit.$RAM3.*))
 *(SORT_BY_ALIGNMENT(.noinit.$USB_RAM.*))
                0x40100000                . = ALIGN (0x4)
                [!provide]                PROVIDE (__end_noinit_RAM3 = .)
                [!provide]                PROVIDE (__end_noinit_USB_RAM = .)

.noinit_RAM4    0xa0000000        0x0
                [!provide]                PROVIDE (__start_noinit_RAM4 = .)
                [!provide]                PROVIDE (__start_noinit_BOARD_SDRAM = .)
 *(SORT_BY_ALIGNMENT(.noinit.$RAM4))
 *(SORT_BY_ALIGNMENT(.noinit.$BOARD_SDRAM))
 *(SORT_BY_ALIGNMENT(.noinit.$RAM4.*))
 *(SORT_BY_ALIGNMENT(.noinit.$BOARD_SDRAM.*))
                0xa0000000                . = ALIGN (0x4)
                [!provide]                PROVIDE (__end_noinit_RAM4 = .)
                [!provide]                PROVIDE (__end_noinit_BOARD_SDRAM = .)

.noinit         0x20002ae8        0x0
                0x20002ae8                _noinit = .
                [!provide]                PROVIDE (__start_noinit_RAM = .)
                [!provide]                PROVIDE (__start_noinit_SRAM_UPPER = .)
 *(SORT_BY_ALIGNMENT(.noinit*))
                0x20002ae8                . = ALIGN (0x4)
                0x20002ae8                _end_noinit = .
                [!provide]                PROVIDE (__end_noinit_RAM = .)
                [!provide]                PROVIDE (__end_noinit_SRAM_UPPER = .)
                0x00001000                _HeapSize = 0x1000

.heap           0x20002ae8     0x1000
                0x20002ae8                _pvHeapStart = .
                0x20003ae8                . = (. + _HeapSize)
 *fill*         0x20002ae8     0x1000 
                0x20003ae8                . = ALIGN (0x4)
                0x20003ae8                _pvHeapLimit = .
                0x00001000                _StackSize = 0x1000

.heap2stackfill
                0x20003ae8     0x1000
                0x20004ae8                . = (. + _StackSize)
 *fill*         0x20003ae8     0x1000 

.stack          0x20027000        0x0
                0x20027000                _vStackBase = .
                0x20027000                . = ALIGN (0x4)
                0x20028000                _vStackTop = (. + _StackSize)
                0xdffd2f2c                PROVIDE (__valid_user_code_checksum = (0x0 - ((((((_vStackTop + (ResetISR + 0x1)) + (NMI_Handler + 0x1)) + (HardFault_Handler + 0x1)) + (DEFINED (MemManage_Handler)?MemManage_Handler:0x0 + 0x1)) + (DEFINED (BusFault_Handler)?BusFault_Handler:0x0 + 0x1)) + (DEFINED (UsageFault_Handler)?UsageFault_Handler:0x0 + 0x1))))
                0x00000000                _image_start = LOADADDR (.text)
                0x00005dec                _image_end = (LOADADDR (.data) + SIZEOF (.data))
                0x00005dec                _image_size = (_image_end - _image_start)
OUTPUT(lpcxpresso54608_freertos_event.axf elf32-littlearm)

.debug_info     0x00000000    0x1a2f6
 .debug_info    0x00000000      0x243 ./utilities/fsl_assert.o
 .debug_info    0x00000243      0x6c6 ./startup/startup_lpc54608.o
 .debug_info    0x00000909     0x1afc ./source/freertos_event.o
 .debug_info    0x00002405       0x3c ./source/semihost_hardfault.o
 .debug_info    0x00002441     0x3102 ./drivers/fsl_clock.o
 .debug_info    0x00005543     0x10f3 ./drivers/fsl_common.o
 .debug_info    0x00006636     0x19dd ./drivers/fsl_flexcomm.o
 .debug_info    0x00008013     0x1c39 ./drivers/fsl_gint.o
 .debug_info    0x00009c4c     0x161e ./drivers/fsl_gpio.o
 .debug_info    0x0000b26a     0x1520 ./drivers/fsl_inputmux.o
 .debug_info    0x0000c78a     0x2104 ./drivers/fsl_pint.o
 .debug_info    0x0000e88e      0xde5 ./drivers/fsl_reset.o
 .debug_info    0x0000f673      0xf2c ./device/system_LPC54608.o
 .debug_info    0x0001059f     0x141d ./board/board.o
 .debug_info    0x000119bc     0x10e6 ./board/clock_config.o
 .debug_info    0x00012aa2      0xf56 ./board/pin_mux.o
 .debug_info    0x000139f8      0x424 ./amazon-freertos/freertos_kernel/portable/MemMang/heap_4.o
 .debug_info    0x00013e1c      0x52f ./amazon-freertos/freertos_kernel/portable/GCC/ARM_CM4F/port.o
 .debug_info    0x0001434b      0x302 ./amazon-freertos/freertos_kernel/list.o
 .debug_info    0x0001464d     0x1863 ./amazon-freertos/freertos_kernel/queue.o
 .debug_info    0x00015eb0     0x21b7 ./amazon-freertos/freertos_kernel/tasks.o
 .debug_info    0x00018067      0xefa ./amazon-freertos/freertos_kernel/timers.o
 .debug_info    0x00018f61     0x1395 D:\Gitspace\lpcxpresso54608\lpcxpresso54608_freertos_event\libs\libpower_hardabi.a(fsl_power_lib.o)

.debug_abbrev   0x00000000     0x3364
 .debug_abbrev  0x00000000       0xe9 ./utilities/fsl_assert.o
 .debug_abbrev  0x000000e9      0x16d ./startup/startup_lpc54608.o
 .debug_abbrev  0x00000256      0x2eb ./source/freertos_event.o
 .debug_abbrev  0x00000541       0x31 ./source/semihost_hardfault.o
 .debug_abbrev  0x00000572      0x38e ./drivers/fsl_clock.o
 .debug_abbrev  0x00000900      0x28b ./drivers/fsl_common.o
 .debug_abbrev  0x00000b8b      0x30f ./drivers/fsl_flexcomm.o
 .debug_abbrev  0x00000e9a      0x2c1 ./drivers/fsl_gint.o
 .debug_abbrev  0x0000115b      0x246 ./drivers/fsl_gpio.o
 .debug_abbrev  0x000013a1      0x20b ./drivers/fsl_inputmux.o
 .debug_abbrev  0x000015ac      0x30e ./drivers/fsl_pint.o
 .debug_abbrev  0x000018ba      0x188 ./drivers/fsl_reset.o
 .debug_abbrev  0x00001a42      0x1fc ./device/system_LPC54608.o
 .debug_abbrev  0x00001c3e      0x20e ./board/board.o
 .debug_abbrev  0x00001e4c      0x1c9 ./board/clock_config.o
 .debug_abbrev  0x00002015      0x1f3 ./board/pin_mux.o
 .debug_abbrev  0x00002208      0x212 ./amazon-freertos/freertos_kernel/portable/MemMang/heap_4.o
 .debug_abbrev  0x0000241a      0x246 ./amazon-freertos/freertos_kernel/portable/GCC/ARM_CM4F/port.o
 .debug_abbrev  0x00002660      0x12d ./amazon-freertos/freertos_kernel/list.o
 .debug_abbrev  0x0000278d      0x2d9 ./amazon-freertos/freertos_kernel/queue.o
 .debug_abbrev  0x00002a66      0x32b ./amazon-freertos/freertos_kernel/tasks.o
 .debug_abbrev  0x00002d91      0x28f ./amazon-freertos/freertos_kernel/timers.o
 .debug_abbrev  0x00003020      0x344 D:\Gitspace\lpcxpresso54608\lpcxpresso54608_freertos_event\libs\libpower_hardabi.a(fsl_power_lib.o)

.debug_aranges  0x00000000      0xfb0
 .debug_aranges
                0x00000000       0x20 ./utilities/fsl_assert.o
 .debug_aranges
                0x00000020      0x248 ./startup/startup_lpc54608.o
 .debug_aranges
                0x00000268       0x80 ./source/freertos_event.o
 .debug_aranges
                0x000002e8       0x20 ./source/semihost_hardfault.o
 .debug_aranges
                0x00000308      0x2c8 ./drivers/fsl_clock.o
 .debug_aranges
                0x000005d0       0x68 ./drivers/fsl_common.o
 .debug_aranges
                0x00000638       0x98 ./drivers/fsl_flexcomm.o
 .debug_aranges
                0x000006d0       0xb0 ./drivers/fsl_gint.o
 .debug_aranges
                0x00000780       0x30 ./drivers/fsl_gpio.o
 .debug_aranges
                0x000007b0       0x40 ./drivers/fsl_inputmux.o
 .debug_aranges
                0x000007f0      0x108 ./drivers/fsl_pint.o
 .debug_aranges
                0x000008f8       0x30 ./drivers/fsl_reset.o
 .debug_aranges
                0x00000928       0x68 ./device/system_LPC54608.o
 .debug_aranges
                0x00000990       0x30 ./board/board.o
 .debug_aranges
                0x000009c0       0x48 ./board/clock_config.o
 .debug_aranges
                0x00000a08       0x30 ./board/pin_mux.o
 .debug_aranges
                0x00000a38       0x50 ./amazon-freertos/freertos_kernel/portable/MemMang/heap_4.o
 .debug_aranges
                0x00000a88       0x78 ./amazon-freertos/freertos_kernel/portable/GCC/ARM_CM4F/port.o
 .debug_aranges
                0x00000b00       0x40 ./amazon-freertos/freertos_kernel/list.o
 .debug_aranges
                0x00000b40      0x130 ./amazon-freertos/freertos_kernel/queue.o
 .debug_aranges
                0x00000c70      0x1f8 ./amazon-freertos/freertos_kernel/tasks.o
 .debug_aranges
                0x00000e68       0xe0 ./amazon-freertos/freertos_kernel/timers.o
 .debug_aranges
                0x00000f48       0x68 D:\Gitspace\lpcxpresso54608\lpcxpresso54608_freertos_event\libs\libpower_hardabi.a(fsl_power_lib.o)

.debug_ranges   0x00000000      0xe70
 .debug_ranges  0x00000000       0x10 ./utilities/fsl_assert.o
 .debug_ranges  0x00000010      0x238 ./startup/startup_lpc54608.o
 .debug_ranges  0x00000248       0x70 ./source/freertos_event.o
 .debug_ranges  0x000002b8       0x10 ./source/semihost_hardfault.o
 .debug_ranges  0x000002c8      0x2b8 ./drivers/fsl_clock.o
 .debug_ranges  0x00000580       0x58 ./drivers/fsl_common.o
 .debug_ranges  0x000005d8       0x88 ./drivers/fsl_flexcomm.o
 .debug_ranges  0x00000660       0xa0 ./drivers/fsl_gint.o
 .debug_ranges  0x00000700       0x20 ./drivers/fsl_gpio.o
 .debug_ranges  0x00000720       0x30 ./drivers/fsl_inputmux.o
 .debug_ranges  0x00000750       0xf8 ./drivers/fsl_pint.o
 .debug_ranges  0x00000848       0x20 ./drivers/fsl_reset.o
 .debug_ranges  0x00000868       0x58 ./device/system_LPC54608.o
 .debug_ranges  0x000008c0       0x20 ./board/board.o
 .debug_ranges  0x000008e0       0x38 ./board/clock_config.o
 .debug_ranges  0x00000918       0x20 ./board/pin_mux.o
 .debug_ranges  0x00000938       0x40 ./amazon-freertos/freertos_kernel/portable/MemMang/heap_4.o
 .debug_ranges  0x00000978       0x68 ./amazon-freertos/freertos_kernel/portable/GCC/ARM_CM4F/port.o
 .debug_ranges  0x000009e0       0x30 ./amazon-freertos/freertos_kernel/list.o
 .debug_ranges  0x00000a10      0x120 ./amazon-freertos/freertos_kernel/queue.o
 .debug_ranges  0x00000b30      0x1e8 ./amazon-freertos/freertos_kernel/tasks.o
 .debug_ranges  0x00000d18       0xd0 ./amazon-freertos/freertos_kernel/timers.o
 .debug_ranges  0x00000de8       0x88 D:\Gitspace\lpcxpresso54608\lpcxpresso54608_freertos_event\libs\libpower_hardabi.a(fsl_power_lib.o)

.debug_macro    0x00000000    0x133a9
 .debug_macro   0x00000000      0x1cc ./utilities/fsl_assert.o
 .debug_macro   0x000001cc      0xad8 ./utilities/fsl_assert.o
 .debug_macro   0x00000ca4       0x10 ./utilities/fsl_assert.o
 .debug_macro   0x00000cb4       0x1c ./utilities/fsl_assert.o
 .debug_macro   0x00000cd0       0x22 ./utilities/fsl_assert.o
 .debug_macro   0x00000cf2      0x12e ./utilities/fsl_assert.o
 .debug_macro   0x00000e20      0x5b3 ./utilities/fsl_assert.o
 .debug_macro   0x000013d3       0x22 ./utilities/fsl_assert.o
 .debug_macro   0x000013f5       0x10 ./utilities/fsl_assert.o
 .debug_macro   0x00001405       0x38 ./utilities/fsl_assert.o
 .debug_macro   0x0000143d       0x1c ./utilities/fsl_assert.o
 .debug_macro   0x00001459       0x22 ./utilities/fsl_assert.o
 .debug_macro   0x0000147b       0xd8 ./utilities/fsl_assert.o
 .debug_macro   0x00001553     0x1011 ./utilities/fsl_assert.o
 .debug_macro   0x00002564      0x11f ./utilities/fsl_assert.o
 .debug_macro   0x00002683       0x2e ./utilities/fsl_assert.o
 .debug_macro   0x000026b1     0xdb5e ./utilities/fsl_assert.o
 .debug_macro   0x0001020f      0x357 ./utilities/fsl_assert.o
 .debug_macro   0x00010566       0xd0 ./utilities/fsl_assert.o
 .debug_macro   0x00010636      0x2a8 ./utilities/fsl_assert.o
 .debug_macro   0x000108de       0x16 ./utilities/fsl_assert.o
 .debug_macro   0x000108f4       0xe3 ./utilities/fsl_assert.o
 .debug_macro   0x000109d7       0x2e ./utilities/fsl_assert.o
 .debug_macro   0x00010a05      0x198 ./utilities/fsl_assert.o
 .debug_macro   0x00010b9d      0x15a ./utilities/fsl_assert.o
 .debug_macro   0x00010cf7       0xe4 ./utilities/fsl_assert.o
 .debug_macro   0x00010ddb       0x1c ./utilities/fsl_assert.o
 .debug_macro   0x00010df7       0x26 ./utilities/fsl_assert.o
 .debug_macro   0x00010e1d      0x399 ./utilities/fsl_assert.o
 .debug_macro   0x000111b6       0x22 ./utilities/fsl_assert.o
 .debug_macro   0x000111d8       0x32 ./utilities/fsl_assert.o
 .debug_macro   0x0001120a       0x16 ./utilities/fsl_assert.o
 .debug_macro   0x00011220       0xd2 ./utilities/fsl_assert.o
 .debug_macro   0x000112f2       0x1c ./utilities/fsl_assert.o
 .debug_macro   0x0001130e       0x32 ./startup/startup_lpc54608.o
 .debug_macro   0x00011340       0x34 ./startup/startup_lpc54608.o
 .debug_macro   0x00011374      0x2c1 ./source/freertos_event.o
 .debug_macro   0x00011635       0x16 ./source/freertos_event.o
 .debug_macro   0x0001164b       0x97 ./source/freertos_event.o
 .debug_macro   0x000116e2       0x1c ./source/freertos_event.o
 .debug_macro   0x000116fe       0x2e ./source/freertos_event.o
 .debug_macro   0x0001172c       0x10 ./source/freertos_event.o
 .debug_macro   0x0001173c      0x25f ./source/freertos_event.o
 .debug_macro   0x0001199b       0x10 ./source/freertos_event.o
 .debug_macro   0x000119ab       0x34 ./source/freertos_event.o
 .debug_macro   0x000119df       0x76 ./source/freertos_event.o
 .debug_macro   0x00011a55       0x40 ./source/freertos_event.o
 .debug_macro   0x00011a95       0x11 ./source/semihost_hardfault.o
 .debug_macro   0x00011aa6      0x22f ./drivers/fsl_clock.o
 .debug_macro   0x00011cd5       0x22 ./drivers/fsl_clock.o
 .debug_macro   0x00011cf7      0x124 ./drivers/fsl_common.o
 .debug_macro   0x00011e1b      0x127 ./drivers/fsl_flexcomm.o
 .debug_macro   0x00011f42       0x10 ./drivers/fsl_flexcomm.o
 .debug_macro   0x00011f52      0x12e ./drivers/fsl_gint.o
 .debug_macro   0x00012080      0x12e ./drivers/fsl_gpio.o
 .debug_macro   0x000121ae      0x131 ./drivers/fsl_inputmux.o
 .debug_macro   0x000122df      0x12d ./drivers/fsl_pint.o
 .debug_macro   0x0001240c       0x70 ./drivers/fsl_pint.o
 .debug_macro   0x0001247c      0x11e ./drivers/fsl_reset.o
 .debug_macro   0x0001259a       0xdf ./device/system_LPC54608.o
 .debug_macro   0x00012679      0x250 ./board/board.o
 .debug_macro   0x000128c9       0x28 ./board/board.o
 .debug_macro   0x000128f1       0x58 ./board/board.o
 .debug_macro   0x00012949      0x13e ./board/clock_config.o
 .debug_macro   0x00012a87       0x1c ./board/clock_config.o
 .debug_macro   0x00012aa3      0x12a ./board/pin_mux.o
 .debug_macro   0x00012bcd       0xe2 ./board/pin_mux.o
 .debug_macro   0x00012caf       0xdf ./amazon-freertos/freertos_kernel/portable/MemMang/heap_4.o
 .debug_macro   0x00012d8e      0x179 ./amazon-freertos/freertos_kernel/portable/GCC/ARM_CM4F/port.o
 .debug_macro   0x00012f07       0xb8 ./amazon-freertos/freertos_kernel/list.o
 .debug_macro   0x00012fbf      0x125 ./amazon-freertos/freertos_kernel/queue.o
 .debug_macro   0x000130e4      0x192 ./amazon-freertos/freertos_kernel/tasks.o
 .debug_macro   0x00013276       0x10 ./amazon-freertos/freertos_kernel/tasks.o
 .debug_macro   0x00013286       0x16 ./amazon-freertos/freertos_kernel/tasks.o
 .debug_macro   0x0001329c      0x10d ./amazon-freertos/freertos_kernel/timers.o

.debug_line     0x00000000     0xbbb0
 .debug_line    0x00000000      0x5e8 ./utilities/fsl_assert.o
 .debug_line    0x000005e8      0x6df ./startup/startup_lpc54608.o
 .debug_line    0x00000cc7      0x907 ./source/freertos_event.o
 .debug_line    0x000015ce       0x5a ./source/semihost_hardfault.o
 .debug_line    0x00001628     0x1ead ./drivers/fsl_clock.o
 .debug_line    0x000034d5      0x4f2 ./drivers/fsl_common.o
 .debug_line    0x000039c7      0x69f ./drivers/fsl_flexcomm.o
 .debug_line    0x00004066      0x65d ./drivers/fsl_gint.o
 .debug_line    0x000046c3      0x3af ./drivers/fsl_gpio.o
 .debug_line    0x00004a72      0x408 ./drivers/fsl_inputmux.o
 .debug_line    0x00004e7a      0xb09 ./drivers/fsl_pint.o
 .debug_line    0x00005983      0x3f0 ./drivers/fsl_reset.o
 .debug_line    0x00005d73      0x582 ./device/system_LPC54608.o
 .debug_line    0x000062f5      0x6e5 ./board/board.o
 .debug_line    0x000069da      0x450 ./board/clock_config.o
 .debug_line    0x00006e2a      0x3f0 ./board/pin_mux.o
 .debug_line    0x0000721a      0x60d ./amazon-freertos/freertos_kernel/portable/MemMang/heap_4.o
 .debug_line    0x00007827      0x62e ./amazon-freertos/freertos_kernel/portable/GCC/ARM_CM4F/port.o
 .debug_line    0x00007e55      0x44a ./amazon-freertos/freertos_kernel/list.o
 .debug_line    0x0000829f     0x121b ./amazon-freertos/freertos_kernel/queue.o
 .debug_line    0x000094ba     0x18e9 ./amazon-freertos/freertos_kernel/tasks.o
 .debug_line    0x0000ada3      0x9f0 ./amazon-freertos/freertos_kernel/timers.o
 .debug_line    0x0000b793      0x41d D:\Gitspace\lpcxpresso54608\lpcxpresso54608_freertos_event\libs\libpower_hardabi.a(fsl_power_lib.o)

.debug_str      0x00000000    0x98c9a
 .debug_str     0x00000000    0x8a531 ./utilities/fsl_assert.o
                              0x8a5eb (size before relaxing)
 .debug_str     0x0008a531      0x6f9 ./startup/startup_lpc54608.o
                               0x3615 (size before relaxing)
 .debug_str     0x0008ac2a     0x6466 ./source/freertos_event.o
                              0x90af2 (size before relaxing)
 .debug_str     0x00091090       0x1f ./source/semihost_hardfault.o
                               0x2ed2 (size before relaxing)
 .debug_str     0x000910af     0x2599 ./drivers/fsl_clock.o
                              0x8aacb (size before relaxing)
 .debug_str     0x00093648      0x17b ./drivers/fsl_common.o
                              0x87cce (size before relaxing)
 .debug_str     0x000937c3      0x81e ./drivers/fsl_flexcomm.o
                              0x891e1 (size before relaxing)
 .debug_str     0x00093fe1      0x18e ./drivers/fsl_gint.o
                              0x891c1 (size before relaxing)
 .debug_str     0x0009416f       0x7b ./drivers/fsl_gpio.o
                              0x88b97 (size before relaxing)
 .debug_str     0x000941ea       0x60 ./drivers/fsl_inputmux.o
                              0x89228 (size before relaxing)
 .debug_str     0x0009424a      0x657 ./drivers/fsl_pint.o
                              0x89a0a (size before relaxing)
 .debug_str     0x000948a1       0xae ./drivers/fsl_reset.o
                              0x87c42 (size before relaxing)
 .debug_str     0x0009494f       0xc3 ./device/system_LPC54608.o
                              0x8592d (size before relaxing)
 .debug_str     0x00094a12      0x7f9 ./board/board.o
                              0x8cd3b (size before relaxing)
 .debug_str     0x0009520b       0x93 ./board/clock_config.o
                              0x88732 (size before relaxing)
 .debug_str     0x0009529e      0x5b1 ./board/pin_mux.o
                              0x88378 (size before relaxing)
 .debug_str     0x0009584f      0x2c5 ./amazon-freertos/freertos_kernel/portable/MemMang/heap_4.o
                               0x84e6 (size before relaxing)
 .debug_str     0x00095b14      0x859 ./amazon-freertos/freertos_kernel/portable/GCC/ARM_CM4F/port.o
                               0x8a68 (size before relaxing)
 .debug_str     0x0009636d      0x13c ./amazon-freertos/freertos_kernel/list.o
                               0x7cf8 (size before relaxing)
 .debug_str     0x000964a9      0x868 ./amazon-freertos/freertos_kernel/queue.o
                               0x9317 (size before relaxing)
 .debug_str     0x00096d11     0x14ab ./amazon-freertos/freertos_kernel/tasks.o
                               0xa143 (size before relaxing)
 .debug_str     0x000981bc      0x5fa ./amazon-freertos/freertos_kernel/timers.o
                               0x983b (size before relaxing)
 .debug_str     0x000987b6      0x4e4 D:\Gitspace\lpcxpresso54608\lpcxpresso54608_freertos_event\libs\libpower_hardabi.a(fsl_power_lib.o)
                                0xc4a (size before relaxing)

.comment        0x00000000       0xf4
 .comment       0x00000000       0x76 ./utilities/fsl_assert.o
                                 0x77 (size before relaxing)
 .comment       0x00000076       0x77 ./startup/startup_lpc54608.o
 .comment       0x00000076       0x77 ./source/freertos_event.o
 .comment       0x00000076       0x77 ./source/semihost_hardfault.o
 .comment       0x00000076       0x77 ./drivers/fsl_clock.o
 .comment       0x00000076       0x77 ./drivers/fsl_common.o
 .comment       0x00000076       0x77 ./drivers/fsl_flexcomm.o
 .comment       0x00000076       0x77 ./drivers/fsl_gint.o
 .comment       0x00000076       0x77 ./drivers/fsl_gpio.o
 .comment       0x00000076       0x77 ./drivers/fsl_inputmux.o
 .comment       0x00000076       0x77 ./drivers/fsl_pint.o
 .comment       0x00000076       0x77 ./drivers/fsl_reset.o
 .comment       0x00000076       0x77 ./device/system_LPC54608.o
 .comment       0x00000076       0x77 ./board/board.o
 .comment       0x00000076       0x77 ./board/clock_config.o
 .comment       0x00000076       0x77 ./board/pin_mux.o
 .comment       0x00000076       0x77 ./amazon-freertos/freertos_kernel/portable/MemMang/heap_4.o
 .comment       0x00000076       0x77 ./amazon-freertos/freertos_kernel/portable/GCC/ARM_CM4F/port.o
 .comment       0x00000076       0x77 ./amazon-freertos/freertos_kernel/list.o
 .comment       0x00000076       0x77 ./amazon-freertos/freertos_kernel/queue.o
 .comment       0x00000076       0x77 ./amazon-freertos/freertos_kernel/tasks.o
 .comment       0x00000076       0x77 ./amazon-freertos/freertos_kernel/timers.o
 .comment       0x00000076       0x7e D:\Gitspace\lpcxpresso54608\lpcxpresso54608_freertos_event\libs\libpower_hardabi.a(fsl_power_lib.o)
                                 0x7f (size before relaxing)
 .comment       0x000000f4       0x77 e:/nxpide/mcuxpressoide_11.1.0_3209/ide/plugins/com.nxp.mcuxpresso.tools.win32_11.1.0.201909161352/tools/bin/../lib/gcc/arm-none-eabi/8.3.1/../../../../arm-none-eabi/lib/thumb/v7e-m+fp/hard\libcr_semihost_nf.a(_cr__main.o)
 .comment       0x000000f4       0x77 e:/nxpide/mcuxpressoide_11.1.0_3209/ide/plugins/com.nxp.mcuxpresso.tools.win32_11.1.0.201909161352/tools/bin/../lib/gcc/arm-none-eabi/8.3.1/../../../../arm-none-eabi/lib/thumb/v7e-m+fp/hard\libcr_c.a(memcpy.o)
 .comment       0x000000f4       0x77 e:/nxpide/mcuxpressoide_11.1.0_3209/ide/plugins/com.nxp.mcuxpresso.tools.win32_11.1.0.201909161352/tools/bin/../lib/gcc/arm-none-eabi/8.3.1/../../../../arm-none-eabi/lib/thumb/v7e-m+fp/hard\libcr_c.a(memset.o)
 .comment       0x000000f4       0x77 e:/nxpide/mcuxpressoide_11.1.0_3209/ide/plugins/com.nxp.mcuxpresso.tools.win32_11.1.0.201909161352/tools/bin/../lib/gcc/arm-none-eabi/8.3.1/../../../../arm-none-eabi/lib/thumb/v7e-m+fp/hard\libcr_c.a(alloc.o)
 .comment       0x000000f4       0x77 e:/nxpide/mcuxpressoide_11.1.0_3209/ide/plugins/com.nxp.mcuxpresso.tools.win32_11.1.0.201909161352/tools/bin/../lib/gcc/arm-none-eabi/8.3.1/../../../../arm-none-eabi/lib/thumb/v7e-m+fp/hard\libcr_c.a(initio.o)