Archive member included to satisfy reference by file (symbol)

D:\Gitspace\LPC54608\lpcxpresso54608_freertos_event\libs\libpower_hardabi.a(fsl_power_lib.o)
                              ./drivers/fsl_clock.o (POWER_SetVoltageForFreq)
d:/nxpide/mcuxpressoide_11.1.0_3209/ide/plugins/com.nxp.mcuxpresso.tools.win32_11.1.0.201909161352/tools/bin/../lib/gcc/arm-none-eabi/8.3.1/../../../../arm-none-eabi/lib/thumb/v7e-m+fp/hard\libcr_semihost_nf.a(_cr__main.o)
                              ./startup/startup_lpc54608.o (__main)
d:/nxpide/mcuxpressoide_11.1.0_3209/ide/plugins/com.nxp.mcuxpresso.tools.win32_11.1.0.201909161352/tools/bin/../lib/gcc/arm-none-eabi/8.3.1/../../../../arm-none-eabi/lib/thumb/v7e-m+fp/hard\libcr_c.a(memcpy.o)
                              ./amazon-freertos/freertos_kernel/queue.o (memcpy)
d:/nxpide/mcuxpressoide_11.1.0_3209/ide/plugins/com.nxp.mcuxpresso.tools.win32_11.1.0.201909161352/tools/bin/../lib/gcc/arm-none-eabi/8.3.1/../../../../arm-none-eabi/lib/thumb/v7e-m+fp/hard\libcr_c.a(memset.o)
                              ./source/cdc_vcom.o (memset)
d:/nxpide/mcuxpressoide_11.1.0_3209/ide/plugins/com.nxp.mcuxpresso.tools.win32_11.1.0.201909161352/tools/bin/../lib/gcc/arm-none-eabi/8.3.1/../../../../arm-none-eabi/lib/thumb/v7e-m+fp/hard\libcr_c.a(alloc.o)
                              ./drivers/fsl_common.o (malloc)
d:/nxpide/mcuxpressoide_11.1.0_3209/ide/plugins/com.nxp.mcuxpresso.tools.win32_11.1.0.201909161352/tools/bin/../lib/gcc/arm-none-eabi/8.3.1/../../../../arm-none-eabi/lib/thumb/v7e-m+fp/hard\libcr_c.a(initio.o)
                              d:/nxpide/mcuxpressoide_11.1.0_3209/ide/plugins/com.nxp.mcuxpresso.tools.win32_11.1.0.201909161352/tools/bin/../lib/gcc/arm-none-eabi/8.3.1/../../../../arm-none-eabi/lib/thumb/v7e-m+fp/hard\libcr_semihost_nf.a(_cr__main.o) (_initio)
d:/nxpide/mcuxpressoide_11.1.0_3209/ide/plugins/com.nxp.mcuxpresso.tools.win32_11.1.0.201909161352/tools/bin/../lib/gcc/arm-none-eabi/8.3.1/../../../../arm-none-eabi/lib/thumb/v7e-m+fp/hard\libcr_c.a(printf.o)
                              ./utilities/fsl_assert.o (_printf)
d:/nxpide/mcuxpressoide_11.1.0_3209/ide/plugins/com.nxp.mcuxpresso.tools.win32_11.1.0.201909161352/tools/bin/../lib/gcc/arm-none-eabi/8.3.1/../../../../arm-none-eabi/lib/thumb/v7e-m+fp/hard\libcr_c.a(setvbuf.o)
                              d:/nxpide/mcuxpressoide_11.1.0_3209/ide/plugins/com.nxp.mcuxpresso.tools.win32_11.1.0.201909161352/tools/bin/../lib/gcc/arm-none-eabi/8.3.1/../../../../arm-none-eabi/lib/thumb/v7e-m+fp/hard\libcr_c.a(initio.o) (setvbuf)
d:/nxpide/mcuxpressoide_11.1.0_3209/ide/plugins/com.nxp.mcuxpresso.tools.win32_11.1.0.201909161352/tools/bin/../lib/gcc/arm-none-eabi/8.3.1/../../../../arm-none-eabi/lib/thumb/v7e-m+fp/hard\libcr_c.a(strlen.o)
                              ./utilities/fsl_str.o (strlen)
d:/nxpide/mcuxpressoide_11.1.0_3209/ide/plugins/com.nxp.mcuxpresso.tools.win32_11.1.0.201909161352/tools/bin/../lib/gcc/arm-none-eabi/8.3.1/../../../../arm-none-eabi/lib/thumb/v7e-m+fp/hard\libcr_c.a(__init_alloc.o)
                              d:/nxpide/mcuxpressoide_11.1.0_3209/ide/plugins/com.nxp.mcuxpresso.tools.win32_11.1.0.201909161352/tools/bin/../lib/gcc/arm-none-eabi/8.3.1/../../../../arm-none-eabi/lib/thumb/v7e-m+fp/hard\libcr_c.a(alloc.o) (__heaps)
d:/nxpide/mcuxpressoide_11.1.0_3209/ide/plugins/com.nxp.mcuxpresso.tools.win32_11.1.0.201909161352/tools/bin/../lib/gcc/arm-none-eabi/8.3.1/../../../../arm-none-eabi/lib/thumb/v7e-m+fp/hard\libcr_c.a(_cr_sbrk.o)
                              d:/nxpide/mcuxpressoide_11.1.0_3209/ide/plugins/com.nxp.mcuxpresso.tools.win32_11.1.0.201909161352/tools/bin/../lib/gcc/arm-none-eabi/8.3.1/../../../../arm-none-eabi/lib/thumb/v7e-m+fp/hard\libcr_c.a(alloc.o) (_sbrk)
d:/nxpide/mcuxpressoide_11.1.0_3209/ide/plugins/com.nxp.mcuxpresso.tools.win32_11.1.0.201909161352/tools/bin/../lib/gcc/arm-none-eabi/8.3.1/../../../../arm-none-eabi/lib/thumb/v7e-m+fp/hard\libcr_c.a(_deferredlazyseek.o)
                              d:/nxpide/mcuxpressoide_11.1.0_3209/ide/plugins/com.nxp.mcuxpresso.tools.win32_11.1.0.201909161352/tools/bin/../lib/gcc/arm-none-eabi/8.3.1/../../../../arm-none-eabi/lib/thumb/v7e-m+fp/hard\libcr_c.a(printf.o) (__flsbuf)
d:/nxpide/mcuxpressoide_11.1.0_3209/ide/plugins/com.nxp.mcuxpresso.tools.win32_11.1.0.201909161352/tools/bin/../lib/gcc/arm-none-eabi/8.3.1/../../../../arm-none-eabi/lib/thumb/v7e-m+fp/hard\libcr_c.a(_fdopen.o)
                              d:/nxpide/mcuxpressoide_11.1.0_3209/ide/plugins/com.nxp.mcuxpresso.tools.win32_11.1.0.201909161352/tools/bin/../lib/gcc/arm-none-eabi/8.3.1/../../../../arm-none-eabi/lib/thumb/v7e-m+fp/hard\libcr_c.a(initio.o) (_fdopen)
d:/nxpide/mcuxpressoide_11.1.0_3209/ide/plugins/com.nxp.mcuxpresso.tools.win32_11.1.0.201909161352/tools/bin/../lib/gcc/arm-none-eabi/8.3.1/../../../../arm-none-eabi/lib/thumb/v7e-m+fp/hard\libcr_c.a(_fflush.o)
[...]
Memory Configuration

Name             Origin             Length             Attributes
PROGRAM_FLASH    0x00000000         0x00080000         xr
BOARD_FLASH      0x10000000         0x01000000         xr
SRAM_UPPER       0x20000000         0x00028000         xrw
SRAMX            0x04000000         0x00008000         xrw
USB_RAM          0x40100000         0x00002000         xrw
BOARD_SDRAM      0xa0000000         0x01000000         xrw
*default*        0x00000000         0xffffffff

Linker script and memory map

LOAD ./utilities/fsl_assert.o
LOAD ./utilities/fsl_debug_console.o
LOAD ./utilities/fsl_str.o
LOAD ./startup/startup_lpc54608.o
LOAD ./source/cdc_desc.o
LOAD ./source/cdc_vcom.o
LOAD ./source/freertos_event.o
LOAD ./source/semihost_hardfault.o
LOAD ./drivers/fsl_clock.o
LOAD ./drivers/fsl_common.o
LOAD ./drivers/fsl_emc.o
LOAD ./drivers/fsl_flexcomm.o
LOAD ./drivers/fsl_gint.o
LOAD ./drivers/fsl_gpio.o
LOAD ./drivers/fsl_inputmux.o
LOAD ./drivers/fsl_pint.o
LOAD ./drivers/fsl_power.o
LOAD ./drivers/fsl_reset.o
LOAD ./drivers/fsl_usart.o
LOAD ./device/system_LPC54608.o
LOAD ./component/uart/usart_adapter.o
LOAD ./component/serial_manager/serial_manager.o
LOAD ./component/serial_manager/serial_port_uart.o
LOAD ./component/lists/generic_list.o
LOAD ./board/board.o
LOAD ./board/clock_config.o
LOAD ./board/pin_mux.o
LOAD ./amazon-freertos/freertos_kernel/portable/MemMang/heap_4.o
LOAD ./amazon-freertos/freertos_kernel/portable/GCC/ARM_CM4F/port.o
LOAD ./amazon-freertos/freertos_kernel/event_groups.o
LOAD ./amazon-freertos/freertos_kernel/list.o
LOAD ./amazon-freertos/freertos_kernel/queue.o
LOAD ./amazon-freertos/freertos_kernel/stream_buffer.o
LOAD ./amazon-freertos/freertos_kernel/tasks.o
LOAD ./amazon-freertos/freertos_kernel/timers.o
LOAD D:\Gitspace\LPC54608\lpcxpresso54608_freertos_event\libs\libpower_hardabi.a
START GROUP
LOAD d:/nxpide/mcuxpressoide_11.1.0_3209/ide/plugins/com.nxp.mcuxpresso.tools.win32_11.1.0.201909161352/tools/bin/../lib/gcc/arm-none-eabi/8.3.1/../../../../arm-none-eabi/lib/thumb/v7e-m+fp/hard\libcr_semihost_nf.a
LOAD d:/nxpide/mcuxpressoide_11.1.0_3209/ide/plugins/com.nxp.mcuxpresso.tools.win32_11.1.0.201909161352/tools/bin/../lib/gcc/arm-none-eabi/8.3.1/../../../../arm-none-eabi/lib/thumb/v7e-m+fp/hard\libcr_c.a
LOAD d:/nxpide/mcuxpressoide_11.1.0_3209/ide/plugins/com.nxp.mcuxpresso.tools.win32_11.1.0.201909161352/tools/bin/../lib/gcc/arm-none-eabi/8.3.1/thumb/v7e-m+fp/hard\libcr_eabihelpers.a
LOAD d:/nxpide/mcuxpressoide_11.1.0_3209/ide/plugins/com.nxp.mcuxpresso.tools.win32_11.1.0.201909161352/tools/bin/../lib/gcc/arm-none-eabi/8.3.1/thumb/v7e-m+fp/hard\libgcc.a
END GROUP
                0x00000000                __base_PROGRAM_FLASH = 0x0
                0x00000000                __base_Flash = 0x0
                0x00080000                __top_PROGRAM_FLASH = 0x80000
                0x00080000                __top_Flash = 0x80000
                0x10000000                __base_BOARD_FLASH = 0x10000000
                0x10000000                __base_Flash2 = 0x10000000
                0x11000000                __top_BOARD_FLASH = 0x11000000
                0x11000000                __top_Flash2 = 0x11000000
                0x20000000                __base_SRAM_UPPER = 0x20000000
                0x20000000                __base_RAM = 0x20000000
                0x20028000                __top_SRAM_UPPER = 0x20028000
                0x20028000                __top_RAM = 0x20028000
                0x04000000                __base_SRAMX = 0x4000000
                0x04000000                __base_RAM2 = 0x4000000
                0x04008000                __top_SRAMX = 0x4008000
                0x04008000                __top_RAM2 = 0x4008000
                0x40100000                __base_USB_RAM = 0x40100000
                0x40100000                __base_RAM3 = 0x40100000
                0x40102000                __top_USB_RAM = 0x40102000
                0x40102000                __top_RAM3 = 0x40102000
                0xa0000000                __base_BOARD_SDRAM = 0xa0000000
                0xa0000000                __base_RAM4 = 0xa0000000
                0xa1000000                __top_BOARD_SDRAM = 0xa1000000
                0xa1000000                __top_RAM4 = 0xa1000000

.text_Flash2    0x10000000        0x0
 FILL mask 0xff
 *(SORT_BY_ALIGNMENT(.text_Flash2))
 *(SORT_BY_ALIGNMENT(.text_BOARD_FLASH))
 *(SORT_BY_ALIGNMENT(.text.$Flash2))
 *(SORT_BY_ALIGNMENT(.text.$BOARD_FLASH))
 *(SORT_BY_ALIGNMENT(.text_Flash2.*))
 *(SORT_BY_ALIGNMENT(.text_BOARD_FLASH.*))
 *(SORT_BY_ALIGNMENT(.text.$Flash2.*))
 *(SORT_BY_ALIGNMENT(.text.$BOARD_FLASH.*))
 *(SORT_BY_ALIGNMENT(.rodata.$Flash2))
 *(SORT_BY_ALIGNMENT(.rodata.$BOARD_FLASH))
 *(SORT_BY_ALIGNMENT(.rodata.$Flash2.*))
 *(SORT_BY_ALIGNMENT(.rodata.$BOARD_FLASH.*))

.text           0x00000000     0x6f70
 FILL mask 0xff
                0x00000000                __vectors_start__ = ABSOLUTE (.)
 *(SORT_BY_ALIGNMENT(.isr_vector))
 .isr_vector    0x00000000      0x124 ./startup/startup_lpc54608.o
                0x00000000                g_pfnVectors
                0x00000000                __Vectors
                0x00000124                . = ALIGN (0x4)
                0x00000124                __section_table_start = .
                0x00000124                __data_section_table = .
                0x00000124        0x4 LONG 0x6f70 LOADADDR (.data)
                0x00000128        0x4 LONG 0x20000000 ADDR (.data)
                0x0000012c        0x4 LONG 0x54 SIZEOF (.data)
                0x00000130        0x4 LONG 0x6f70 LOADADDR (.data_RAM2)
                0x00000134        0x4 LONG 0x4000000 ADDR (.data_RAM2)
                0x00000138        0x4 LONG 0x0 SIZEOF (.data_RAM2)
                0x0000013c        0x4 LONG 0x6f70 LOADADDR (.data_RAM3)
                0x00000140        0x4 LONG 0x40100000 ADDR (.data_RAM3)
                0x00000144        0x4 LONG 0x0 SIZEOF (.data_RAM3)
                0x00000148        0x4 LONG 0x6f70 LOADADDR (.data_RAM4)
                0x0000014c        0x4 LONG 0xa0000000 ADDR (.data_RAM4)
                0x00000150        0x4 LONG 0x0 SIZEOF (.data_RAM4)
                0x00000154                __data_section_table_end = .
                0x00000154                __bss_section_table = .
                0x00000154        0x4 LONG 0x20000800 ADDR (.bss)
                0x00000158        0x4 LONG 0x3550 SIZEOF (.bss)
                0x0000015c        0x4 LONG 0x4000000 ADDR (.bss_RAM2)
                0x00000160        0x4 LONG 0x0 SIZEOF (.bss_RAM2)
                0x00000164        0x4 LONG 0x40100000 ADDR (.bss_RAM3)
                0x00000168        0x4 LONG 0x0 SIZEOF (.bss_RAM3)
                0x0000016c        0x4 LONG 0xa0000000 ADDR (.bss_RAM4)
                0x00000170        0x4 LONG 0x0 SIZEOF (.bss_RAM4)
                0x00000174                __bss_section_table_end = .
                0x00000174                __section_table_end = .
 *(SORT_BY_ALIGNMENT(.after_vectors*))
 .after_vectors.reset
                0x00000174       0x58 ./startup/startup_lpc54608.o
                0x00000174                ResetISR
 .after_vectors.init_data
                0x000001cc       0x1e ./startup/startup_lpc54608.o
                0x000001cc                data_init
 .after_vectors.init_bss
                0x000001ea       0x12 ./startup/startup_lpc54608.o
                0x000001ea                bss_init
 .after_vectors
                0x000001fc       0x14 ./startup/startup_lpc54608.o
                0x000001fc                NMI_Handler
                0x00000200                MemManage_Handler
                0x00000202                BusFault_Handler
                0x00000204                UsageFault_Handler
                0x00000208                DebugMon_Handler
                0x0000020e                CAN0_IRQ0_DriverIRQHandler
                0x0000020e                ETHERNET_DriverIRQHandler
                0x0000020e                CTIMER2_DriverIRQHandler
                0x0000020e                SPIFI0_DriverIRQHandler
                0x0000020e                RIT_DriverIRQHandler
                0x0000020e                IntDefaultHandler
                0x0000020e                USB0_DriverIRQHandler
                0x0000020e                MRT0_DriverIRQHandler
                0x0000020e                UTICK0_DriverIRQHandler
                0x0000020e                DMIC0_DriverIRQHandler
                0x0000020e                CAN1_IRQ0_DriverIRQHandler
                0x0000020e                Reserved47_DriverIRQHandler
                0x0000020e                ADC0_THCMP_DriverIRQHandler
                0x0000020e                CTIMER4_DriverIRQHandler
                0x0000020e                CAN0_IRQ1_DriverIRQHandler
                0x0000020e                EEPROM_DriverIRQHandler
                0x0000020e                ADC0_SEQB_DriverIRQHandler
                0x0000020e                CTIMER0_DriverIRQHandler
                0x0000020e                CTIMER1_DriverIRQHandler
                0x0000020e                ETHERNET_MACLP_DriverIRQHandler
                0x0000020e                CTIMER3_DriverIRQHandler
                0x0000020e                HWVAD0_DriverIRQHandler
                0x0000020e                RTC_DriverIRQHandler
                0x0000020e                LCD_DriverIRQHandler
                0x0000020e                DMA0_DriverIRQHandler
                0x0000020e                ETHERNET_PMT_DriverIRQHandler
                0x0000020e                USB1_DriverIRQHandler
                0x0000020e                CAN1_IRQ1_DriverIRQHandler
                0x0000020e                ADC0_SEQA_DriverIRQHandler
                0x0000020e                USB1_NEEDCLK_DriverIRQHandler
                0x0000020e                SMARTCARD0_DriverIRQHandler
                0x0000020e                SDIO_DriverIRQHandler
                0x0000020e                SHA_DriverIRQHandler
                0x0000020e                SMARTCARD1_DriverIRQHandler
                0x0000020e                USB0_NEEDCLK_DriverIRQHandler
                0x0000020e                Reserved46_DriverIRQHandler
                0x0000020e                WDT_BOD_DriverIRQHandler
                0x0000020e                SCT0_DriverIRQHandler
 *(SORT_BY_ALIGNMENT(.text*))
 .text.SVC_Handler
                0x00000210       0x28 ./amazon-freertos/freertos_kernel/portable/GCC/ARM_CM4F/port.o
                0x00000210                SVC_Handler
 *fill*         0x00000238        0x8 ff
 .text.PendSV_Handler
                0x00000240       0x68 ./amazon-freertos/freertos_kernel/portable/GCC/ARM_CM4F/port.o
                0x00000240                PendSV_Handler
 .text.__assertion_failed
                0x000002a8       0x18 ./utilities/fsl_assert.o
                0x000002a8                __assertion_failed
 .text.__NVIC_EnableIRQ
                0x000002c0       0x3c ./source/cdc_vcom.o
 .text.__NVIC_DisableIRQ
                0x000002fc       0x44 ./source/cdc_vcom.o
 .text.VCOM_SetLineCode
                0x00000340       0x28 ./source/cdc_vcom.o
 .text.vcom_init
                0x00000368       0xec ./source/cdc_vcom.o
                0x00000368                vcom_init
 .text.vcom_bread
                0x00000454       0xcc ./source/cdc_vcom.o
                0x00000454                vcom_bread
 .text.vcom_write
                0x00000520       0x74 ./source/cdc_vcom.o
                0x00000520                vcom_write
 .text.__NVIC_EnableIRQ
                0x00000594       0x3c ./source/freertos_event.o
 .text.__NVIC_SetPriority
                0x000005d0       0x54 ./source/freertos_event.o
 .text.CLOCK_EnableClock
                0x00000624       0x54 ./source/freertos_event.o
 .text.CLOCK_DisableClock
                0x00000678       0x54 ./source/freertos_event.o
 .text.vcom_connected
                0x000006cc       0x1c ./source/freertos_event.o
 .text.sendComplete
                0x000006e8       0x4c ./source/freertos_event.o
                0x000006e8                sendComplete
 .text.USB0_IRQHandler
                0x00000734       0x4c ./source/freertos_event.o
                0x00000734                USB0_IRQHandler
 .text.SysTick_Handler
                0x00000780       0x24 ./source/freertos_event.o
                0x00000780                SysTick_Handler
 .text.TaskCreate
                0x000007a4       0x3c ./source/freertos_event.o
                0x000007a4                TaskCreate
 .text.USBTask  0x000007e0       0xb4 ./source/freertos_event.o
 .text.gint0_callback
                0x00000894       0x2c ./source/freertos_event.o
                0x00000894                gint0_callback
 .text.PinInt0_Callback
                0x000008c0       0x3c ./source/freertos_event.o
                0x000008c0                PinInt0_Callback
 .text.GPIOInit
                0x000008fc       0x7c ./source/freertos_event.o
                0x000008fc                GPIOInit
 .text.InterruptInit
                0x00000978       0x78 ./source/freertos_event.o
                0x00000978                InterruptInit
 .text.USBInit  0x000009f0       0x54 ./source/freertos_event.o
                0x000009f0                USBInit
 .text.USB_DeviceApplicationInit
                0x00000a44      0x13c ./source/freertos_event.o
 .text.CLOCK_EnableClock
                0x00000b80       0x54 ./drivers/fsl_clock.o
 .text.CLOCK_DisableClock
                0x00000bd4       0x54 ./drivers/fsl_clock.o
 .text.CLOCK_GetAsyncApbClkSrc
                0x00000c28       0x20 ./drivers/fsl_clock.o
 .text.CLOCK_AttachClk
                0x00000c48       0x94 ./drivers/fsl_clock.o
                0x00000c48                CLOCK_AttachClk
 .text.CLOCK_SetClkDiv
                0x00000cdc       0x5c ./drivers/fsl_clock.o
                0x00000cdc                CLOCK_SetClkDiv
 .text.CLOCK_SetupFROClocking
                0x00000d38       0xc4 ./drivers/fsl_clock.o
                0x00000d38                CLOCK_SetupFROClocking
 .text.CLOCK_GetClockOutClkFreq
                0x00000dfc       0x9c ./drivers/fsl_clock.o
                0x00000dfc                CLOCK_GetClockOutClkFreq
 .text.CLOCK_GetFro12MFreq
                0x00000e98       0x28 ./drivers/fsl_clock.o
                0x00000e98                CLOCK_GetFro12MFreq
 .text.CLOCK_GetExtClkFreq
                0x00000ec0       0x14 ./drivers/fsl_clock.o
                0x00000ec0                CLOCK_GetExtClkFreq
 .text.CLOCK_GetWdtOscFreq
                0x00000ed4       0x68 ./drivers/fsl_clock.o
                0x00000ed4                CLOCK_GetWdtOscFreq
 .text.CLOCK_GetFroHfFreq
                0x00000f3c       0x5c ./drivers/fsl_clock.o
                0x00000f3c                CLOCK_GetFroHfFreq
 .text.CLOCK_GetPllOutFreq
                0x00000f98       0x18 ./drivers/fsl_clock.o
                0x00000f98                CLOCK_GetPllOutFreq
 .text.CLOCK_GetAudioPllOutFreq
                0x00000fb0       0x18 ./drivers/fsl_clock.o
                0x00000fb0                CLOCK_GetAudioPllOutFreq
 .text.CLOCK_GetUsbPllOutFreq
                0x00000fc8       0x18 ./drivers/fsl_clock.o
                0x00000fc8                CLOCK_GetUsbPllOutFreq
 .text.CLOCK_GetAsyncApbClkFreq
                0x00000fe0       0x3c ./drivers/fsl_clock.o
                0x00000fe0                CLOCK_GetAsyncApbClkFreq
 .text.CLOCK_GetFRGInputClock
                0x0000101c       0x5c ./drivers/fsl_clock.o
                0x0000101c                CLOCK_GetFRGInputClock
 .text.CLOCK_GetFreq
                0x00001078       0xd4 ./drivers/fsl_clock.o
                0x00001078                CLOCK_GetFreq
 .text.CLOCK_SetFLASHAccessCyclesForFreq
                0x0000114c       0xb8 ./drivers/fsl_clock.o
                0x0000114c                CLOCK_SetFLASHAccessCyclesForFreq
 .text.CLOCK_GetUsbPLLOutFromSetupUpdate
                0x00001204       0x20 ./drivers/fsl_clock.o
 .text.CLOCK_SetPLLFreq
                0x00001224      0x128 ./drivers/fsl_clock.o
                0x00001224                CLOCK_SetPLLFreq
 .text.CLOCK_SetUsbPLLFreq
                0x0000134c      0x140 ./drivers/fsl_clock.o
                0x0000134c                CLOCK_SetUsbPLLFreq
 .text.CLOCK_EnableUsbfs0DeviceClock
                0x0000148c       0xd4 ./drivers/fsl_clock.o
                0x0000148c                CLOCK_EnableUsbfs0DeviceClock
 .text.SDK_DelayAtLeastUs
                0x00001560       0x90 ./drivers/fsl_common.o
                0x00001560                SDK_DelayAtLeastUs
 .text.FLEXCOMM0_DriverIRQHandler
                0x000015f0       0x3c ./drivers/fsl_flexcomm.o
                0x000015f0                FLEXCOMM0_DriverIRQHandler
 .text.FLEXCOMM1_DriverIRQHandler
                0x0000162c       0x3c ./drivers/fsl_flexcomm.o
                0x0000162c                FLEXCOMM1_DriverIRQHandler
 .text.FLEXCOMM2_DriverIRQHandler
                0x00001668       0x3c ./drivers/fsl_flexcomm.o
                0x00001668                FLEXCOMM2_DriverIRQHandler
 .text.FLEXCOMM3_DriverIRQHandler
                0x000016a4       0x3c ./drivers/fsl_flexcomm.o
                0x000016a4                FLEXCOMM3_DriverIRQHandler
 .text.FLEXCOMM4_DriverIRQHandler
                0x000016e0       0x3c ./drivers/fsl_flexcomm.o
                0x000016e0                FLEXCOMM4_DriverIRQHandler
 .text.FLEXCOMM5_DriverIRQHandler
                0x0000171c       0x3c ./drivers/fsl_flexcomm.o
                0x0000171c                FLEXCOMM5_DriverIRQHandler
 .text.FLEXCOMM6_DriverIRQHandler
                0x00001758       0x3c ./drivers/fsl_flexcomm.o
                0x00001758                FLEXCOMM6_DriverIRQHandler
 .text.FLEXCOMM7_DriverIRQHandler
                0x00001794       0x3c ./drivers/fsl_flexcomm.o
                0x00001794                FLEXCOMM7_DriverIRQHandler
 .text.FLEXCOMM8_DriverIRQHandler
                0x000017d0       0x3c ./drivers/fsl_flexcomm.o
                0x000017d0                FLEXCOMM8_DriverIRQHandler
 .text.FLEXCOMM9_DriverIRQHandler
                0x0000180c       0x3c ./drivers/fsl_flexcomm.o
                0x0000180c                FLEXCOMM9_DriverIRQHandler
 .text.__NVIC_EnableIRQ
                0x00001848       0x3c ./drivers/fsl_gint.o
 .text.__NVIC_ClearPendingIRQ
                0x00001884       0x3c ./drivers/fsl_gint.o
 .text.CLOCK_EnableClock
                0x000018c0       0x54 ./drivers/fsl_gint.o
 .text.GINT_GetInstance
                0x00001914       0x4c ./drivers/fsl_gint.o
 .text.GINT_Init
                0x00001960       0x4c ./drivers/fsl_gint.o
                0x00001960                GINT_Init
 .text.GINT_SetCtrl
                0x000019ac       0x48 ./drivers/fsl_gint.o
                0x000019ac                GINT_SetCtrl
 .text.GINT_EnableCallback
                0x000019f4       0x44 ./drivers/fsl_gint.o
                0x000019f4                GINT_EnableCallback
 .text.GINT0_DriverIRQHandler
                0x00001a38       0x30 ./drivers/fsl_gint.o
                0x00001a38                GINT0_DriverIRQHandler
 .text.GINT1_DriverIRQHandler
                0x00001a68       0x30 ./drivers/fsl_gint.o
                0x00001a68                GINT1_DriverIRQHandler
 .text.CLOCK_EnableClock
                0x00001a98       0x54 ./drivers/fsl_gpio.o
 .text.GPIO_PortInit
                0x00001aec       0x48 ./drivers/fsl_gpio.o
                0x00001aec                GPIO_PortInit
 .text.CLOCK_EnableClock
                0x00001b34       0x54 ./drivers/fsl_inputmux.o
 .text.CLOCK_DisableClock
                0x00001b88       0x54 ./drivers/fsl_inputmux.o
 .text.__NVIC_EnableIRQ
                0x00001bdc       0x3c ./drivers/fsl_pint.o
 .text.__NVIC_ClearPendingIRQ
                0x00001c18       0x3c ./drivers/fsl_pint.o
 .text.CLOCK_EnableClock
                0x00001c54       0x54 ./drivers/fsl_pint.o
 .text.PINT_Init
                0x00001ca8       0x98 ./drivers/fsl_pint.o
                0x00001ca8                PINT_Init
 .text.PINT_PinInterruptConfig
                0x00001d40       0xb8 ./drivers/fsl_pint.o
                0x00001d40                PINT_PinInterruptConfig
 .text.PINT_EnableCallbackByIndex
                0x00001df8       0x4c ./drivers/fsl_pint.o
                0x00001df8                PINT_EnableCallbackByIndex
 .text.PIN_INT0_DriverIRQHandler
                0x00001e44       0x4c ./drivers/fsl_pint.o
                0x00001e44                PIN_INT0_DriverIRQHandler
 .text.PIN_INT1_DriverIRQHandler
                0x00001e90       0x4c ./drivers/fsl_pint.o
                0x00001e90                PIN_INT1_DriverIRQHandler
 .text.PIN_INT2_DriverIRQHandler
                0x00001edc       0x4c ./drivers/fsl_pint.o
                0x00001edc                PIN_INT2_DriverIRQHandler
 .text.PIN_INT3_DriverIRQHandler
                0x00001f28       0x4c ./drivers/fsl_pint.o
                0x00001f28                PIN_INT3_DriverIRQHandler
 .text.PIN_INT4_DriverIRQHandler
                0x00001f74       0x4c ./drivers/fsl_pint.o
                0x00001f74                PIN_INT4_DriverIRQHandler
 .text.PIN_INT5_DriverIRQHandler
                0x00001fc0       0x4c ./drivers/fsl_pint.o
                0x00001fc0                PIN_INT5_DriverIRQHandler
 .text.PIN_INT6_DriverIRQHandler
                0x0000200c       0x4c ./drivers/fsl_pint.o
                0x0000200c                PIN_INT6_DriverIRQHandler
 .text.PIN_INT7_DriverIRQHandler
                0x00002058       0x4c ./drivers/fsl_pint.o
                0x00002058                PIN_INT7_DriverIRQHandler
 .text.RESET_SetPeripheralReset
                0x000020a4       0x7c ./drivers/fsl_reset.o
                0x000020a4                RESET_SetPeripheralReset
 .text.RESET_ClearPeripheralReset
                0x00002120       0x80 ./drivers/fsl_reset.o
                0x00002120                RESET_ClearPeripheralReset
 .text.SystemInit
                0x000021a0       0x40 ./device/system_LPC54608.o
                0x000021a0                SystemInit
 .text.BOARD_BootClockPLL180M
                0x000021e0       0xe4 ./board/clock_config.o
                0x000021e0                BOARD_BootClockPLL180M
 .text.CLOCK_EnableClock
                0x000022c4       0x54 ./board/pin_mux.o
 .text.BOARD_InitPins
                0x00002318       0x98 ./board/pin_mux.o
                0x00002318                BOARD_InitPins
 .text.pvPortMalloc
                0x000023b0      0x184 ./amazon-freertos/freertos_kernel/portable/MemMang/heap_4.o
                0x000023b0                pvPortMalloc
 .text.vPortFree
                0x00002534       0xb0 ./amazon-freertos/freertos_kernel/portable/MemMang/heap_4.o
                0x00002534                vPortFree
 .text.prvHeapInit
                0x000025e4       0xc4 ./amazon-freertos/freertos_kernel/portable/MemMang/heap_4.o
 .text.prvInsertBlockIntoFreeList
                0x000026a8       0xb4 ./amazon-freertos/freertos_kernel/portable/MemMang/heap_4.o
 .text.pxPortInitialiseStack
                0x0000275c       0x68 ./amazon-freertos/freertos_kernel/portable/GCC/ARM_CM4F/port.o
                0x0000275c                pxPortInitialiseStack
 .text.prvTaskExitError
                0x000027c4       0x54 ./amazon-freertos/freertos_kernel/portable/GCC/ARM_CM4F/port.o
 .text.prvPortStartFirstTask
                0x00002818       0x28 ./amazon-freertos/freertos_kernel/portable/GCC/ARM_CM4F/port.o
 .text.xPortStartScheduler
                0x00002840      0x13c ./amazon-freertos/freertos_kernel/portable/GCC/ARM_CM4F/port.o
                0x00002840                xPortStartScheduler
 .text.vPortEnterCritical
                0x0000297c       0x5c ./amazon-freertos/freertos_kernel/portable/GCC/ARM_CM4F/port.o
                0x0000297c                vPortEnterCritical
 .text.vPortExitCritical
                0x000029d8       0x50 ./amazon-freertos/freertos_kernel/portable/GCC/ARM_CM4F/port.o
                0x000029d8                vPortExitCritical
 .text.vPortSetupTimerInterrupt
                0x00002a28       0x48 ./amazon-freertos/freertos_kernel/portable/GCC/ARM_CM4F/port.o
                0x00002a28                vPortSetupTimerInterrupt
 .text.vPortEnableVFP
                0x00002a70       0x14 ./amazon-freertos/freertos_kernel/portable/GCC/ARM_CM4F/port.o
 .text.vPortValidateInterruptPriority
                0x00002a84       0x7c ./amazon-freertos/freertos_kernel/portable/GCC/ARM_CM4F/port.o
                0x00002a84                vPortValidateInterruptPriority
 .text.xQueueGenericReset
                0x00002b00       0xd0 ./amazon-freertos/freertos_kernel/queue.o
                0x00002b00                xQueueGenericReset
 .text.xQueueGenericSend
                0x00002bd0      0x1f4 ./amazon-freertos/freertos_kernel/queue.o
                0x00002bd0                xQueueGenericSend
 .text.xQueueReceive
                0x00002dc4      0x1b8 ./amazon-freertos/freertos_kernel/queue.o
                0x00002dc4                xQueueReceive
 .text.vQueueAddToRegistry
                0x00002f7c       0x50 ./amazon-freertos/freertos_kernel/queue.o
                0x00002f7c                vQueueAddToRegistry
 .text.prvAddNewTaskToReadyList
                0x00002fcc       0xdc ./amazon-freertos/freertos_kernel/tasks.o
 .text.vTaskStartScheduler
                0x000030a8       0x98 ./amazon-freertos/freertos_kernel/tasks.o
                0x000030a8                vTaskStartScheduler
 .text.vTaskSuspendAll
                0x00003140       0x1c ./amazon-freertos/freertos_kernel/tasks.o
                0x00003140                vTaskSuspendAll
 .text.xTaskResumeAll
                0x0000315c      0x138 ./amazon-freertos/freertos_kernel/tasks.o
                0x0000315c                xTaskResumeAll
 .text.xTaskGetTickCount
                0x00003294       0x20 ./amazon-freertos/freertos_kernel/tasks.o
                0x00003294                xTaskGetTickCount
 .text.xTaskIncrementTick
                0x000032b4      0x150 ./amazon-freertos/freertos_kernel/tasks.o
                0x000032b4                xTaskIncrementTick
 .text.vTaskSwitchContext
                0x00003404       0xb4 ./amazon-freertos/freertos_kernel/tasks.o
                0x00003404                vTaskSwitchContext
 .text.vTaskPlaceOnEventList
                0x000034b8       0x48 ./amazon-freertos/freertos_kernel/tasks.o
                0x000034b8                vTaskPlaceOnEventList
 .text.vTaskPlaceOnEventListRestricted
                0x00003500       0x54 ./amazon-freertos/freertos_kernel/tasks.o
                0x00003500                vTaskPlaceOnEventListRestricted
 .text.xTaskRemoveFromEventList
                0x00003554       0xc4 ./amazon-freertos/freertos_kernel/tasks.o
                0x00003554                xTaskRemoveFromEventList
 .text.vTaskInternalSetTimeOutState
                0x00003618       0x2c ./amazon-freertos/freertos_kernel/tasks.o
                0x00003618                vTaskInternalSetTimeOutState
 .text.xTaskCheckForTimeOut
                0x00003644       0xc0 ./amazon-freertos/freertos_kernel/tasks.o
                0x00003644                xTaskCheckForTimeOut
 .text.vTaskMissedYield
                0x00003704       0x18 ./amazon-freertos/freertos_kernel/tasks.o
                0x00003704                vTaskMissedYield
 .text.prvIdleTask
                0x0000371c       0x30 ./amazon-freertos/freertos_kernel/tasks.o
 .text.prvInitialiseTaskLists
                0x0000374c       0x80 ./amazon-freertos/freertos_kernel/tasks.o
 .text.prvCheckTasksWaitingTermination
                0x000037cc       0x58 ./amazon-freertos/freertos_kernel/tasks.o
 .text.prvResetNextTaskUnblockTime
                0x00003824       0x40 ./amazon-freertos/freertos_kernel/tasks.o
 .text.xTaskGetSchedulerState
                0x00003864       0x3c ./amazon-freertos/freertos_kernel/tasks.o
                0x00003864                xTaskGetSchedulerState
 .text.xTaskPriorityDisinherit
                0x000038a0      0x108 ./amazon-freertos/freertos_kernel/tasks.o
                0x000038a0                xTaskPriorityDisinherit
 .text.prvAddCurrentTaskToDelayedList
                0x000039a8       0xcc ./amazon-freertos/freertos_kernel/tasks.o
 .text.xTimerCreateTimerTask
                0x00003a74       0x60 ./amazon-freertos/freertos_kernel/timers.o
                0x00003a74                xTimerCreateTimerTask
 .text.xTimerGenericCommand
                0x00003ad4       0x98 ./amazon-freertos/freertos_kernel/timers.o
                0x00003ad4                xTimerGenericCommand
 .text.prvProcessExpiredTimer
                0x00003b6c       0x98 ./amazon-freertos/freertos_kernel/timers.o
 .text.prvProcessTimerOrBlockTask
                0x00003c04       0x9c ./amazon-freertos/freertos_kernel/timers.o
 .text.prvGetNextExpireTime
                0x00003ca0       0x48 ./amazon-freertos/freertos_kernel/timers.o
 .text.prvSampleTimeNow
                0x00003ce8       0x40 ./amazon-freertos/freertos_kernel/timers.o
 .text.prvInsertTimerInActiveList
                0x00003d28       0x84 ./amazon-freertos/freertos_kernel/timers.o
 .text.prvProcessReceivedCommands
                0x00003dac      0x1b8 ./amazon-freertos/freertos_kernel/timers.o
 .text.prvSwitchTimerLists
                0x00003f64       0xc8 ./amazon-freertos/freertos_kernel/timers.o
 .text.prvCheckForValidListAndQueue
                0x0000402c       0x6c ./amazon-freertos/freertos_kernel/timers.o
 .text.POWER_SetVoltageForFreq
                0x00004098       0x44 D:\Gitspace\LPC54608\lpcxpresso54608_freertos_event\libs\libpower_hardabi.a(fsl_power_lib.o)
                0x00004098                POWER_SetVoltageForFreq
 .text.POWER_SetPLL
                0x000040dc       0x1c D:\Gitspace\LPC54608\lpcxpresso54608_freertos_event\libs\libpower_hardabi.a(fsl_power_lib.o)
                0x000040dc                POWER_SetPLL
 .text.POWER_SetUsbPhy
                0x000040f8       0x1c D:\Gitspace\LPC54608\lpcxpresso54608_freertos_event\libs\libpower_hardabi.a(fsl_power_lib.o)
                0x000040f8                POWER_SetUsbPhy
 .text.malloc   0x00004114       0xc8 d:/nxpide/mcuxpressoide_11.1.0_3209/ide/plugins/com.nxp.mcuxpresso.tools.win32_11.1.0.201909161352/tools/bin/../lib/gcc/arm-none-eabi/8.3.1/../../../../arm-none-eabi/lib/thumb/v7e-m+fp/hard\libcr_c.a(alloc.o)
                0x00004114                malloc
 .text._Csys_alloc
                0x000041dc       0x20 d:/nxpide/mcuxpressoide_11.1.0_3209/ide/plugins/com.nxp.mcuxpresso.tools.win32_11.1.0.201909161352/tools/bin/../lib/gcc/arm-none-eabi/8.3.1/../../../../arm-none-eabi/lib/thumb/v7e-m+fp/hard\libcr_c.a(alloc.o)
                0x000041dc                _Csys_alloc
 .text._initio  0x000041fc       0x78 d:/nxpide/mcuxpressoide_11.1.0_3209/ide/plugins/com.nxp.mcuxpresso.tools.win32_11.1.0.201909161352/tools/bin/../lib/gcc/arm-none-eabi/8.3.1/../../../../arm-none-eabi/lib/thumb/v7e-m+fp/hard\libcr_c.a(initio.o)
                0x000041fc                _initio
 .text.__vfprintf
                0x00004274      0xbe0 d:/nxpide/mcuxpressoide_11.1.0_3209/ide/plugins/com.nxp.mcuxpresso.tools.win32_11.1.0.201909161352/tools/bin/../lib/gcc/arm-none-eabi/8.3.1/../../../../arm-none-eabi/lib/thumb/v7e-m+fp/hard\libcr_c.a(printf.o)
                0x00004274                __vfprintf
 .text._vsnprintf
                0x00004e54       0x68 d:/nxpide/mcuxpressoide_11.1.0_3209/ide/plugins/com.nxp.mcuxpresso.tools.win32_11.1.0.201909161352/tools/bin/../lib/gcc/arm-none-eabi/8.3.1/../../../../arm-none-eabi/lib/thumb/v7e-m+fp/hard\libcr_c.a(printf.o)
                0x00004e54                _vsnprintf
 .text._printf  0x00004ebc       0x54 d:/nxpide/mcuxpressoide_11.1.0_3209/ide/plugins/com.nxp.mcuxpresso.tools.win32_11.1.0.201909161352/tools/bin/../lib/gcc/arm-none-eabi/8.3.1/../../../../arm-none-eabi/lib/thumb/v7e-m+fp/hard\libcr_c.a(printf.o)
                0x00004ebc                _printf
 .text.setvbuf  0x00004f10       0x40 d:/nxpide/mcuxpressoide_11.1.0_3209/ide/plugins/com.nxp.mcuxpresso.tools.win32_11.1.0.201909161352/tools/bin/../lib/gcc/arm-none-eabi/8.3.1/../../../../arm-none-eabi/lib/thumb/v7e-m+fp/hard\libcr_c.a(setvbuf.o)
                0x00004f10                setvbuf
 .text._sbrk    0x00004f50       0x3c d:/nxpide/mcuxpressoide_11.1.0_3209/ide/plugins/com.nxp.mcuxpresso.tools.win32_11.1.0.201909161352/tools/bin/../lib/gcc/arm-none-eabi/8.3.1/../../../../arm-none-eabi/lib/thumb/v7e-m+fp/hard\libcr_c.a(_cr_sbrk.o)
                0x00004f50                _sbrk
 .text._Cwritebuf
                0x00004f8c       0x6c d:/nxpide/mcuxpressoide_11.1.0_3209/ide/plugins/com.nxp.mcuxpresso.tools.win32_11.1.0.201909161352/tools/bin/../lib/gcc/arm-none-eabi/8.3.1/../../../../arm-none-eabi/lib/thumb/v7e-m+fp/hard\libcr_c.a(_writebuf.o)
                0x00004f8c                _Cwritebuf
 .text.fflush   0x00004ff8       0x44 d:/nxpide/mcuxpressoide_11.1.0_3209/ide/plugins/com.nxp.mcuxpresso.tools.win32_11.1.0.201909161352/tools/bin/../lib/gcc/arm-none-eabi/8.3.1/../../../../arm-none-eabi/lib/thumb/v7e-m+fp/hard\libcr_c.a(fflush.o)
                0x00004ff8                fflush
 .text.fseek    0x0000503c      0x100 d:/nxpide/mcuxpressoide_11.1.0_3209/ide/plugins/com.nxp.mcuxpresso.tools.win32_11.1.0.201909161352/tools/bin/../lib/gcc/arm-none-eabi/8.3.1/../../../../arm-none-eabi/lib/thumb/v7e-m+fp/hard\libcr_c.a(fseek.o)
                0x0000503c                fseek
 .text.ftell    0x0000513c       0x48 d:/nxpide/mcuxpressoide_11.1.0_3209/ide/plugins/com.nxp.mcuxpresso.tools.win32_11.1.0.201909161352/tools/bin/../lib/gcc/arm-none-eabi/8.3.1/../../../../arm-none-eabi/lib/thumb/v7e-m+fp/hard\libcr_c.a(ftell.o)
                0x0000513c                ftell
 .text.__check_heap_overflow
                0x00005184       0x18 d:/nxpide/mcuxpressoide_11.1.0_3209/ide/plugins/com.nxp.mcuxpresso.tools.win32_11.1.0.201909161352/tools/bin/../lib/gcc/arm-none-eabi/8.3.1/../../../../arm-none-eabi/lib/thumb/v7e-m+fp/hard\libcr_c.a(_cr_check_heap.o)
                0x00005184                __check_heap_overflow
 .text.__sys_appexit
                0x0000519c        0xc d:/nxpide/mcuxpressoide_11.1.0_3209/ide/plugins/com.nxp.mcuxpresso.tools.win32_11.1.0.201909161352/tools/bin/../lib/gcc/arm-none-eabi/8.3.1/../../../../arm-none-eabi/lib/thumb/v7e-m+fp/hard\libcr_semihost_nf.a(__sys_appexit.o)
                0x0000519c                __sys_appexit
                0x0000519c                __exit
 .text.WDT_BOD_IRQHandler
                0x000051a8        0x8 ./startup/startup_lpc54608.o
                0x000051a8                WDT_BOD_IRQHandler
 .text.DMA0_IRQHandler
                0x000051b0        0x8 ./startup/startup_lpc54608.o
                0x000051b0                DMA0_IRQHandler
 .text.GINT0_IRQHandler
                0x000051b8        0x8 ./startup/startup_lpc54608.o
                0x000051b8                GINT0_IRQHandler
 .text.GINT1_IRQHandler
                0x000051c0        0x8 ./startup/startup_lpc54608.o
                0x000051c0                GINT1_IRQHandler
 .text.PIN_INT0_IRQHandler
                0x000051c8        0x8 ./startup/startup_lpc54608.o
                0x000051c8                PIN_INT0_IRQHandler
 .text.PIN_INT1_IRQHandler
                0x000051d0        0x8 ./startup/startup_lpc54608.o
                0x000051d0                PIN_INT1_IRQHandler
 .text.PIN_INT2_IRQHandler
                0x000051d8        0x8 ./startup/startup_lpc54608.o
                0x000051d8                PIN_INT2_IRQHandler
 .text.PIN_INT3_IRQHandler
                0x000051e0        0x8 ./startup/startup_lpc54608.o
                0x000051e0                PIN_INT3_IRQHandler
 .text.UTICK0_IRQHandler
                0x000051e8        0x8 ./startup/startup_lpc54608.o
                0x000051e8                UTICK0_IRQHandler
 .text.MRT0_IRQHandler
                0x000051f0        0x8 ./startup/startup_lpc54608.o
                0x000051f0                MRT0_IRQHandler
 .text.CTIMER0_IRQHandler
                0x000051f8        0x8 ./startup/startup_lpc54608.o
                0x000051f8                CTIMER0_IRQHandler
 .text.CTIMER1_IRQHandler
                0x00005200        0x8 ./startup/startup_lpc54608.o
                0x00005200                CTIMER1_IRQHandler
 .text.SCT0_IRQHandler
                0x00005208        0x8 ./startup/startup_lpc54608.o
                0x00005208                SCT0_IRQHandler
 .text.CTIMER3_IRQHandler
                0x00005210        0x8 ./startup/startup_lpc54608.o
                0x00005210                CTIMER3_IRQHandler
 .text.FLEXCOMM0_IRQHandler
                0x00005218        0x8 ./startup/startup_lpc54608.o
                0x00005218                FLEXCOMM0_IRQHandler
 .text.FLEXCOMM1_IRQHandler
                0x00005220        0x8 ./startup/startup_lpc54608.o
                0x00005220                FLEXCOMM1_IRQHandler
 .text.FLEXCOMM2_IRQHandler
                0x00005228        0x8 ./startup/startup_lpc54608.o
                0x00005228                FLEXCOMM2_IRQHandler
 .text.FLEXCOMM3_IRQHandler
                0x00005230        0x8 ./startup/startup_lpc54608.o
                0x00005230                FLEXCOMM3_IRQHandler
 .text.FLEXCOMM4_IRQHandler
                0x00005238        0x8 ./startup/startup_lpc54608.o
                0x00005238                FLEXCOMM4_IRQHandler
 .text.FLEXCOMM5_IRQHandler
                0x00005240        0x8 ./startup/startup_lpc54608.o
                0x00005240                FLEXCOMM5_IRQHandler
 .text.FLEXCOMM6_IRQHandler
                0x00005248        0x8 ./startup/startup_lpc54608.o
                0x00005248                FLEXCOMM6_IRQHandler
 .text.FLEXCOMM7_IRQHandler
                0x00005250        0x8 ./startup/startup_lpc54608.o
                0x00005250                FLEXCOMM7_IRQHandler
 .text.ADC0_SEQA_IRQHandler
                0x00005258        0x8 ./startup/startup_lpc54608.o
                0x00005258                ADC0_SEQA_IRQHandler
 .text.ADC0_SEQB_IRQHandler
                0x00005260        0x8 ./startup/startup_lpc54608.o
                0x00005260                ADC0_SEQB_IRQHandler
 .text.ADC0_THCMP_IRQHandler
                0x00005268        0x8 ./startup/startup_lpc54608.o
                0x00005268                ADC0_THCMP_IRQHandler
 .text.DMIC0_IRQHandler
                0x00005270        0x8 ./startup/startup_lpc54608.o
                0x00005270                DMIC0_IRQHandler
 .text.HWVAD0_IRQHandler
                0x00005278        0x8 ./startup/startup_lpc54608.o
                0x00005278                HWVAD0_IRQHandler
 .text.USB0_NEEDCLK_IRQHandler
                0x00005280        0x8 ./startup/startup_lpc54608.o
                0x00005280                USB0_NEEDCLK_IRQHandler
 .text.RTC_IRQHandler
                0x00005288        0x8 ./startup/startup_lpc54608.o
                0x00005288                RTC_IRQHandler
 .text.Reserved46_IRQHandler
                0x00005290        0x8 ./startup/startup_lpc54608.o
                0x00005290                Reserved46_IRQHandler
 .text.Reserved47_IRQHandler
                0x00005298        0x8 ./startup/startup_lpc54608.o
                0x00005298                Reserved47_IRQHandler
 .text.PIN_INT4_IRQHandler
                0x000052a0        0x8 ./startup/startup_lpc54608.o
                0x000052a0                PIN_INT4_IRQHandler
 .text.PIN_INT5_IRQHandler
                0x000052a8        0x8 ./startup/startup_lpc54608.o
                0x000052a8                PIN_INT5_IRQHandler
 .text.PIN_INT6_IRQHandler
                0x000052b0        0x8 ./startup/startup_lpc54608.o
                0x000052b0                PIN_INT6_IRQHandler
 .text.PIN_INT7_IRQHandler
                0x000052b8        0x8 ./startup/startup_lpc54608.o
                0x000052b8                PIN_INT7_IRQHandler
 .text.CTIMER2_IRQHandler
                0x000052c0        0x8 ./startup/startup_lpc54608.o
                0x000052c0                CTIMER2_IRQHandler
 .text.CTIMER4_IRQHandler
                0x000052c8        0x8 ./startup/startup_lpc54608.o
                0x000052c8                CTIMER4_IRQHandler
 .text.RIT_IRQHandler
                0x000052d0        0x8 ./startup/startup_lpc54608.o
                0x000052d0                RIT_IRQHandler
 .text.SPIFI0_IRQHandler
                0x000052d8        0x8 ./startup/startup_lpc54608.o
                0x000052d8                SPIFI0_IRQHandler
 .text.FLEXCOMM8_IRQHandler
                0x000052e0        0x8 ./startup/startup_lpc54608.o
                0x000052e0                FLEXCOMM8_IRQHandler
 .text.FLEXCOMM9_IRQHandler
                0x000052e8        0x8 ./startup/startup_lpc54608.o
                0x000052e8                FLEXCOMM9_IRQHandler
 .text.SDIO_IRQHandler
                0x000052f0        0x8 ./startup/startup_lpc54608.o
                0x000052f0                SDIO_IRQHandler
 .text.CAN0_IRQ0_IRQHandler
                0x000052f8        0x8 ./startup/startup_lpc54608.o
                0x000052f8                CAN0_IRQ0_IRQHandler
 .text.CAN0_IRQ1_IRQHandler
                0x00005300        0x8 ./startup/startup_lpc54608.o
                0x00005300                CAN0_IRQ1_IRQHandler
 .text.CAN1_IRQ0_IRQHandler
                0x00005308        0x8 ./startup/startup_lpc54608.o
                0x00005308                CAN1_IRQ0_IRQHandler
 .text.CAN1_IRQ1_IRQHandler
                0x00005310        0x8 ./startup/startup_lpc54608.o
                0x00005310                CAN1_IRQ1_IRQHandler
 .text.USB1_IRQHandler
                0x00005318        0x8 ./startup/startup_lpc54608.o
                0x00005318                USB1_IRQHandler
 .text.USB1_NEEDCLK_IRQHandler
                0x00005320        0x8 ./startup/startup_lpc54608.o
                0x00005320                USB1_NEEDCLK_IRQHandler
 .text.ETHERNET_IRQHandler
                0x00005328        0x8 ./startup/startup_lpc54608.o
                0x00005328                ETHERNET_IRQHandler
 .text.ETHERNET_PMT_IRQHandler
                0x00005330        0x8 ./startup/startup_lpc54608.o
                0x00005330                ETHERNET_PMT_IRQHandler
 .text.ETHERNET_MACLP_IRQHandler
                0x00005338        0x8 ./startup/startup_lpc54608.o
                0x00005338                ETHERNET_MACLP_IRQHandler
 .text.EEPROM_IRQHandler
                0x00005340        0x8 ./startup/startup_lpc54608.o
                0x00005340                EEPROM_IRQHandler
 .text.LCD_IRQHandler
                0x00005348        0x8 ./startup/startup_lpc54608.o
                0x00005348                LCD_IRQHandler
 .text.SHA_IRQHandler
                0x00005350        0x8 ./startup/startup_lpc54608.o
                0x00005350                SHA_IRQHandler
 .text.SMARTCARD0_IRQHandler
                0x00005358        0x8 ./startup/startup_lpc54608.o
                0x00005358                SMARTCARD0_IRQHandler
 .text.SMARTCARD1_IRQHandler
                0x00005360        0x8 ./startup/startup_lpc54608.o
                0x00005360                SMARTCARD1_IRQHandler
 .text.VCOM_bulk_in_hdlr
                0x00005368       0x34 ./source/cdc_vcom.o
 .text.VCOM_bulk_out_hdlr
                0x0000539c       0x38 ./source/cdc_vcom.o
 .text.GPIO_PinWrite
                0x000053d4       0x2a ./source/freertos_event.o
 .text.GPIO_PortToggle
                0x000053fe       0x26 ./source/freertos_event.o
 .text.POWER_DisablePD
                0x00005424       0x2e ./source/freertos_event.o
 .text.AddNode  0x00005452       0x3a ./source/freertos_event.o
                0x00005452                AddNode
 .text.AddNodeToEnd
                0x0000548c       0x4a ./source/freertos_event.o
                0x0000548c                AddNodeToEnd
 .text.GetNode  0x000054d6       0x2e ./source/freertos_event.o
                0x000054d6                GetNode
 .text.find_IntfDesc
                0x00005504       0x5e ./source/freertos_event.o
                0x00005504                find_IntfDesc
 .text.main     0x00005562       0x2e ./source/freertos_event.o
                0x00005562                main
 .text.HardFault_Handler
                0x00005590       0x2c ./source/semihost_hardfault.o
                0x00005590                HardFault_Handler
 .text.CLOCK_SetFLASHAccessCycles
                0x000055bc       0x34 ./drivers/fsl_clock.o
 .text.CLOCK_IsSystemPLLLocked
                0x000055f0       0x24 ./drivers/fsl_clock.o
 .text.CLOCK_IsUsbPLLLocked
                0x00005614       0x24 ./drivers/fsl_clock.o
 .text.CLOCK_Enable_SysOsc
                0x00005638       0x5c ./drivers/fsl_clock.o
 .text.POWER_EnablePD
                0x00005694       0x2e ./drivers/fsl_clock.o
 .text.POWER_DisablePD
                0x000056c2       0x2e ./drivers/fsl_clock.o
 .text.CLOCK_GetMclkClkFreq
                0x000056f0       0x68 ./drivers/fsl_clock.o
                0x000056f0                CLOCK_GetMclkClkFreq
 .text.CLOCK_GetOsc32KFreq
                0x00005758       0x12 ./drivers/fsl_clock.o
                0x00005758                CLOCK_GetOsc32KFreq
 .text.CLOCK_GetCoreSysClkFreq
                0x0000576a       0x90 ./drivers/fsl_clock.o
                0x0000576a                CLOCK_GetCoreSysClkFreq
 .text.CLOCK_GetI2SMClkFreq
                0x000057fa       0x10 ./drivers/fsl_clock.o
                0x000057fa                CLOCK_GetI2SMClkFreq
 .text.CLOCK_GetFrgClkFreq
                0x0000580a       0x64 ./drivers/fsl_clock.o
                0x0000580a                CLOCK_GetFrgClkFreq
 .text.CLOCK_GetUsbPLLOutFromSetup
                0x0000586e       0xe4 ./drivers/fsl_clock.o
                0x0000586e                CLOCK_GetUsbPLLOutFromSetup
 .text.DelayLoop
                0x00005952       0x20 ./drivers/fsl_common.o
 .text.EnableIRQ
                0x00005972       0x2c ./drivers/fsl_gint.o
 .text.GINT_ClrStatus
                0x0000599e       0x20 ./drivers/fsl_gint.o
 .text.GINT_ConfigPins
                0x000059be       0x34 ./drivers/fsl_gint.o
                0x000059be                GINT_ConfigPins
 .text.GPIO_PinInit
                0x000059f2       0xa0 ./drivers/fsl_gpio.o
                0x000059f2                GPIO_PinInit
 .text.INPUTMUX_Init
                0x00005a92       0x16 ./drivers/fsl_inputmux.o
                0x00005a92                INPUTMUX_Init
 .text.INPUTMUX_AttachSignal
                0x00005aa8       0x38 ./drivers/fsl_inputmux.o
                0x00005aa8                INPUTMUX_AttachSignal
 .text.INPUTMUX_Deinit
                0x00005ae0       0x16 ./drivers/fsl_inputmux.o
                0x00005ae0                INPUTMUX_Deinit
 .text.EnableIRQ
                0x00005af6       0x2c ./drivers/fsl_pint.o
 .text.PINT_PinInterruptClrFallFlag
                0x00005b22       0x22 ./drivers/fsl_pint.o
 .text.PINT_PinInterruptClrRiseFlag
                0x00005b44       0x22 ./drivers/fsl_pint.o
 .text.PINT_PatternMatchResetDetectLogic
                0x00005b66       0x34 ./drivers/fsl_pint.o
                0x00005b66                PINT_PatternMatchResetDetectLogic
 .text.PINT_PinInterruptClrStatus
                0x00005b9a       0x4e ./drivers/fsl_pint.o
                0x00005b9a                PINT_PinInterruptClrStatus
 .text.RESET_PeripheralReset
                0x00005be8       0x1c ./drivers/fsl_reset.o
                0x00005be8                RESET_PeripheralReset
 .text.SystemInitHook
                0x00005c04        0xe ./device/system_LPC54608.o
                0x00005c04                SystemInitHook
 .text.BOARD_InitDebugConsole
                0x00005c12       0x10 ./board/board.o
                0x00005c12                BOARD_InitDebugConsole
 .text.POWER_DisablePD
                0x00005c22       0x2e ./board/clock_config.o
 .text.IOCON_PinMuxSet
                0x00005c50       0x2e ./board/pin_mux.o
 .text.vListInitialise
                0x00005c7e       0x40 ./amazon-freertos/freertos_kernel/list.o
                0x00005c7e                vListInitialise
 .text.vListInitialiseItem
                0x00005cbe       0x1a ./amazon-freertos/freertos_kernel/list.o
                0x00005cbe                vListInitialiseItem
 .text.vListInsertEnd
                0x00005cd8       0x48 ./amazon-freertos/freertos_kernel/list.o
                0x00005cd8                vListInsertEnd
 .text.vListInsert
                0x00005d20       0x72 ./amazon-freertos/freertos_kernel/list.o
                0x00005d20                vListInsert
 .text.uxListRemove
                0x00005d92       0x54 ./amazon-freertos/freertos_kernel/list.o
                0x00005d92                uxListRemove
 .text.xQueueGenericCreate
                0x00005de6       0x76 ./amazon-freertos/freertos_kernel/queue.o
                0x00005de6                xQueueGenericCreate
 .text.prvInitialiseNewQueue
                0x00005e5c       0x46 ./amazon-freertos/freertos_kernel/queue.o
 .text.xQueueGenericSendFromISR
                0x00005ea2      0x128 ./amazon-freertos/freertos_kernel/queue.o
                0x00005ea2                xQueueGenericSendFromISR
 .text.prvCopyDataToQueue
                0x00005fca       0xd4 ./amazon-freertos/freertos_kernel/queue.o
 .text.prvCopyDataFromQueue
                0x0000609e       0x4c ./amazon-freertos/freertos_kernel/queue.o
 .text.prvUnlockQueue
                0x000060ea       0xa4 ./amazon-freertos/freertos_kernel/queue.o
 .text.prvIsQueueEmpty
                0x0000618e       0x2c ./amazon-freertos/freertos_kernel/queue.o
 .text.prvIsQueueFull
                0x000061ba       0x30 ./amazon-freertos/freertos_kernel/queue.o
 .text.vQueueWaitForMessageRestricted
                0x000061ea       0x68 ./amazon-freertos/freertos_kernel/queue.o
                0x000061ea                vQueueWaitForMessageRestricted
 .text.xTaskCreate
                0x00006252       0x82 ./amazon-freertos/freertos_kernel/tasks.o
                0x00006252                xTaskCreate
 .text.prvInitialiseNewTask
                0x000062d4      0x142 ./amazon-freertos/freertos_kernel/tasks.o
 .text.prvDeleteTCB
                0x00006416       0x20 ./amazon-freertos/freertos_kernel/tasks.o
 .text.prvTimerTask
                0x00006436       0x24 ./amazon-freertos/freertos_kernel/timers.o
 .text.__main   0x0000645a        0xe d:/nxpide/mcuxpressoide_11.1.0_3209/ide/plugins/com.nxp.mcuxpresso.tools.win32_11.1.0.201909161352/tools/bin/../lib/gcc/arm-none-eabi/8.3.1/../../../../arm-none-eabi/lib/thumb/v7e-m+fp/hard\libcr_semihost_nf.a(_cr__main.o)
                0x0000645a                __CR_SEMIHOST
                0x0000645a                __main
 .text.memcpy   0x00006468        0x4 d:/nxpide/mcuxpressoide_11.1.0_3209/ide/plugins/com.nxp.mcuxpresso.tools.win32_11.1.0.201909161352/tools/bin/../lib/gcc/arm-none-eabi/8.3.1/../../../../arm-none-eabi/lib/thumb/v7e-m+fp/hard\libcr_c.a(memcpy.o)
                0x00006468                memcpy
 .text.memset   0x0000646c        0x4 d:/nxpide/mcuxpressoide_11.1.0_3209/ide/plugins/com.nxp.mcuxpresso.tools.win32_11.1.0.201909161352/tools/bin/../lib/gcc/arm-none-eabi/8.3.1/../../../../arm-none-eabi/lib/thumb/v7e-m+fp/hard\libcr_c.a(memset.o)
                0x0000646c                memset
 .text.free     0x00006470       0x30 d:/nxpide/mcuxpressoide_11.1.0_3209/ide/plugins/com.nxp.mcuxpresso.tools.win32_11.1.0.201909161352/tools/bin/../lib/gcc/arm-none-eabi/8.3.1/../../../../arm-none-eabi/lib/thumb/v7e-m+fp/hard\libcr_c.a(alloc.o)
                0x00006470                free
 .text.no_fp_display
                0x000064a0        0x4 d:/nxpide/mcuxpressoide_11.1.0_3209/ide/plugins/com.nxp.mcuxpresso.tools.win32_11.1.0.201909161352/tools/bin/../lib/gcc/arm-none-eabi/8.3.1/../../../../arm-none-eabi/lib/thumb/v7e-m+fp/hard\libcr_c.a(printf.o)
 .text.strlen   0x000064a4       0x4c d:/nxpide/mcuxpressoide_11.1.0_3209/ide/plugins/com.nxp.mcuxpresso.tools.win32_11.1.0.201909161352/tools/bin/../lib/gcc/arm-none-eabi/8.3.1/../../../../arm-none-eabi/lib/thumb/v7e-m+fp/hard\libcr_c.a(strlen.o)
                0x000064a4                strlen
 .text._deferredlazyseek
                0x000064f0       0x40 d:/nxpide/mcuxpressoide_11.1.0_3209/ide/plugins/com.nxp.mcuxpresso.tools.win32_11.1.0.201909161352/tools/bin/../lib/gcc/arm-none-eabi/8.3.1/../../../../arm-none-eabi/lib/thumb/v7e-m+fp/hard\libcr_c.a(_deferredlazyseek.o)
                0x000064f0                _deferredlazyseek
 .text.__flsbuf
                0x00006530      0x140 d:/nxpide/mcuxpressoide_11.1.0_3209/ide/plugins/com.nxp.mcuxpresso.tools.win32_11.1.0.201909161352/tools/bin/../lib/gcc/arm-none-eabi/8.3.1/../../../../arm-none-eabi/lib/thumb/v7e-m+fp/hard\libcr_c.a(_deferredlazyseek.o)
                0x00006530                __flsbuf
 .text._fdopen  0x00006670       0x68 d:/nxpide/mcuxpressoide_11.1.0_3209/ide/plugins/com.nxp.mcuxpresso.tools.win32_11.1.0.201909161352/tools/bin/../lib/gcc/arm-none-eabi/8.3.1/../../../../arm-none-eabi/lib/thumb/v7e-m+fp/hard\libcr_c.a(_fdopen.o)
                0x00006670                _fdopen
 .text._fflush  0x000066d8       0x52 d:/nxpide/mcuxpressoide_11.1.0_3209/ide/plugins/com.nxp.mcuxpresso.tools.win32_11.1.0.201909161352/tools/bin/../lib/gcc/arm-none-eabi/8.3.1/../../../../arm-none-eabi/lib/thumb/v7e-m+fp/hard\libcr_c.a(_fflush.o)
                0x000066d8                _fflush
 .text.fclose   0x0000672a       0x58 d:/nxpide/mcuxpressoide_11.1.0_3209/ide/plugins/com.nxp.mcuxpresso.tools.win32_11.1.0.201909161352/tools/bin/../lib/gcc/arm-none-eabi/8.3.1/../../../../arm-none-eabi/lib/thumb/v7e-m+fp/hard\libcr_c.a(fclose.o)
                0x0000672a                fclose
 .text.remove   0x00006782       0x14 d:/nxpide/mcuxpressoide_11.1.0_3209/ide/plugins/com.nxp.mcuxpresso.tools.win32_11.1.0.201909161352/tools/bin/../lib/gcc/arm-none-eabi/8.3.1/../../../../arm-none-eabi/lib/thumb/v7e-m+fp/hard\libcr_c.a(remove.o)
                0x00006782                remove
 .text._do_fflush
                0x00006796       0x40 d:/nxpide/mcuxpressoide_11.1.0_3209/ide/plugins/com.nxp.mcuxpresso.tools.win32_11.1.0.201909161352/tools/bin/../lib/gcc/arm-none-eabi/8.3.1/../../../../arm-none-eabi/lib/thumb/v7e-m+fp/hard\libcr_c.a(_do_fflush.o)
                0x00006796                _do_fflush
 .text.__aeabi_division_uldivmod
                0x000067d6      0x174 d:/nxpide/mcuxpressoide_11.1.0_3209/ide/plugins/com.nxp.mcuxpresso.tools.win32_11.1.0.201909161352/tools/bin/../lib/gcc/arm-none-eabi/8.3.1/thumb/v7e-m+fp/hard\libcr_eabihelpers.a(division_64.o)
                0x000067d6                __aeabi_uldivmod
                0x000067da                __bhs_ldivmod1
 .text.__aeabi_division_idiv0
                0x0000694a        0x2 d:/nxpide/mcuxpressoide_11.1.0_3209/ide/plugins/com.nxp.mcuxpresso.tools.win32_11.1.0.201909161352/tools/bin/../lib/gcc/arm-none-eabi/8.3.1/thumb/v7e-m+fp/hard\libcr_eabihelpers.a(division_idiv0.o)
                0x0000694a                __aeabi_idiv0
 .text.__aeabi_memcpy
                0x0000694c       0x34 d:/nxpide/mcuxpressoide_11.1.0_3209/ide/plugins/com.nxp.mcuxpresso.tools.win32_11.1.0.201909161352/tools/bin/../lib/gcc/arm-none-eabi/8.3.1/thumb/v7e-m+fp/hard\libcr_eabihelpers.a(memcpy.o)
                0x0000694c                __aeabi_memcpy
                0x00006956                __aeabi_memcpy8
                0x00006956                __aeabi_memcpy4
 .text.__aeabi_memset_lowlevel
                0x00006980       0x32 d:/nxpide/mcuxpressoide_11.1.0_3209/ide/plugins/com.nxp.mcuxpresso.tools.win32_11.1.0.201909161352/tools/bin/../lib/gcc/arm-none-eabi/8.3.1/thumb/v7e-m+fp/hard\libcr_eabihelpers.a(memcpy.o)
                0x00006980                __aeabi_lowlevel_memset
 .text.__sys_close
                0x000069b2        0xc d:/nxpide/mcuxpressoide_11.1.0_3209/ide/plugins/com.nxp.mcuxpresso.tools.win32_11.1.0.201909161352/tools/bin/../lib/gcc/arm-none-eabi/8.3.1/../../../../arm-none-eabi/lib/thumb/v7e-m+fp/hard\libcr_semihost_nf.a(__sys_close.o)
                0x000069b2                __sys_close
 .text.__sys_flen
                0x000069be        0xc d:/nxpide/mcuxpressoide_11.1.0_3209/ide/plugins/com.nxp.mcuxpresso.tools.win32_11.1.0.201909161352/tools/bin/../lib/gcc/arm-none-eabi/8.3.1/../../../../arm-none-eabi/lib/thumb/v7e-m+fp/hard\libcr_semihost_nf.a(__sys_flen.o)
                0x000069be                __sys_flen
 .text.__sys_istty
                0x000069ca        0xc d:/nxpide/mcuxpressoide_11.1.0_3209/ide/plugins/com.nxp.mcuxpresso.tools.win32_11.1.0.201909161352/tools/bin/../lib/gcc/arm-none-eabi/8.3.1/../../../../arm-none-eabi/lib/thumb/v7e-m+fp/hard\libcr_semihost_nf.a(__sys_istty.o)
                0x000069ca                __sys_istty
 .text.__sys_remove
                0x000069d6        0xc d:/nxpide/mcuxpressoide_11.1.0_3209/ide/plugins/com.nxp.mcuxpresso.tools.win32_11.1.0.201909161352/tools/bin/../lib/gcc/arm-none-eabi/8.3.1/../../../../arm-none-eabi/lib/thumb/v7e-m+fp/hard\libcr_semihost_nf.a(__sys_remove.o)
                0x000069d6                __sys_remove
 .text.__sys_seek
                0x000069e2        0xc d:/nxpide/mcuxpressoide_11.1.0_3209/ide/plugins/com.nxp.mcuxpresso.tools.win32_11.1.0.201909161352/tools/bin/../lib/gcc/arm-none-eabi/8.3.1/../../../../arm-none-eabi/lib/thumb/v7e-m+fp/hard\libcr_semihost_nf.a(__sys_seek.o)
                0x000069e2                __sys_seek
 .text.__sys_tmpnam
                0x000069ee        0xc d:/nxpide/mcuxpressoide_11.1.0_3209/ide/plugins/com.nxp.mcuxpresso.tools.win32_11.1.0.201909161352/tools/bin/../lib/gcc/arm-none-eabi/8.3.1/../../../../arm-none-eabi/lib/thumb/v7e-m+fp/hard\libcr_semihost_nf.a(__sys_tmpnam.o)
                0x000069ee                __sys_tmpnam
 .text.__sys_write
                0x000069fa        0xc d:/nxpide/mcuxpressoide_11.1.0_3209/ide/plugins/com.nxp.mcuxpresso.tools.win32_11.1.0.201909161352/tools/bin/../lib/gcc/arm-none-eabi/8.3.1/../../../../arm-none-eabi/lib/thumb/v7e-m+fp/hard\libcr_semihost_nf.a(__sys_write.o)
                0x000069fa                __sys_write
 *freertos*/tasks.o(SORT_BY_ALIGNMENT(.rodata*))
 *fill*         0x00006a06        0x2 ff
 .rodata.vTaskStartScheduler.str1.4
                0x00006a08        0x5 ./amazon-freertos/freertos_kernel/tasks.o
 *fill*         0x00006a0d        0x3 ff
 .rodata        0x00006a10       0x1c ./amazon-freertos/freertos_kernel/tasks.o
                0x00006a10                portArch_Name
                0x00006a14                FreeRTOSDebugConfig
 *(SORT_BY_ALIGNMENT(.rodata) SORT_BY_ALIGNMENT(.rodata.*) SORT_BY_ALIGNMENT(.constdata) SORT_BY_ALIGNMENT(.constdata.*))
 .rodata.__assertion_failed.str1.4
                0x00006a2c       0x14 ./utilities/fsl_assert.o
 .rodata.USB_DeviceDescriptor
                0x00006a40       0x12 ./source/cdc_desc.o
                0x00006a40                USB_DeviceDescriptor
 *fill*         0x00006a52        0x2 ff
 .rodata.USB_StringDescriptor
                0x00006a54       0x38 ./source/cdc_desc.o
                0x00006a54                USB_StringDescriptor
 .rodata.TaskCreate.str1.4
                0x00006a8c       0x22 ./source/freertos_event.o
 *fill*         0x00006aae        0x2 ff
 .rodata.USBTask.str1.4
                0x00006ab0        0xe ./source/freertos_event.o
 *fill*         0x00006abe        0x2 ff
 .rodata.gint0_callback.str1.4
                0x00006ac0        0xe ./source/freertos_event.o
 *fill*         0x00006ace        0x2 ff
 .rodata.PinInt0_Callback.str1.4
                0x00006ad0       0x36 ./source/freertos_event.o
 *fill*         0x00006b06        0x2 ff
 .rodata.USB_DeviceApplicationInit.str1.4
                0x00006b08       0x5c ./source/freertos_event.o
 .rodata.wdtFreqLookup
                0x00006b64       0x20 ./drivers/fsl_clock.o
 .rodata        0x00006b84        0xc ./drivers/fsl_clock.o
 .rodata.SDK_DelayAtLeastUs.str1.4
                0x00006b90       0x4c ./drivers/fsl_common.o
 .rodata.FLEXCOMM0_DriverIRQHandler.str1.4
                0x00006bdc       0x2e ./drivers/fsl_flexcomm.o
 *fill*         0x00006c0a        0x2 ff
 .rodata.FLEXCOMM1_DriverIRQHandler.str1.4
                0x00006c0c       0x2e ./drivers/fsl_flexcomm.o
 *fill*         0x00006c3a        0x2 ff
 .rodata.FLEXCOMM2_DriverIRQHandler.str1.4
                0x00006c3c       0x2e ./drivers/fsl_flexcomm.o
 *fill*         0x00006c6a        0x2 ff
 .rodata.FLEXCOMM3_DriverIRQHandler.str1.4
                0x00006c6c       0x2e ./drivers/fsl_flexcomm.o
 *fill*         0x00006c9a        0x2 ff
 .rodata.FLEXCOMM4_DriverIRQHandler.str1.4
                0x00006c9c       0x2e ./drivers/fsl_flexcomm.o
 *fill*         0x00006cca        0x2 ff
 .rodata.FLEXCOMM5_DriverIRQHandler.str1.4
                0x00006ccc       0x2e ./drivers/fsl_flexcomm.o
 *fill*         0x00006cfa        0x2 ff
 .rodata.FLEXCOMM6_DriverIRQHandler.str1.4
                0x00006cfc       0x2e ./drivers/fsl_flexcomm.o
 *fill*         0x00006d2a        0x2 ff
 .rodata.FLEXCOMM7_DriverIRQHandler.str1.4
                0x00006d2c       0x2e ./drivers/fsl_flexcomm.o
 *fill*         0x00006d5a        0x2 ff
 .rodata.FLEXCOMM8_DriverIRQHandler.str1.4
                0x00006d5c       0x2e ./drivers/fsl_flexcomm.o
 *fill*         0x00006d8a        0x2 ff
 .rodata.FLEXCOMM9_DriverIRQHandler.str1.4
                0x00006d8c       0x2e ./drivers/fsl_flexcomm.o
 *fill*         0x00006dba        0x2 ff
 .rodata.s_gintBases
                0x00006dbc        0x8 ./drivers/fsl_gint.o
 .rodata.s_gintClocks
                0x00006dc4        0x4 ./drivers/fsl_gint.o
 .rodata.s_gintResets
                0x00006dc8        0x8 ./drivers/fsl_gint.o
 .rodata.s_gintIRQ
                0x00006dd0        0x2 ./drivers/fsl_gint.o
 *fill*         0x00006dd2        0x2 ff
 .rodata.GINT_GetInstance.str1.4
                0x00006dd4       0x34 ./drivers/fsl_gint.o
 .rodata.s_gpioClockName
                0x00006e08        0xc ./drivers/fsl_gpio.o
 .rodata.s_gpioResets
                0x00006e14       0x18 ./drivers/fsl_gpio.o
 .rodata.GPIO_PortInit.str1.4
                0x00006e2c       0x34 ./drivers/fsl_gpio.o
 .rodata.s_pintIRQ
                0x00006e60        0x8 ./drivers/fsl_pint.o
 .rodata.PINT_Init.str1.4
                0x00006e68       0x1e ./drivers/fsl_pint.o
 *fill*         0x00006e86        0x2 ff
 .rodata.PINT_PinInterruptConfig.str1.4
                0x00006e88       0x1f ./drivers/fsl_pint.o
 *fill*         0x00006ea7        0x1 ff
 .rodata.PINT_EnableCallbackByIndex.str1.4
                0x00006ea8       0x1f ./drivers/fsl_pint.o
 *fill*         0x00006ec7        0x1 ff
 .rodata.RESET_SetPeripheralReset.str1.4
                0x00006ec8       0x20 ./drivers/fsl_reset.o
 .rodata.RESET_ClearPeripheralReset.str1.4
                0x00006ee8       0x20 ./drivers/fsl_reset.o
 .rodata.xTimerCreateTimerTask.str1.4
                0x00006f08        0x8 ./amazon-freertos/freertos_kernel/timers.o
 .rodata.prvCheckForValidListAndQueue.str1.4
                0x00006f10        0x8 ./amazon-freertos/freertos_kernel/timers.o
                                  0x5 (size before relaxing)
 .rodata.__num_Ciob_streams
                0x00006f18        0x4 d:/nxpide/mcuxpressoide_11.1.0_3209/ide/plugins/com.nxp.mcuxpresso.tools.win32_11.1.0.201909161352/tools/bin/../lib/gcc/arm-none-eabi/8.3.1/../../../../arm-none-eabi/lib/thumb/v7e-m+fp/hard\libcr_semihost_nf.a(__ciob.o)
                0x00006f18                __num_Ciob_streams
 .rodata._Csys_alloc.str1.1
                0x00006f1c       0x18 d:/nxpide/mcuxpressoide_11.1.0_3209/ide/plugins/com.nxp.mcuxpresso.tools.win32_11.1.0.201909161352/tools/bin/../lib/gcc/arm-none-eabi/8.3.1/../../../../arm-none-eabi/lib/thumb/v7e-m+fp/hard\libcr_c.a(alloc.o)
 .rodata._initio.str1.1
                0x00006f34        0x4 d:/nxpide/mcuxpressoide_11.1.0_3209/ide/plugins/com.nxp.mcuxpresso.tools.win32_11.1.0.201909161352/tools/bin/../lib/gcc/arm-none-eabi/8.3.1/../../../../arm-none-eabi/lib/thumb/v7e-m+fp/hard\libcr_c.a(initio.o)
 .rodata.__vfprintf.str1.1
                0x00006f38       0x37 d:/nxpide/mcuxpressoide_11.1.0_3209/ide/plugins/com.nxp.mcuxpresso.tools.win32_11.1.0.201909161352/tools/bin/../lib/gcc/arm-none-eabi/8.3.1/../../../../arm-none-eabi/lib/thumb/v7e-m+fp/hard\libcr_c.a(printf.o)
                                 0x38 (size before relaxing)
                0x00006f70                . = ALIGN (0x4)
 *fill*         0x00006f6f        0x1 ff

.glue_7         0x00006f70        0x0
 .glue_7        0x00006f70        0x0 linker stubs

.glue_7t        0x00006f70        0x0
 .glue_7t       0x00006f70        0x0 linker stubs

.vfp11_veneer   0x00006f70        0x0
 .vfp11_veneer  0x00006f70        0x0 linker stubs

.v4_bx          0x00006f70        0x0
 .v4_bx         0x00006f70        0x0 linker stubs

.iplt           0x00006f70        0x0
 .iplt          0x00006f70        0x0 ./utilities/fsl_assert.o

.rel.dyn        0x00006f70        0x0
 .rel.iplt      0x00006f70        0x0 ./utilities/fsl_assert.o

.ARM.extab
 *(SORT_BY_ALIGNMENT(.ARM.extab*) SORT_BY_ALIGNMENT(.gnu.linkonce.armextab.*))
                0x00006f70                __exidx_start = .

.ARM.exidx
 *(SORT_BY_ALIGNMENT(.ARM.exidx*) SORT_BY_ALIGNMENT(.gnu.linkonce.armexidx.*))
                0x00006f70                __exidx_end = .
                0x00006f70                _etext = .

.m_usb_data
 *(SORT_BY_ALIGNMENT(m_usb_global))

.data_RAM2      0x04000000        0x0 load address 0x00006f70
 FILL mask 0xff
                [!provide]                PROVIDE (__start_data_RAM2 = .)
                [!provide]                PROVIDE (__start_data_SRAMX = .)
 *(SORT_BY_ALIGNMENT(.ramfunc.$RAM2))
 *(SORT_BY_ALIGNMENT(.ramfunc.$SRAMX))
 *(SORT_BY_ALIGNMENT(.data.$RAM2))
 *(SORT_BY_ALIGNMENT(.data.$SRAMX))
 *(SORT_BY_ALIGNMENT(.data.$RAM2.*))
 *(SORT_BY_ALIGNMENT(.data.$SRAMX.*))
                0x04000000                . = ALIGN (0x4)
                [!provide]                PROVIDE (__end_data_RAM2 = .)
                [!provide]                PROVIDE (__end_data_SRAMX = .)

.data_RAM3      0x40100000        0x0 load address 0x00006f70
 FILL mask 0xff
                [!provide]                PROVIDE (__start_data_RAM3 = .)
                [!provide]                PROVIDE (__start_data_USB_RAM = .)
 *(SORT_BY_ALIGNMENT(.ramfunc.$RAM3))
 *(SORT_BY_ALIGNMENT(.ramfunc.$USB_RAM))
 *(SORT_BY_ALIGNMENT(.data.$RAM3))
 *(SORT_BY_ALIGNMENT(.data.$USB_RAM))
 *(SORT_BY_ALIGNMENT(.data.$RAM3.*))
 *(SORT_BY_ALIGNMENT(.data.$USB_RAM.*))
                0x40100000                . = ALIGN (0x4)
                [!provide]                PROVIDE (__end_data_RAM3 = .)
                [!provide]                PROVIDE (__end_data_USB_RAM = .)

.data_RAM4      0xa0000000        0x0 load address 0x00006f70
 FILL mask 0xff
                [!provide]                PROVIDE (__start_data_RAM4 = .)
                [!provide]                PROVIDE (__start_data_BOARD_SDRAM = .)
 *(SORT_BY_ALIGNMENT(.ramfunc.$RAM4))
 *(SORT_BY_ALIGNMENT(.ramfunc.$BOARD_SDRAM))
 *(SORT_BY_ALIGNMENT(.data.$RAM4))
 *(SORT_BY_ALIGNMENT(.data.$BOARD_SDRAM))
 *(SORT_BY_ALIGNMENT(.data.$RAM4.*))
 *(SORT_BY_ALIGNMENT(.data.$BOARD_SDRAM.*))
                0xa0000000                . = ALIGN (0x4)
                [!provide]                PROVIDE (__end_data_RAM4 = .)
                [!provide]                PROVIDE (__end_data_BOARD_SDRAM = .)

.uninit_RESERVED
                0x20000000        0x0
                0x20000000                _start_uninit_RESERVED = .
 *(SORT_BY_ALIGNMENT(.bss.$RESERVED*))
                0x20000000                . = ALIGN (0x4)
                0x20000000                _end_uninit_RESERVED = .

.data           0x20000000       0x54 load address 0x00006f70
 FILL mask 0xff
                0x20000000                _data = .
                [!provide]                PROVIDE (__start_data_RAM = .)
                [!provide]                PROVIDE (__start_data_SRAM_UPPER = .)
 *(SORT_BY_ALIGNMENT(vtable))
 *(SORT_BY_ALIGNMENT(.ramfunc*))
 *(SORT_BY_ALIGNMENT(CodeQuickAccess))
 *(SORT_BY_ALIGNMENT(DataQuickAccess))
 *(SORT_BY_ALIGNMENT(RamFunction))
 *(SORT_BY_ALIGNMENT(.data*))
 .data.USB_FsConfigDescriptor
                0x20000000       0x4c ./source/cdc_desc.o
                0x20000000                USB_FsConfigDescriptor
 .data.SystemCoreClock
                0x2000004c        0x4 ./device/system_LPC54608.o
                0x2000004c                SystemCoreClock
 .data.uxCriticalNesting
                0x20000050        0x4 ./amazon-freertos/freertos_kernel/portable/GCC/ARM_CM4F/port.o
                0x20000054                . = ALIGN (0x4)
                0x20000054                _edata = .
                [!provide]                PROVIDE (__end_data_RAM = .)
                [!provide]                PROVIDE (__end_data_SRAM_UPPER = .)

.igot.plt       0x20000054        0x0 load address 0x00006fc4
 .igot.plt      0x20000054        0x0 ./utilities/fsl_assert.o

.bss_RAM2       0x04000000        0x0
                [!provide]                PROVIDE (__start_bss_RAM2 = .)
                [!provide]                PROVIDE (__start_bss_SRAMX = .)
 *(SORT_BY_ALIGNMENT(.bss.$RAM2))
 *(SORT_BY_ALIGNMENT(.bss.$SRAMX))
 *(SORT_BY_ALIGNMENT(.bss.$RAM2.*))
 *(SORT_BY_ALIGNMENT(.bss.$SRAMX.*))
                0x04000000                . = ALIGN ((. != 0x0)?0x4:0x1)
                [!provide]                PROVIDE (__end_bss_RAM2 = .)
                [!provide]                PROVIDE (__end_bss_SRAMX = .)

.bss_RAM3       0x40100000        0x0
                [!provide]                PROVIDE (__start_bss_RAM3 = .)
                [!provide]                PROVIDE (__start_bss_USB_RAM = .)
 *(SORT_BY_ALIGNMENT(.bss.$RAM3))
 *(SORT_BY_ALIGNMENT(.bss.$USB_RAM))
 *(SORT_BY_ALIGNMENT(.bss.$RAM3.*))
 *(SORT_BY_ALIGNMENT(.bss.$USB_RAM.*))
                0x40100000                . = ALIGN ((. != 0x0)?0x4:0x1)
                [!provide]                PROVIDE (__end_bss_RAM3 = .)
                [!provide]                PROVIDE (__end_bss_USB_RAM = .)

.bss_RAM4       0xa0000000        0x0
                [!provide]                PROVIDE (__start_bss_RAM4 = .)
                [!provide]                PROVIDE (__start_bss_BOARD_SDRAM = .)
 *(SORT_BY_ALIGNMENT(.bss.$RAM4))
 *(SORT_BY_ALIGNMENT(.bss.$BOARD_SDRAM))
 *(SORT_BY_ALIGNMENT(.bss.$RAM4.*))
 *(SORT_BY_ALIGNMENT(.bss.$BOARD_SDRAM.*))
                0xa0000000                . = ALIGN ((. != 0x0)?0x4:0x1)
                [!provide]                PROVIDE (__end_bss_RAM4 = .)
                [!provide]                PROVIDE (__end_bss_BOARD_SDRAM = .)

.bss            0x20000800     0x3550
                0x20000800                _bss = .
                [!provide]                PROVIDE (__start_bss_RAM = .)
                [!provide]                PROVIDE (__start_bss_SRAM_UPPER = .)
 *(SORT_BY_ALIGNMENT(.bss*))
 .bss.g_memUsbStack
                0x20000800      0x800 ./source/freertos_event.o
                0x20000800                g_memUsbStack
 .bss.g_vCOM    0x20001000       0x14 ./source/cdc_vcom.o
                0x20001000                g_vCOM
 .bss.g_systickCounter
                0x20001014        0x4 ./source/freertos_event.o
                0x20001014                g_systickCounter
 .bss.g_hUsb    0x20001018        0x4 ./source/freertos_event.o
 .bss.buffer    0x2000101c      0x240 ./source/freertos_event.o
                0x2000101c                buffer
 .bss.bufferCurrent
                0x2000125c        0x4 ./source/freertos_event.o
                0x2000125c                bufferCurrent
 .bss.bufferPoolList
                0x20001260        0x4 ./source/freertos_event.o
                0x20001260                bufferPoolList
 .bss.bufferDataList
                0x20001264        0x4 ./source/freertos_event.o
                0x20001264                bufferDataList
 .bss.g_pUsbApi
                0x20001268        0x4 ./source/freertos_event.o
                0x20001268                g_pUsbApi
 .bss.s_Pll_Freq
                0x2000126c        0x4 ./drivers/fsl_clock.o
 .bss.s_Usb_Pll_Freq
                0x20001270        0x4 ./drivers/fsl_clock.o
 .bss.s_Audio_Pll_Freq
                0x20001274        0x4 ./drivers/fsl_clock.o
 .bss.s_flexcommIrqHandler
                0x20001278       0x28 ./drivers/fsl_flexcomm.o
 .bss.s_flexcommHandle
                0x200012a0       0x28 ./drivers/fsl_flexcomm.o
 .bss.s_gintCallback
                0x200012c8        0x8 ./drivers/fsl_gint.o
 .bss.s_pintCallback
                0x200012d0       0x20 ./drivers/fsl_pint.o
 .bss.ucHeap    0x200012f0     0x2800 ./amazon-freertos/freertos_kernel/portable/MemMang/heap_4.o
 .bss.xStart    0x20003af0        0x8 ./amazon-freertos/freertos_kernel/portable/MemMang/heap_4.o
 .bss.pxEnd     0x20003af8        0x4 ./amazon-freertos/freertos_kernel/portable/MemMang/heap_4.o
 .bss.xFreeBytesRemaining
                0x20003afc        0x4 ./amazon-freertos/freertos_kernel/portable/MemMang/heap_4.o
 .bss.xMinimumEverFreeBytesRemaining
                0x20003b00        0x4 ./amazon-freertos/freertos_kernel/portable/MemMang/heap_4.o
 .bss.xBlockAllocatedBit
                0x20003b04        0x4 ./amazon-freertos/freertos_kernel/portable/MemMang/heap_4.o
 .bss.ulMaxPRIGROUPValue
                0x20003b08        0x4 ./amazon-freertos/freertos_kernel/portable/GCC/ARM_CM4F/port.o
 .bss.xQueueRegistry
                0x20003b0c       0x40 ./amazon-freertos/freertos_kernel/queue.o
                0x20003b0c                xQueueRegistry
 .bss.pxCurrentTCB
                0x20003b4c        0x4 ./amazon-freertos/freertos_kernel/tasks.o
                0x20003b4c                pxCurrentTCB
 .bss.pxReadyTasksLists
                0x20003b50       0x64 ./amazon-freertos/freertos_kernel/tasks.o
 .bss.xDelayedTaskList1
                0x20003bb4       0x14 ./amazon-freertos/freertos_kernel/tasks.o
 .bss.xDelayedTaskList2
                0x20003bc8       0x14 ./amazon-freertos/freertos_kernel/tasks.o
 .bss.pxDelayedTaskList
                0x20003bdc        0x4 ./amazon-freertos/freertos_kernel/tasks.o
 .bss.pxOverflowDelayedTaskList
                0x20003be0        0x4 ./amazon-freertos/freertos_kernel/tasks.o
 .bss.xPendingReadyList
                0x20003be4       0x14 ./amazon-freertos/freertos_kernel/tasks.o
 .bss.xTasksWaitingTermination
                0x20003bf8       0x14 ./amazon-freertos/freertos_kernel/tasks.o
 .bss.uxDeletedTasksWaitingCleanUp
                0x20003c0c        0x4 ./amazon-freertos/freertos_kernel/tasks.o
 .bss.xSuspendedTaskList
                0x20003c10       0x14 ./amazon-freertos/freertos_kernel/tasks.o
 .bss.uxCurrentNumberOfTasks
                0x20003c24        0x4 ./amazon-freertos/freertos_kernel/tasks.o
 .bss.xTickCount
                0x20003c28        0x4 ./amazon-freertos/freertos_kernel/tasks.o
 .bss.uxTopReadyPriority
                0x20003c2c        0x4 ./amazon-freertos/freertos_kernel/tasks.o
 .bss.xSchedulerRunning
                0x20003c30        0x4 ./amazon-freertos/freertos_kernel/tasks.o
 .bss.uxPendedTicks
                0x20003c34        0x4 ./amazon-freertos/freertos_kernel/tasks.o
 .bss.xYieldPending
                0x20003c38        0x4 ./amazon-freertos/freertos_kernel/tasks.o
 .bss.xNumOfOverflows
                0x20003c3c        0x4 ./amazon-freertos/freertos_kernel/tasks.o
 .bss.uxTaskNumber
                0x20003c40        0x4 ./amazon-freertos/freertos_kernel/tasks.o
 .bss.xNextTaskUnblockTime
                0x20003c44        0x4 ./amazon-freertos/freertos_kernel/tasks.o
 .bss.xIdleTaskHandle
                0x20003c48        0x4 ./amazon-freertos/freertos_kernel/tasks.o
 .bss.uxSchedulerSuspended
                0x20003c4c        0x4 ./amazon-freertos/freertos_kernel/tasks.o
 .bss.xActiveTimerList1
                0x20003c50       0x14 ./amazon-freertos/freertos_kernel/timers.o
 .bss.xActiveTimerList2
                0x20003c64       0x14 ./amazon-freertos/freertos_kernel/timers.o
 .bss.pxCurrentTimerList
                0x20003c78        0x4 ./amazon-freertos/freertos_kernel/timers.o
 .bss.pxOverflowTimerList
                0x20003c7c        0x4 ./amazon-freertos/freertos_kernel/timers.o
 .bss.xTimerQueue
                0x20003c80        0x4 ./amazon-freertos/freertos_kernel/timers.o
 .bss.xTimerTaskHandle
                0x20003c84        0x4 ./amazon-freertos/freertos_kernel/timers.o
 .bss.xLastTime.5942
                0x20003c88        0x4 ./amazon-freertos/freertos_kernel/timers.o
 .bss.__end_of_heap
                0x20003c8c        0x4 d:/nxpide/mcuxpressoide_11.1.0_3209/ide/plugins/com.nxp.mcuxpresso.tools.win32_11.1.0.201909161352/tools/bin/../lib/gcc/arm-none-eabi/8.3.1/../../../../arm-none-eabi/lib/thumb/v7e-m+fp/hard\libcr_c.a(__init_alloc.o)
                0x20003c8c                __end_of_heap
 .bss.__heaps   0x20003c90        0x4 d:/nxpide/mcuxpressoide_11.1.0_3209/ide/plugins/com.nxp.mcuxpresso.tools.win32_11.1.0.201909161352/tools/bin/../lib/gcc/arm-none-eabi/8.3.1/../../../../arm-none-eabi/lib/thumb/v7e-m+fp/hard\libcr_c.a(__init_alloc.o)
                0x20003c90                __heaps
 .bss.errno     0x20003c94        0x4 d:/nxpide/mcuxpressoide_11.1.0_3209/ide/plugins/com.nxp.mcuxpresso.tools.win32_11.1.0.201909161352/tools/bin/../lib/gcc/arm-none-eabi/8.3.1/../../../../arm-none-eabi/lib/thumb/v7e-m+fp/hard\libcr_c.a(errno.o)
                0x20003c94                errno
 .bss.__Ciob    0x20003c98       0xb4 d:/nxpide/mcuxpressoide_11.1.0_3209/ide/plugins/com.nxp.mcuxpresso.tools.win32_11.1.0.201909161352/tools/bin/../lib/gcc/arm-none-eabi/8.3.1/../../../../arm-none-eabi/lib/thumb/v7e-m+fp/hard\libcr_semihost_nf.a(__ciob.o)
                0x20003c98                __Ciob
 .bss.ucMaxSysCallPriority
                0x20003d4c        0x1 ./amazon-freertos/freertos_kernel/portable/GCC/ARM_CM4F/port.o
 *(SORT_BY_ALIGNMENT(COMMON))
                0x20003d50                . = ALIGN (0x4)
 *fill*         0x20003d4d        0x3 
                0x20003d50                _ebss = .
                [!provide]                PROVIDE (__end_bss_RAM = .)
                [!provide]                PROVIDE (__end_bss_SRAM_UPPER = .)
                [!provide]                PROVIDE (end = .)

.noinit_RAM2    0x04000000        0x0
                [!provide]                PROVIDE (__start_noinit_RAM2 = .)
                [!provide]                PROVIDE (__start_noinit_SRAMX = .)
 *(SORT_BY_ALIGNMENT(.noinit.$RAM2))
 *(SORT_BY_ALIGNMENT(.noinit.$SRAMX))
 *(SORT_BY_ALIGNMENT(.noinit.$RAM2.*))
 *(SORT_BY_ALIGNMENT(.noinit.$SRAMX.*))
                0x04000000                . = ALIGN (0x4)
                [!provide]                PROVIDE (__end_noinit_RAM2 = .)
                [!provide]                PROVIDE (__end_noinit_SRAMX = .)

.noinit_RAM3    0x40100000        0x0
                [!provide]                PROVIDE (__start_noinit_RAM3 = .)
                [!provide]                PROVIDE (__start_noinit_USB_RAM = .)
 *(SORT_BY_ALIGNMENT(.noinit.$RAM3))
 *(SORT_BY_ALIGNMENT(.noinit.$USB_RAM))
 *(SORT_BY_ALIGNMENT(.noinit.$RAM3.*))
 *(SORT_BY_ALIGNMENT(.noinit.$USB_RAM.*))
                0x40100000                . = ALIGN (0x4)
                [!provide]                PROVIDE (__end_noinit_RAM3 = .)
                [!provide]                PROVIDE (__end_noinit_USB_RAM = .)

.noinit_RAM4    0xa0000000        0x0
                [!provide]                PROVIDE (__start_noinit_RAM4 = .)
                [!provide]                PROVIDE (__start_noinit_BOARD_SDRAM = .)
 *(SORT_BY_ALIGNMENT(.noinit.$RAM4))
 *(SORT_BY_ALIGNMENT(.noinit.$BOARD_SDRAM))
 *(SORT_BY_ALIGNMENT(.noinit.$RAM4.*))
 *(SORT_BY_ALIGNMENT(.noinit.$BOARD_SDRAM.*))
                0xa0000000                . = ALIGN (0x4)
                [!provide]                PROVIDE (__end_noinit_RAM4 = .)
                [!provide]                PROVIDE (__end_noinit_BOARD_SDRAM = .)

.noinit         0x20003d50        0x0
                0x20003d50                _noinit = .
                [!provide]                PROVIDE (__start_noinit_RAM = .)
                [!provide]                PROVIDE (__start_noinit_SRAM_UPPER = .)
 *(SORT_BY_ALIGNMENT(.noinit*))
                0x20003d50                . = ALIGN (0x4)
                0x20003d50                _end_noinit = .
                [!provide]                PROVIDE (__end_noinit_RAM = .)
                [!provide]                PROVIDE (__end_noinit_SRAM_UPPER = .)
                0x00001000                _HeapSize = 0x1000

.heap           0x20003d50     0x1000
                0x20003d50                _pvHeapStart = .
                0x20004d50                . = (. + _HeapSize)
 *fill*         0x20003d50     0x1000 
                0x20004d50                . = ALIGN (0x4)
                0x20004d50                _pvHeapLimit = .
                0x00001000                _StackSize = 0x1000

.heap2stackfill
                0x20004d50     0x1000
                0x20005d50                . = (. + _StackSize)
 *fill*         0x20004d50     0x1000 

.stack          0x20027000        0x0
                0x20027000                _vStackBase = .
                0x20027000                . = ALIGN (0x4)
                0x20028000                _vStackTop = (. + _StackSize)
                0xdffd20f4                PROVIDE (__valid_user_code_checksum = (0x0 - ((((((_vStackTop + (ResetISR + 0x1)) + (NMI_Handler + 0x1)) + (HardFault_Handler + 0x1)) + (DEFINED (MemManage_Handler)?MemManage_Handler:0x0 + 0x1)) + (DEFINED (BusFault_Handler)?BusFault_Handler:0x0 + 0x1)) + (DEFINED (UsageFault_Handler)?UsageFault_Handler:0x0 + 0x1))))
                0x00000000                _image_start = LOADADDR (.text)
                0x00006fc4                _image_end = (LOADADDR (.data) + SIZEOF (.data))
                0x00006fc4                _image_size = (_image_end - _image_start)
OUTPUT(lpcxpresso54608_freertos_event.axf elf32-littlearm)

.debug_info     0x00000000    0x20a1a
 .debug_info    0x00000000      0x243 ./utilities/fsl_assert.o
 .debug_info    0x00000243      0x6c6 ./startup/startup_lpc54608.o
 .debug_info    0x00000909     0x1816 ./source/cdc_desc.o
 .debug_info    0x0000211f     0x2313 ./source/cdc_vcom.o
 .debug_info    0x00004432     0x46e8 ./source/freertos_event.o
 .debug_info    0x00008b1a       0x3c ./source/semihost_hardfault.o
 .debug_info    0x00008b56     0x3102 ./drivers/fsl_clock.o
 .debug_info    0x0000bc58     0x10f3 ./drivers/fsl_common.o
 .debug_info    0x0000cd4b     0x19dd ./drivers/fsl_flexcomm.o
 .debug_info    0x0000e728     0x1c39 ./drivers/fsl_gint.o
 .debug_info    0x00010361     0x161e ./drivers/fsl_gpio.o
 .debug_info    0x0001197f     0x1520 ./drivers/fsl_inputmux.o
 .debug_info    0x00012e9f     0x2104 ./drivers/fsl_pint.o
 .debug_info    0x00014fa3      0xde5 ./drivers/fsl_reset.o
 .debug_info    0x00015d88      0xf2c ./device/system_LPC54608.o
 .debug_info    0x00016cb4     0x141d ./board/board.o
 .debug_info    0x000180d1     0x10e6 ./board/clock_config.o
 .debug_info    0x000191b7      0xf65 ./board/pin_mux.o
 .debug_info    0x0001a11c      0x424 ./amazon-freertos/freertos_kernel/portable/MemMang/heap_4.o
 .debug_info    0x0001a540      0x52f ./amazon-freertos/freertos_kernel/portable/GCC/ARM_CM4F/port.o
 .debug_info    0x0001aa6f      0x302 ./amazon-freertos/freertos_kernel/list.o
 .debug_info    0x0001ad71     0x1863 ./amazon-freertos/freertos_kernel/queue.o
 .debug_info    0x0001c5d4     0x21b7 ./amazon-freertos/freertos_kernel/tasks.o
 .debug_info    0x0001e78b      0xefa ./amazon-freertos/freertos_kernel/timers.o
 .debug_info    0x0001f685     0x1395 D:\Gitspace\LPC54608\lpcxpresso54608_freertos_event\libs\libpower_hardabi.a(fsl_power_lib.o)

.debug_abbrev   0x00000000     0x39b2
 .debug_abbrev  0x00000000       0xe9 ./utilities/fsl_assert.o
 .debug_abbrev  0x000000e9      0x16d ./startup/startup_lpc54608.o
 .debug_abbrev  0x00000256      0x1a4 ./source/cdc_desc.o
 .debug_abbrev  0x000003fa      0x311 ./source/cdc_vcom.o
 .debug_abbrev  0x0000070b      0x484 ./source/freertos_event.o
 .debug_abbrev  0x00000b8f       0x31 ./source/semihost_hardfault.o
 .debug_abbrev  0x00000bc0      0x38e ./drivers/fsl_clock.o
 .debug_abbrev  0x00000f4e      0x28b ./drivers/fsl_common.o
 .debug_abbrev  0x000011d9      0x30f ./drivers/fsl_flexcomm.o
 .debug_abbrev  0x000014e8      0x2c1 ./drivers/fsl_gint.o
 .debug_abbrev  0x000017a9      0x246 ./drivers/fsl_gpio.o
 .debug_abbrev  0x000019ef      0x20b ./drivers/fsl_inputmux.o
 .debug_abbrev  0x00001bfa      0x30e ./drivers/fsl_pint.o
 .debug_abbrev  0x00001f08      0x188 ./drivers/fsl_reset.o
 .debug_abbrev  0x00002090      0x1fc ./device/system_LPC54608.o
 .debug_abbrev  0x0000228c      0x20e ./board/board.o
 .debug_abbrev  0x0000249a      0x1c9 ./board/clock_config.o
 .debug_abbrev  0x00002663      0x1f3 ./board/pin_mux.o
 .debug_abbrev  0x00002856      0x212 ./amazon-freertos/freertos_kernel/portable/MemMang/heap_4.o
 .debug_abbrev  0x00002a68      0x246 ./amazon-freertos/freertos_kernel/portable/GCC/ARM_CM4F/port.o
 .debug_abbrev  0x00002cae      0x12d ./amazon-freertos/freertos_kernel/list.o
 .debug_abbrev  0x00002ddb      0x2d9 ./amazon-freertos/freertos_kernel/queue.o
 .debug_abbrev  0x000030b4      0x32b ./amazon-freertos/freertos_kernel/tasks.o
 .debug_abbrev  0x000033df      0x28f ./amazon-freertos/freertos_kernel/timers.o
 .debug_abbrev  0x0000366e      0x344 D:\Gitspace\LPC54608\lpcxpresso54608_freertos_event\libs\libpower_hardabi.a(fsl_power_lib.o)

.debug_aranges  0x00000000     0x1090
 .debug_aranges
                0x00000000       0x20 ./utilities/fsl_assert.o
 .debug_aranges
                0x00000020      0x248 ./startup/startup_lpc54608.o
 .debug_aranges
                0x00000268       0x18 ./source/cdc_desc.o
 .debug_aranges
                0x00000280       0x68 ./source/cdc_vcom.o
 .debug_aranges
                0x000002e8       0xe0 ./source/freertos_event.o
 .debug_aranges
                0x000003c8       0x20 ./source/semihost_hardfault.o
 .debug_aranges
                0x000003e8      0x2c8 ./drivers/fsl_clock.o
 .debug_aranges
                0x000006b0       0x68 ./drivers/fsl_common.o
 .debug_aranges
                0x00000718       0x98 ./drivers/fsl_flexcomm.o
 .debug_aranges
                0x000007b0       0xb0 ./drivers/fsl_gint.o
 .debug_aranges
                0x00000860       0x30 ./drivers/fsl_gpio.o
 .debug_aranges
                0x00000890       0x40 ./drivers/fsl_inputmux.o
 .debug_aranges
                0x000008d0      0x108 ./drivers/fsl_pint.o
 .debug_aranges
                0x000009d8       0x30 ./drivers/fsl_reset.o
 .debug_aranges
                0x00000a08       0x68 ./device/system_LPC54608.o
 .debug_aranges
                0x00000a70       0x30 ./board/board.o
 .debug_aranges
                0x00000aa0       0x48 ./board/clock_config.o
 .debug_aranges
                0x00000ae8       0x30 ./board/pin_mux.o
 .debug_aranges
                0x00000b18       0x50 ./amazon-freertos/freertos_kernel/portable/MemMang/heap_4.o
 .debug_aranges
                0x00000b68       0x78 ./amazon-freertos/freertos_kernel/portable/GCC/ARM_CM4F/port.o
 .debug_aranges
                0x00000be0       0x40 ./amazon-freertos/freertos_kernel/list.o
 .debug_aranges
                0x00000c20      0x130 ./amazon-freertos/freertos_kernel/queue.o
 .debug_aranges
                0x00000d50      0x1f8 ./amazon-freertos/freertos_kernel/tasks.o
 .debug_aranges
                0x00000f48       0xe0 ./amazon-freertos/freertos_kernel/timers.o
 .debug_aranges
                0x00001028       0x68 D:\Gitspace\LPC54608\lpcxpresso54608_freertos_event\libs\libpower_hardabi.a(fsl_power_lib.o)

.debug_ranges   0x00000000      0xf28
 .debug_ranges  0x00000000       0x10 ./utilities/fsl_assert.o
 .debug_ranges  0x00000010      0x238 ./startup/startup_lpc54608.o
 .debug_ranges  0x00000248       0x58 ./source/cdc_vcom.o
 .debug_ranges  0x000002a0       0xd0 ./source/freertos_event.o
 .debug_ranges  0x00000370       0x10 ./source/semihost_hardfault.o
 .debug_ranges  0x00000380      0x2b8 ./drivers/fsl_clock.o
 .debug_ranges  0x00000638       0x58 ./drivers/fsl_common.o
 .debug_ranges  0x00000690       0x88 ./drivers/fsl_flexcomm.o
 .debug_ranges  0x00000718       0xa0 ./drivers/fsl_gint.o
 .debug_ranges  0x000007b8       0x20 ./drivers/fsl_gpio.o
 .debug_ranges  0x000007d8       0x30 ./drivers/fsl_inputmux.o
 .debug_ranges  0x00000808       0xf8 ./drivers/fsl_pint.o
 .debug_ranges  0x00000900       0x20 ./drivers/fsl_reset.o
 .debug_ranges  0x00000920       0x58 ./device/system_LPC54608.o
 .debug_ranges  0x00000978       0x20 ./board/board.o
 .debug_ranges  0x00000998       0x38 ./board/clock_config.o
 .debug_ranges  0x000009d0       0x20 ./board/pin_mux.o
 .debug_ranges  0x000009f0       0x40 ./amazon-freertos/freertos_kernel/portable/MemMang/heap_4.o
 .debug_ranges  0x00000a30       0x68 ./amazon-freertos/freertos_kernel/portable/GCC/ARM_CM4F/port.o
 .debug_ranges  0x00000a98       0x30 ./amazon-freertos/freertos_kernel/list.o
 .debug_ranges  0x00000ac8      0x120 ./amazon-freertos/freertos_kernel/queue.o
 .debug_ranges  0x00000be8      0x1e8 ./amazon-freertos/freertos_kernel/tasks.o
 .debug_ranges  0x00000dd0       0xd0 ./amazon-freertos/freertos_kernel/timers.o
 .debug_ranges  0x00000ea0       0x88 D:\Gitspace\LPC54608\lpcxpresso54608_freertos_event\libs\libpower_hardabi.a(fsl_power_lib.o)

.debug_macro    0x00000000    0x14d6a
 .debug_macro   0x00000000      0x1cc ./utilities/fsl_assert.o
 .debug_macro   0x000001cc      0xad8 ./utilities/fsl_assert.o
 .debug_macro   0x00000ca4       0x10 ./utilities/fsl_assert.o
 .debug_macro   0x00000cb4       0x1c ./utilities/fsl_assert.o
 .debug_macro   0x00000cd0       0x22 ./utilities/fsl_assert.o
 .debug_macro   0x00000cf2      0x12e ./utilities/fsl_assert.o
 .debug_macro   0x00000e20      0x5b3 ./utilities/fsl_assert.o
 .debug_macro   0x000013d3       0x22 ./utilities/fsl_assert.o
 .debug_macro   0x000013f5       0x10 ./utilities/fsl_assert.o
 .debug_macro   0x00001405       0x38 ./utilities/fsl_assert.o
 .debug_macro   0x0000143d       0x1c ./utilities/fsl_assert.o
 .debug_macro   0x00001459       0x22 ./utilities/fsl_assert.o
 .debug_macro   0x0000147b       0xd8 ./utilities/fsl_assert.o
 .debug_macro   0x00001553     0x1011 ./utilities/fsl_assert.o
 .debug_macro   0x00002564      0x11f ./utilities/fsl_assert.o
 .debug_macro   0x00002683       0x2e ./utilities/fsl_assert.o
 .debug_macro   0x000026b1     0xdb5e ./utilities/fsl_assert.o
 .debug_macro   0x0001020f      0x357 ./utilities/fsl_assert.o
 .debug_macro   0x00010566       0xd0 ./utilities/fsl_assert.o
 .debug_macro   0x00010636      0x2a8 ./utilities/fsl_assert.o
 .debug_macro   0x000108de       0x16 ./utilities/fsl_assert.o
 .debug_macro   0x000108f4       0xe3 ./utilities/fsl_assert.o
 .debug_macro   0x000109d7       0x2e ./utilities/fsl_assert.o
 .debug_macro   0x00010a05      0x198 ./utilities/fsl_assert.o
 .debug_macro   0x00010b9d      0x15a ./utilities/fsl_assert.o
 .debug_macro   0x00010cf7       0xe4 ./utilities/fsl_assert.o
 .debug_macro   0x00010ddb       0x1c ./utilities/fsl_assert.o
 .debug_macro   0x00010df7       0x26 ./utilities/fsl_assert.o
 .debug_macro   0x00010e1d      0x399 ./utilities/fsl_assert.o
 .debug_macro   0x000111b6       0x22 ./utilities/fsl_assert.o
 .debug_macro   0x000111d8       0x32 ./utilities/fsl_assert.o
 .debug_macro   0x0001120a       0x16 ./utilities/fsl_assert.o
 .debug_macro   0x00011220       0xd2 ./utilities/fsl_assert.o
 .debug_macro   0x000112f2       0x1c ./utilities/fsl_assert.o
 .debug_macro   0x0001130e       0x32 ./startup/startup_lpc54608.o
 .debug_macro   0x00011340       0x34 ./startup/startup_lpc54608.o
 .debug_macro   0x00011374       0xdf ./source/cdc_desc.o
 .debug_macro   0x00011453       0x18 ./source/cdc_desc.o
 .debug_macro   0x0001146b       0xc6 ./source/cdc_desc.o
 .debug_macro   0x00011531      0x2ac ./source/cdc_desc.o
 .debug_macro   0x000117dd       0x12 ./source/cdc_desc.o
 .debug_macro   0x000117ef       0xfa ./source/cdc_desc.o
 .debug_macro   0x000118e9       0xee ./source/cdc_desc.o
 .debug_macro   0x000119d7      0x6dd ./source/cdc_desc.o
 .debug_macro   0x000120b4      0x272 ./source/cdc_desc.o
 .debug_macro   0x00012326       0x10 ./source/cdc_desc.o
 .debug_macro   0x00012336      0x2ad ./source/cdc_vcom.o
 .debug_macro   0x000125e3       0xbf ./source/cdc_vcom.o
 .debug_macro   0x000126a2       0xc2 ./source/cdc_vcom.o
 .debug_macro   0x00012764       0x28 ./source/cdc_vcom.o
 .debug_macro   0x0001278c       0x10 ./source/cdc_vcom.o
 .debug_macro   0x0001279c      0x25f ./source/cdc_vcom.o
 .debug_macro   0x000129fb      0x2b2 ./source/cdc_vcom.o
 .debug_macro   0x00012cad       0x34 ./source/cdc_vcom.o
 .debug_macro   0x00012ce1      0x3a3 ./source/freertos_event.o
 .debug_macro   0x00013084       0x16 ./source/freertos_event.o
 .debug_macro   0x0001309a       0x97 ./source/freertos_event.o
 .debug_macro   0x00013131       0x1c ./source/freertos_event.o
 .debug_macro   0x0001314d       0x2e ./source/freertos_event.o
 .debug_macro   0x0001317b       0x10 ./source/freertos_event.o
 .debug_macro   0x0001318b       0x34 ./source/freertos_event.o
 .debug_macro   0x000131bf       0x76 ./source/freertos_event.o
 .debug_macro   0x00013235       0x22 ./source/freertos_event.o
 .debug_macro   0x00013257       0x11 ./source/freertos_event.o
 .debug_macro   0x00013268       0xb1 ./source/freertos_event.o
 .debug_macro   0x00013319       0x61 ./source/freertos_event.o
 .debug_macro   0x0001337a       0xca ./source/freertos_event.o
 .debug_macro   0x00013444       0x16 ./source/freertos_event.o
 .debug_macro   0x0001345a       0x46 ./source/freertos_event.o
 .debug_macro   0x000134a0       0x11 ./source/semihost_hardfault.o
 .debug_macro   0x000134b1      0x22f ./drivers/fsl_clock.o
 .debug_macro   0x000136e0      0x124 ./drivers/fsl_common.o
 .debug_macro   0x00013804      0x127 ./drivers/fsl_flexcomm.o
 .debug_macro   0x0001392b       0x10 ./drivers/fsl_flexcomm.o
 .debug_macro   0x0001393b      0x12e ./drivers/fsl_gint.o
 .debug_macro   0x00013a69      0x12e ./drivers/fsl_gpio.o
 .debug_macro   0x00013b97      0x131 ./drivers/fsl_inputmux.o
 .debug_macro   0x00013cc8      0x12d ./drivers/fsl_pint.o
 .debug_macro   0x00013df5       0x70 ./drivers/fsl_pint.o