Component: ARM Compiler 6.13.1 Tool: armlink [5d895400]

==============================================================================

Section Cross References

    event_groups.o(.text.xEventGroupCreate) refers to heap_4.o(.text.pvPortMalloc) for pvPortMalloc
    event_groups.o(.text.xEventGroupCreate) refers to list.o(.text.vListInitialise) for vListInitialise
    event_groups.o(.ARM.exidx.text.xEventGroupCreate) refers to event_groups.o(.text.xEventGroupCreate) for [Anonymous Symbol]
    event_groups.o(.text.xEventGroupSync) refers to tasks.o(.text.xTaskGetSchedulerState) for xTaskGetSchedulerState
    event_groups.o(.text.xEventGroupSync) refers to tasks.o(.text.vTaskSuspendAll) for vTaskSuspendAll
    event_groups.o(.text.xEventGroupSync) refers to event_groups.o(.text.xEventGroupSetBits) for xEventGroupSetBits
    event_groups.o(.text.xEventGroupSync) refers to tasks.o(.text.vTaskPlaceOnUnorderedEventList) for vTaskPlaceOnUnorderedEventList
    event_groups.o(.text.xEventGroupSync) refers to tasks.o(.text.xTaskResumeAll) for xTaskResumeAll
    event_groups.o(.text.xEventGroupSync) refers to tasks.o(.text.uxTaskResetEventItemValue) for uxTaskResetEventItemValue
    event_groups.o(.text.xEventGroupSync) refers to port.o(.text.vPortEnterCritical) for vPortEnterCritical
    event_groups.o(.text.xEventGroupSync) refers to port.o(.text.vPortExitCritical) for vPortExitCritical
    event_groups.o(.ARM.exidx.text.xEventGroupSync) refers to event_groups.o(.text.xEventGroupSync) for [Anonymous Symbol]
    event_groups.o(.text.xEventGroupSetBits) refers to tasks.o(.text.vTaskSuspendAll) for vTaskSuspendAll
    event_groups.o(.text.xEventGroupSetBits) refers to tasks.o(.text.vTaskRemoveFromUnorderedEventList) for vTaskRemoveFromUnorderedEventList
    event_groups.o(.text.xEventGroupSetBits) refers to tasks.o(.text.xTaskResumeAll) for xTaskResumeAll
    event_groups.o(.ARM.exidx.text.xEventGroupSetBits) refers to event_groups.o(.text.xEventGroupSetBits) for [Anonymous Symbol]
    event_groups.o(.text.xEventGroupWaitBits) refers to tasks.o(.text.xTaskGetSchedulerState) for xTaskGetSchedulerState
    event_groups.o(.text.xEventGroupWaitBits) refers to tasks.o(.text.vTaskSuspendAll) for vTaskSuspendAll
    event_groups.o(.text.xEventGroupWaitBits) refers to event_groups.o(.text.prvTestWaitCondition) for prvTestWaitCondition
    event_groups.o(.text.xEventGroupWaitBits) refers to tasks.o(.text.xTaskResumeAll) for xTaskResumeAll
    event_groups.o(.text.xEventGroupWaitBits) refers to tasks.o(.text.vTaskPlaceOnUnorderedEventList) for vTaskPlaceOnUnorderedEventList
    event_groups.o(.text.xEventGroupWaitBits) refers to tasks.o(.text.uxTaskResetEventItemValue) for uxTaskResetEventItemValue
    event_groups.o(.text.xEventGroupWaitBits) refers to port.o(.text.vPortEnterCritical) for vPortEnterCritical
    event_groups.o(.text.xEventGroupWaitBits) refers to port.o(.text.vPortExitCritical) for vPortExitCritical
    event_groups.o(.ARM.exidx.text.xEventGroupWaitBits) refers to event_groups.o(.text.xEventGroupWaitBits) for [Anonymous Symbol]
    event_groups.o(.ARM.exidx.text.prvTestWaitCondition) refers to event_groups.o(.text.prvTestWaitCondition) for [Anonymous Symbol]
    event_groups.o(.text.xEventGroupClearBits) refers to port.o(.text.vPortEnterCritical) for vPortEnterCritical
    event_groups.o(.text.xEventGroupClearBits) refers to port.o(.text.vPortExitCritical) for vPortExitCritical
    event_groups.o(.ARM.exidx.text.xEventGroupClearBits) refers to event_groups.o(.text.xEventGroupClearBits) for [Anonymous Symbol]
    event_groups.o(.text.xEventGroupClearBitsFromISR) refers to event_groups.o(.text.vEventGroupClearBitsCallback) for vEventGroupClearBitsCallback
    event_groups.o(.text.xEventGroupClearBitsFromISR) refers to timers.o(.text.xTimerPendFunctionCallFromISR) for xTimerPendFunctionCallFromISR
    event_groups.o(.ARM.exidx.text.xEventGroupClearBitsFromISR) refers to event_groups.o(.text.xEventGroupClearBitsFromISR) for [Anonymous Symbol]
    event_groups.o(.text.vEventGroupClearBitsCallback) refers to event_groups.o(.text.xEventGroupClearBits) for xEventGroupClearBits
    event_groups.o(.ARM.exidx.text.vEventGroupClearBitsCallback) refers to event_groups.o(.text.vEventGroupClearBitsCallback) for [Anonymous Symbol]
    event_groups.o(.ARM.exidx.text.xEventGroupGetBitsFromISR) refers to event_groups.o(.text.xEventGroupGetBitsFromISR) for [Anonymous Symbol]
    event_groups.o(.text.vEventGroupDelete) refers to tasks.o(.text.vTaskSuspendAll) for vTaskSuspendAll
    event_groups.o(.text.vEventGroupDelete) refers to tasks.o(.text.vTaskRemoveFromUnorderedEventList) for vTaskRemoveFromUnorderedEventList
    event_groups.o(.text.vEventGroupDelete) refers to heap_4.o(.text.vPortFree) for vPortFree
    event_groups.o(.text.vEventGroupDelete) refers to tasks.o(.text.xTaskResumeAll) for xTaskResumeAll
[...]
    Reserved47_IRQHandler                    0x000004d5   Thumb Code     4  startup_lpc54608.o(.text)
    PIN_INT4_IRQHandler                      0x000004d9   Thumb Code     4  startup_lpc54608.o(.text)
    PIN_INT5_IRQHandler                      0x000004dd   Thumb Code     4  startup_lpc54608.o(.text)
    PIN_INT6_IRQHandler                      0x000004e1   Thumb Code     4  startup_lpc54608.o(.text)
    PIN_INT7_IRQHandler                      0x000004e5   Thumb Code     4  startup_lpc54608.o(.text)
    CTIMER2_IRQHandler                       0x000004e9   Thumb Code     4  startup_lpc54608.o(.text)
    CTIMER4_IRQHandler                       0x000004ed   Thumb Code     4  startup_lpc54608.o(.text)
    RIT_IRQHandler                           0x000004f1   Thumb Code     4  startup_lpc54608.o(.text)
    SPIFI0_IRQHandler                        0x000004f5   Thumb Code     4  startup_lpc54608.o(.text)
    FLEXCOMM8_IRQHandler                     0x000004f9   Thumb Code     4  startup_lpc54608.o(.text)
    FLEXCOMM9_IRQHandler                     0x000004fd   Thumb Code     4  startup_lpc54608.o(.text)
    SDIO_IRQHandler                          0x00000501   Thumb Code     4  startup_lpc54608.o(.text)
    CAN0_IRQ0_IRQHandler                     0x00000505   Thumb Code     4  startup_lpc54608.o(.text)
    CAN0_IRQ1_IRQHandler                     0x00000509   Thumb Code     4  startup_lpc54608.o(.text)
    CAN1_IRQ0_IRQHandler                     0x0000050d   Thumb Code     4  startup_lpc54608.o(.text)
    CAN1_IRQ1_IRQHandler                     0x00000511   Thumb Code     4  startup_lpc54608.o(.text)
    USB1_IRQHandler                          0x00000515   Thumb Code     4  startup_lpc54608.o(.text)
    USB1_NEEDCLK_IRQHandler                  0x00000519   Thumb Code     4  startup_lpc54608.o(.text)
    ETHERNET_IRQHandler                      0x0000051d   Thumb Code     4  startup_lpc54608.o(.text)
    ETHERNET_PMT_IRQHandler                  0x00000521   Thumb Code     4  startup_lpc54608.o(.text)
    ETHERNET_MACLP_IRQHandler                0x00000525   Thumb Code     4  startup_lpc54608.o(.text)
    EEPROM_IRQHandler                        0x00000529   Thumb Code     4  startup_lpc54608.o(.text)
    LCD_IRQHandler                           0x0000052d   Thumb Code     4  startup_lpc54608.o(.text)
    SHA_IRQHandler                           0x00000531   Thumb Code     4  startup_lpc54608.o(.text)
    SMARTCARD0_IRQHandler                    0x00000535   Thumb Code     4  startup_lpc54608.o(.text)
    SMARTCARD1_IRQHandler                    0x00000539   Thumb Code     4  startup_lpc54608.o(.text)
    __aeabi_uldivmod                         0x00000645   Thumb Code    98  uldiv.o(.text)
    ___aeabi_memcpy8$ret                     0x000006a7   Thumb Code     0  memcpy.o(.text)
    __aeabi_memcpy                           0x000006a7   Thumb Code    40  memcpy.o(.text)
    __aeabi_memcpy4                          0x000006a7   Thumb Code     0  memcpy.o(.text)
    memcpy                                   0x000006a7   Thumb Code     0  memcpy.o(.text)
    __aeabi_memset                           0x000006cf   Thumb Code    14  memseta.o(.text)
    __aeabi_memset4                          0x000006cf   Thumb Code     0  memseta.o(.text)
    __aeabi_memset8                          0x000006cf   Thumb Code     0  memseta.o(.text)
    __aeabi_memclr                           0x000006dd   Thumb Code     4  memseta.o(.text)
    __aeabi_memclr4                          0x000006dd   Thumb Code     0  memseta.o(.text)
    __aeabi_memclr8                          0x000006dd   Thumb Code     0  memseta.o(.text)
    memset                                   0x000006e1   Thumb Code    18  memseta.o(.text)
    strlen                                   0x000006f3   Thumb Code    14  strlen.o(.text)
    __aeabi_llsl                             0x00000701   Thumb Code    30  llshl.o(.text)
    _ll_shift_l                              0x00000701   Thumb Code     0  llshl.o(.text)
    __aeabi_llsr                             0x0000071f   Thumb Code    32  llushr.o(.text)
    _ll_ushift_r                             0x0000071f   Thumb Code     0  llushr.o(.text)
    __scatterload                            0x00000741   Thumb Code    28  init.o(.text)
    __scatterload_rt2                        0x00000741   Thumb Code     0  init.o(.text)
    __decompress                             0x00000765   Thumb Code     0  __dczerorl2.o(.text)
    __decompress1                            0x00000765   Thumb Code    86  __dczerorl2.o(.text)
    APPTask                                  0x000007bd   Thumb Code     6  audio_generator.o(.text.APPTask)
    BOARD_BootClockFROHF96M                  0x000007c5   Thumb Code    78  clock_config.o(.text.BOARD_BootClockFROHF96M)
    BOARD_InitDebugConsole                   0x00000815   Thumb Code    92  board.o(.text.BOARD_InitDebugConsole)
    BOARD_InitPins                           0x00000871   Thumb Code    70  pin_mux.o(.text.BOARD_InitPins)
    Board_DMIC_DMA_Init                      0x000008b9   Thumb Code   214  audio_data_dmic.o(.text.Board_DMIC_DMA_Init)
    CLOCK_AttachClk                          0x00000991   Thumb Code    96  fsl_clock.o(.text.CLOCK_AttachClk)
    CLOCK_EnableUsbfs0DeviceClock            0x00000b41   Thumb Code   196  fsl_clock.o(.text.CLOCK_EnableUsbfs0DeviceClock)
    CLOCK_GetCoreSysClkFreq                  0x00000c21   Thumb Code    86  fsl_clock.o(.text.CLOCK_GetCoreSysClkFreq)
    CLOCK_GetFRGInputClock                   0x00000c79   Thumb Code    42  fsl_clock.o(.text.CLOCK_GetFRGInputClock)
    CLOCK_GetFlexCommClkFreq                 0x00000ca5   Thumb Code    76  fsl_clock.o(.text.CLOCK_GetFlexCommClkFreq)
    CLOCK_GetFrgClkFreq                      0x00000cf1   Thumb Code    50  fsl_clock.o(.text.CLOCK_GetFrgClkFreq)
    CLOCK_GetFro12MFreq                      0x00000d25   Thumb Code    28  fsl_clock.o(.text.CLOCK_GetFro12MFreq)
    CLOCK_GetFroHfFreq                       0x00000d41   Thumb Code    50  fsl_clock.o(.text.CLOCK_GetFroHfFreq)
    CLOCK_GetPllOutFreq                      0x00000d75   Thumb Code    12  fsl_clock.o(.text.CLOCK_GetPllOutFreq)
    CLOCK_GetUsbPLLOutFromSetup              0x00000d81   Thumb Code    66  fsl_clock.o(.text.CLOCK_GetUsbPLLOutFromSetup)
    CLOCK_GetWdtOscFreq                      0x00000dd9   Thumb Code    84  fsl_clock.o(.text.CLOCK_GetWdtOscFreq)
    CLOCK_SetClkDiv                          0x00000e3d   Thumb Code    36  fsl_clock.o(.text.CLOCK_SetClkDiv)
    CLOCK_SetFLASHAccessCyclesForFreq        0x00000e79   Thumb Code   148  fsl_clock.o(.text.CLOCK_SetFLASHAccessCyclesForFreq)
    CLOCK_SetUsbPLLFreq                      0x00000f0d   Thumb Code   216  fsl_clock.o(.text.CLOCK_SetUsbPLLFreq)
    CLOCK_SetupFROClocking                   0x00000fe5   Thumb Code   130  fsl_clock.o(.text.CLOCK_SetupFROClocking)
    DMA0_DriverIRQHandler                    0x000010e5   Thumb Code    20  fsl_dma.o(.text.DMA0_DriverIRQHandler)
    DMA_CreateHandle                         0x0000112d   Thumb Code   102  fsl_dma.o(.text.DMA_CreateHandle)
    DMA_IRQHandle                            0x00001281   Thumb Code   166  fsl_dma.o(.text.DMA_IRQHandle)
    DMA_Init                                 0x00001329   Thumb Code    58  fsl_dma.o(.text.DMA_Init)
    DMA_PrepareChannelTransfer               0x00001365   Thumb Code   118  fsl_dma.o(.text.DMA_PrepareChannelTransfer)
    DMA_SetCallback                          0x000013dd   Thumb Code    44  fsl_dma.o(.text.DMA_SetCallback)
    DMA_SetChannelConfig                     0x00001409   Thumb Code   140  fsl_dma.o(.text.DMA_SetChannelConfig)
    DMA_SetupChannelDescriptor               0x000014a9   Thumb Code   256  fsl_dma.o(.text.DMA_SetupChannelDescriptor)
    DMA_SetupDescriptor                      0x000015a9   Thumb Code   148  fsl_dma.o(.text.DMA_SetupDescriptor)
    DMA_StartTransfer                        0x0000163d   Thumb Code   104  fsl_dma.o(.text.DMA_StartTransfer)
    DMA_SubmitChannelTransfer                0x000016a5   Thumb Code   184  fsl_dma.o(.text.DMA_SubmitChannelTransfer)
    DMIC0_DriverIRQHandler                   0x0000175d   Thumb Code    24  fsl_dmic.o(.text.DMIC0_DriverIRQHandler)
    DMIC_ConfigChannel                       0x00001775   Thumb Code    80  fsl_dmic.o(.text.DMIC_ConfigChannel)
    DMIC_EnableChannnel                      0x000017ed   Thumb Code    12  fsl_dmic.o(.text.DMIC_EnableChannnel)
    DMIC_FifoChannel                         0x000017f9   Thumb Code    46  fsl_dmic.o(.text.DMIC_FifoChannel)
    DMIC_GetInstance                         0x00001829   Thumb Code    84  fsl_dmic.o(.text.DMIC_GetInstance)
    DMIC_Init                                0x0000187d   Thumb Code    62  fsl_dmic.o(.text.DMIC_Init)
    DMIC_InstallDMADescriptorMemory          0x000018bd   Thumb Code    32  fsl_dmic_dma.o(.text.DMIC_InstallDMADescriptorMemory)
    DMIC_TransferCreateHandleDMA             0x000018ed   Thumb Code   156  fsl_dmic_dma.o(.text.DMIC_TransferCreateHandleDMA)
    DMIC_TransferReceiveDMA                  0x00001989   Thumb Code   612  fsl_dmic_dma.o(.text.DMIC_TransferReceiveDMA)
    DMIC_Use2fs                              0x00001c49   Thumb Code     6  fsl_dmic.o(.text.DMIC_Use2fs)
    DbgConsole_Init                          0x00001c51   Thumb Code   190  fsl_debug_console.o(.text.DbgConsole_Init)
    DbgConsole_Printf                        0x00001d55   Thumb Code    76  fsl_debug_console.o(.text.DbgConsole_Printf)
    DbgConsole_SendDataReliable              0x00001da1   Thumb Code   106  fsl_debug_console.o(.text.DbgConsole_SendDataReliable)
    FLEXCOMM0_DriverIRQHandler               0x00001e3d   Thumb Code    80  fsl_flexcomm.o(.text.FLEXCOMM0_DriverIRQHandler)
    FLEXCOMM1_DriverIRQHandler               0x00001e8d   Thumb Code    80  fsl_flexcomm.o(.text.FLEXCOMM1_DriverIRQHandler)
    FLEXCOMM2_DriverIRQHandler               0x00001edd   Thumb Code    80  fsl_flexcomm.o(.text.FLEXCOMM2_DriverIRQHandler)
    FLEXCOMM3_DriverIRQHandler               0x00001f2d   Thumb Code    80  fsl_flexcomm.o(.text.FLEXCOMM3_DriverIRQHandler)
    FLEXCOMM4_DriverIRQHandler               0x00001f7d   Thumb Code    80  fsl_flexcomm.o(.text.FLEXCOMM4_DriverIRQHandler)
    FLEXCOMM5_DriverIRQHandler               0x00001fcd   Thumb Code    80  fsl_flexcomm.o(.text.FLEXCOMM5_DriverIRQHandler)
    FLEXCOMM6_DriverIRQHandler               0x0000201d   Thumb Code    84  fsl_flexcomm.o(.text.FLEXCOMM6_DriverIRQHandler)
    FLEXCOMM7_DriverIRQHandler               0x00002071   Thumb Code    84  fsl_flexcomm.o(.text.FLEXCOMM7_DriverIRQHandler)
    FLEXCOMM8_DriverIRQHandler               0x000020c5   Thumb Code    84  fsl_flexcomm.o(.text.FLEXCOMM8_DriverIRQHandler)
    FLEXCOMM9_DriverIRQHandler               0x00002119   Thumb Code    84  fsl_flexcomm.o(.text.FLEXCOMM9_DriverIRQHandler)
    FLEXCOMM_GetInstance                     0x0000216d   Thumb Code   116  fsl_flexcomm.o(.text.FLEXCOMM_GetInstance)
    FLEXCOMM_Init                            0x000021e1   Thumb Code   104  fsl_flexcomm.o(.text.FLEXCOMM_Init)
    HAL_UartInit                             0x000022b1   Thumb Code   208  usart_adapter.o(.text.HAL_UartInit)
    HAL_UartSendBlocking                     0x00002381   Thumb Code   102  usart_adapter.o(.text.HAL_UartSendBlocking)
    HWVAD0_DriverIRQHandler                  0x000023e9   Thumb Code    24  fsl_dmic.o(.text.HWVAD0_DriverIRQHandler)
    OSA_EnterCritical                        0x00002415   Thumb Code    36  fsl_os_abstraction_free_rtos.o(.text.OSA_EnterCritical)
    OSA_ExitCritical                         0x00002439   Thumb Code    18  fsl_os_abstraction_free_rtos.o(.text.OSA_ExitCritical)
    POWER_SetPLL                             0x000024a5   Thumb Code    20  fsl_power_lib.o(.text.POWER_SetPLL)
    POWER_SetUsbPhy                          0x000024b9   Thumb Code    28  fsl_power_lib.o(.text.POWER_SetUsbPhy)
    POWER_SetVoltageForFreq                  0x000024d5   Thumb Code    52  fsl_power_lib.o(.text.POWER_SetVoltageForFreq)
    PendSV_Handler                           0x00002511   Thumb Code   100  port.o(.text.PendSV_Handler)
    RESET_ClearPeripheralReset               0x00002575   Thumb Code    90  fsl_reset.o(.text.RESET_ClearPeripheralReset)
    RESET_PeripheralReset                    0x000025d1   Thumb Code    18  fsl_reset.o(.text.RESET_PeripheralReset)
    RESET_SetPeripheralReset                 0x000025e5   Thumb Code    84  fsl_reset.o(.text.RESET_SetPeripheralReset)
    SCT0_DriverIRQHandler                    0x00002639   Thumb Code    12  fsl_sctimer.o(.text.SCT0_DriverIRQHandler)
    SCTIMER_EventHandleIRQ                   0x00002645   Thumb Code    78  fsl_sctimer.o(.text.SCTIMER_EventHandleIRQ)
    SDK_DelayAtLeastUs                       0x00002695   Thumb Code   112  fsl_common.o(.text.SDK_DelayAtLeastUs)
    SVC_Handler                              0x00002711   Thumb Code    36  port.o(.text.SVC_Handler)
    SerialManager_Init                       0x00002735   Thumb Code   100  serial_manager.o(.text.SerialManager_Init)
    SerialManager_OpenReadHandle             0x00002799   Thumb Code   102  serial_manager.o(.text.SerialManager_OpenReadHandle)
    SerialManager_OpenWriteHandle            0x00002801   Thumb Code    88  serial_manager.o(.text.SerialManager_OpenWriteHandle)
    SerialManager_WriteBlocking              0x000028ed   Thumb Code     4  serial_manager.o(.text.SerialManager_WriteBlocking)
    Serial_UartInit                          0x000028f1   Thumb Code   108  serial_port_uart.o(.text.Serial_UartInit)
    Serial_UartWrite                         0x0000295d   Thumb Code    82  serial_port_uart.o(.text.Serial_UartWrite)
    StrFormatPrintf                          0x000029b1   Thumb Code   554  fsl_str.o(.text.StrFormatPrintf)
    SysTick_Handler                          0x00002bdd   Thumb Code    46  port.o(.text.SysTick_Handler)
    SystemInit                               0x00002c0d   Thumb Code    50  system_lpc54608.o(.text.SystemInit)
    SystemInitHook                           0x00002c41   Thumb Code     2  system_lpc54608.o(.text.SystemInitHook)
    USART_GetDefaultConfig                   0x00002c59   Thumb Code    68  fsl_usart.o(.text.USART_GetDefaultConfig)
    USART_Init                               0x00002c9d   Thumb Code   328  fsl_usart.o(.text.USART_Init)
    USART_SetBaudRate                        0x00002de5   Thumb Code   248  fsl_usart.o(.text.USART_SetBaudRate)
    USART_WriteBlocking                      0x00002edd   Thumb Code    72  fsl_usart.o(.text.USART_WriteBlocking)
    USB0_IRQHandler                          0x00002f25   Thumb Code    14  audio_generator.o(.text.USB0_IRQHandler)
    USB_AudioRecorderGetBuffer               0x00002f35   Thumb Code    70  audio_data_dmic.o(.text.USB_AudioRecorderGetBuffer)
    USB_DeviceApplicationInit                0x00002fd5   Thumb Code   128  audio_generator.o(.text.USB_DeviceApplicationInit)
    USB_DeviceAudioCallback                  0x00003099   Thumb Code    80  audio_generator.o(.text.USB_DeviceAudioCallback)
    USB_DeviceAudioControlEndpointsDeinit    0x000030e9   Thumb Code    58  usb_device_audio.o(.text.USB_DeviceAudioControlEndpointsDeinit)
    USB_DeviceAudioControlEndpointsInit      0x00003125   Thumb Code   274  usb_device_audio.o(.text.USB_DeviceAudioControlEndpointsInit)
    USB_DeviceAudioDeinit                    0x00003239   Thumb Code    34  usb_device_audio.o(.text.USB_DeviceAudioDeinit)
    USB_DeviceAudioEvent                     0x0000325d   Thumb Code   568  usb_device_audio.o(.text.USB_DeviceAudioEvent)
    USB_DeviceAudioGetCurAudioFeatureUnit    0x000034b9   Thumb Code    42  usb_device_audio.o(.text.USB_DeviceAudioGetCurAudioFeatureUnit)
    USB_DeviceAudioGetFeatureUnit            0x000034e5   Thumb Code    38  usb_device_audio.o(.text.USB_DeviceAudioGetFeatureUnit)
    USB_DeviceAudioGetMaxAudioFeatureUnit    0x0000350d   Thumb Code    76  usb_device_audio.o(.text.USB_DeviceAudioGetMaxAudioFeatureUnit)
    USB_DeviceAudioGetMinAudioFeatureUnit    0x00003559   Thumb Code    76  usb_device_audio.o(.text.USB_DeviceAudioGetMinAudioFeatureUnit)
    USB_DeviceAudioGetRequestEndpoint        0x000035a5   Thumb Code    76  usb_device_audio.o(.text.USB_DeviceAudioGetRequestEndpoint)
    USB_DeviceAudioGetRequestInterface       0x000035f1   Thumb Code    86  usb_device_audio.o(.text.USB_DeviceAudioGetRequestInterface)
    USB_DeviceAudioGetResAudioFeatureUnit    0x00003649   Thumb Code    76  usb_device_audio.o(.text.USB_DeviceAudioGetResAudioFeatureUnit)
    USB_DeviceAudioInit                      0x00003695   Thumb Code    64  usb_device_audio.o(.text.USB_DeviceAudioInit)
    USB_DeviceAudioInterruptIn               0x000036d5   Thumb Code    36  usb_device_audio.o(.text.USB_DeviceAudioInterruptIn)
    USB_DeviceAudioIsochronousIn             0x000036f9   Thumb Code    40  usb_device_audio.o(.text.USB_DeviceAudioIsochronousIn)
    USB_DeviceAudioIsochronousOut            0x00003721   Thumb Code    40  usb_device_audio.o(.text.USB_DeviceAudioIsochronousOut)
    USB_DeviceAudioRequest                   0x00003749   Thumb Code  1164  audio_generator.o(.text.USB_DeviceAudioRequest)
    USB_DeviceAudioSend                      0x00003bd5   Thumb Code    50  usb_device_audio.o(.text.USB_DeviceAudioSend)
    USB_DeviceAudioSetCurAudioFeatureUnit    0x00003c09   Thumb Code    42  usb_device_audio.o(.text.USB_DeviceAudioSetCurAudioFeatureUnit)
    USB_DeviceAudioSetFeatureUnit            0x00003c35   Thumb Code    38  usb_device_audio.o(.text.USB_DeviceAudioSetFeatureUnit)
    USB_DeviceAudioSetMaxAudioFeatureUnit    0x00003c5d   Thumb Code    76  usb_device_audio.o(.text.USB_DeviceAudioSetMaxAudioFeatureUnit)
    USB_DeviceAudioSetMinAudioFeatureUnit    0x00003ca9   Thumb Code    76  usb_device_audio.o(.text.USB_DeviceAudioSetMinAudioFeatureUnit)
    USB_DeviceAudioSetRequestEndpoint        0x00003cf5   Thumb Code    86  usb_device_audio.o(.text.USB_DeviceAudioSetRequestEndpoint)
    USB_DeviceAudioSetRequestInterface       0x00003d4d   Thumb Code    86  usb_device_audio.o(.text.USB_DeviceAudioSetRequestInterface)
    USB_DeviceAudioSetResAudioFeatureUnit    0x00003da5   Thumb Code    76  usb_device_audio.o(.text.USB_DeviceAudioSetResAudioFeatureUnit)
    USB_DeviceAudioStreamEndpointsDeinit     0x00003df1   Thumb Code   156  usb_device_audio.o(.text.USB_DeviceAudioStreamEndpointsDeinit)
    USB_DeviceAudioStreamEndpointsInit       0x00003e8d   Thumb Code   252  usb_device_audio.o(.text.USB_DeviceAudioStreamEndpointsInit)
    USB_DeviceCallback                       0x00003f89   Thumb Code   316  audio_generator.o(.text.USB_DeviceCallback)
    USB_DeviceClassCallback                  0x00004479   Thumb Code    64  usb_device_class.o(.text.USB_DeviceClassCallback)
    USB_DeviceClassEvent                     0x000044b9   Thumb Code   138  usb_device_class.o(.text.USB_DeviceClassEvent)
    USB_DeviceClassGetDeviceHandle           0x00004575   Thumb Code    50  usb_device_class.o(.text.USB_DeviceClassGetDeviceHandle)
    USB_DeviceClassInit                      0x000045e9   Thumb Code   168  usb_device_class.o(.text.USB_DeviceClassInit)
    USB_DeviceClockInit                      0x00004691   Thumb Code    38  audio_generator.o(.text.USB_DeviceClockInit)
    USB_DeviceControlCallback                0x000046d1   Thumb Code   466  usb_device_ch9.o(.text.USB_DeviceControlCallback)
    USB_DeviceControlPipeInit                0x00004921   Thumb Code    82  usb_device_ch9.o(.text.USB_DeviceControlPipeInit)
    USB_DeviceDeinit                         0x00004975   Thumb Code    36  usb_device_dci.o(.text.USB_DeviceDeinit)
    USB_DeviceDeinitEndpoint                 0x00004999   Thumb Code    70  usb_device_dci.o(.text.USB_DeviceDeinitEndpoint)
    USB_DeviceGetConfigurationDescriptor     0x00004a01   Thumb Code    28  usb_device_descriptor.o(.text.USB_DeviceGetConfigurationDescriptor)
    USB_DeviceGetDeviceDescriptor            0x00004a39   Thumb Code    18  usb_device_descriptor.o(.text.USB_DeviceGetDeviceDescriptor)
    USB_DeviceGetStatus                      0x00004a4d   Thumb Code    76  usb_device_dci.o(.text.USB_DeviceGetStatus)
    USB_DeviceGetStringDescriptor            0x00004a99   Thumb Code   108  usb_device_descriptor.o(.text.USB_DeviceGetStringDescriptor)
    USB_DeviceInit                           0x00004b05   Thumb Code   190  usb_device_dci.o(.text.USB_DeviceInit)
    USB_DeviceInitEndpoint                   0x00004bc5   Thumb Code    88  usb_device_dci.o(.text.USB_DeviceInitEndpoint)
    USB_DeviceIsrEnable                      0x00004c1d   Thumb Code    14  audio_generator.o(.text.USB_DeviceIsrEnable)
    USB_DeviceLpc3511IpCancel                0x00004c2d   Thumb Code   242  usb_device_lpcip3511.o(.text.USB_DeviceLpc3511IpCancel)
    USB_DeviceLpc3511IpControl               0x00004d21   Thumb Code   284  usb_device_lpcip3511.o(.text.USB_DeviceLpc3511IpControl)
    USB_DeviceLpc3511IpDeinit                0x00004e3d   Thumb Code    66  usb_device_lpcip3511.o(.text.USB_DeviceLpc3511IpDeinit)
    USB_DeviceLpc3511IpInit                  0x00005221   Thumb Code   198  usb_device_lpcip3511.o(.text.USB_DeviceLpc3511IpInit)
    USB_DeviceLpc3511IpRecv                  0x00005501   Thumb Code     4  usb_device_lpcip3511.o(.text.USB_DeviceLpc3511IpRecv)
    USB_DeviceLpc3511IpSend                  0x00005505   Thumb Code    60  usb_device_lpcip3511.o(.text.USB_DeviceLpc3511IpSend)
    USB_DeviceLpcIp3511IsrFunction           0x000056ad   Thumb Code   188  usb_device_lpcip3511.o(.text.USB_DeviceLpcIp3511IsrFunction)
    USB_DeviceNotificationTrigger            0x000058e9   Thumb Code    30  usb_device_dci.o(.text.USB_DeviceNotificationTrigger)
    USB_DeviceRecvRequest                    0x00005909   Thumb Code     8  usb_device_dci.o(.text.USB_DeviceRecvRequest)
    USB_DeviceRun                            0x00005955   Thumb Code     8  usb_device_dci.o(.text.USB_DeviceRun)
    USB_DeviceSendRequest                    0x0000595d   Thumb Code    12  usb_device_dci.o(.text.USB_DeviceSendRequest)
    USB_DeviceSetStatus                      0x00005969   Thumb Code   154  usb_device_dci.o(.text.USB_DeviceSetStatus)
    USB_DeviceStallEndpoint                  0x00005a05   Thumb Code    34  usb_device_dci.o(.text.USB_DeviceStallEndpoint)
    USB_DeviceUnstallEndpoint                0x00005aad   Thumb Code    34  usb_device_dci.o(.text.USB_DeviceUnstallEndpoint)
    __aeabi_assert                           0x00005b11   Thumb Code    60  fsl_assert.o(.text.__aeabi_assert)
    dmic_Callback                            0x00005b4d   Thumb Code    34  audio_data_dmic.o(.text.dmic_Callback)
    main                                     0x00005b71   Thumb Code   220  audio_generator.o(.text.main)
    pvPortMalloc                             0x000065c9   Thumb Code   300  heap_4.o(.text.pvPortMalloc)
    pxPortInitialiseStack                    0x000066f5   Thumb Code    40  port.o(.text.pxPortInitialiseStack)
    uxListRemove                             0x0000671d   Thumb Code    40  list.o(.text.uxListRemove)
    vListInitialise                          0x00006745   Thumb Code    22  list.o(.text.vListInitialise)
    vListInitialiseItem                      0x0000675d   Thumb Code     6  list.o(.text.vListInitialiseItem)
    vListInsert                              0x00006765   Thumb Code    58  list.o(.text.vListInsert)
    vListInsertEnd                           0x000067a1   Thumb Code    28  list.o(.text.vListInsertEnd)
    vPortEnterCritical                       0x000067d1   Thumb Code    70  port.o(.text.vPortEnterCritical)
    vPortExitCritical                        0x00006819   Thumb Code    46  port.o(.text.vPortExitCritical)
    vPortFree                                0x00006849   Thumb Code   126  heap_4.o(.text.vPortFree)
    vPortSetupTimerInterrupt                 0x000068c9   Thumb Code    52  port.o(.text.vPortSetupTimerInterrupt)
    vPortValidateInterruptPriority           0x000068fd   Thumb Code    98  port.o(.text.vPortValidateInterruptPriority)
    vQueueAddToRegistry                      0x00006961   Thumb Code    40  queue.o(.text.vQueueAddToRegistry)
    vQueueWaitForMessageRestricted           0x00006989   Thumb Code    70  queue.o(.text.vQueueWaitForMessageRestricted)
    vTaskInternalSetTimeOutState             0x000069d1   Thumb Code    26  tasks.o(.text.vTaskInternalSetTimeOutState)
    vTaskMissedYield                         0x000069ed   Thumb Code    14  tasks.o(.text.vTaskMissedYield)
    vTaskPlaceOnEventList                    0x000069fd   Thumb Code    54  tasks.o(.text.vTaskPlaceOnEventList)
    vTaskPlaceOnEventListRestricted          0x00006a35   Thumb Code    62  tasks.o(.text.vTaskPlaceOnEventListRestricted)
    vTaskStartScheduler                      0x00006a75   Thumb Code   152  tasks.o(.text.vTaskStartScheduler)
    vTaskSuspendAll                          0x00006b0d   Thumb Code    16  tasks.o(.text.vTaskSuspendAll)
    vTaskSwitchContext                       0x00006b1d   Thumb Code   134  tasks.o(.text.vTaskSwitchContext)
    xPortStartScheduler                      0x00006ba5   Thumb Code   282  port.o(.text.xPortStartScheduler)
    xQueueGenericCreate                      0x00006cc1   Thumb Code    70  queue.o(.text.xQueueGenericCreate)
    xQueueGenericReset                       0x00006d09   Thumb Code   126  queue.o(.text.xQueueGenericReset)
    xQueueGenericSend                        0x00006d89   Thumb Code   418  queue.o(.text.xQueueGenericSend)
    xQueueGenericSendFromISR                 0x00006f2d   Thumb Code   204  queue.o(.text.xQueueGenericSendFromISR)
    xQueueReceive                            0x00006ff9   Thumb Code   370  queue.o(.text.xQueueReceive)
    xTaskCheckForTimeOut                     0x0000716d   Thumb Code   136  tasks.o(.text.xTaskCheckForTimeOut)
    xTaskCreate                              0x000071f5   Thumb Code    88  tasks.o(.text.xTaskCreate)
    xTaskGetSchedulerState                   0x0000724d   Thumb Code    38  tasks.o(.text.xTaskGetSchedulerState)
    xTaskGetTickCount                        0x00007275   Thumb Code    12  tasks.o(.text.xTaskGetTickCount)
    xTaskIncrementTick                       0x00007281   Thumb Code   356  tasks.o(.text.xTaskIncrementTick)
    xTaskPriorityDisinherit                  0x000073e5   Thumb Code   178  tasks.o(.text.xTaskPriorityDisinherit)
    xTaskRemoveFromEventList                 0x00007499   Thumb Code   144  tasks.o(.text.xTaskRemoveFromEventList)
    xTaskResumeAll                           0x00007529   Thumb Code   280  tasks.o(.text.xTaskResumeAll)
    xTimerCreateTimerTask                    0x00007641   Thumb Code    92  timers.o(.text.xTimerCreateTimerTask)
    xTimerGenericCommand                     0x0000769d   Thumb Code   104  timers.o(.text.xTimerGenericCommand)
    __scatterload_copy                       0x00007705   Thumb Code    14  handlers.o(i.__scatterload_copy)
    __scatterload_null                       0x00007713   Thumb Code     2  handlers.o(i.__scatterload_null)
    __scatterload_zeroinit                   0x00007715   Thumb Code    14  handlers.o(i.__scatterload_zeroinit)
    Region$$Table$$Base                      0x00007c30   Number         0  anon$$obj.o(Region$$Table)
    Region$$Table$$Limit                     0x00007c50   Number         0  anon$$obj.o(Region$$Table)
    SystemCoreClock                          0x20000000   Data           4  system_lpc54608.o(.data.SystemCoreClock)
    g_UsbDeviceAudioClass                    0x20000004   Data           8  usb_device_descriptor.o(.data.g_UsbDeviceAudioClass)
    g_UsbDeviceAudioControInterface          0x2000000c   Data          16  usb_device_descriptor.o(.data.g_UsbDeviceAudioControInterface)
    g_UsbDeviceAudioControlEndpoints         0x2000001c   Data           6  usb_device_descriptor.o(.data.g_UsbDeviceAudioControlEndpoints)
    g_UsbDeviceAudioEntities                 0x20000024   Data           8  usb_device_descriptor.o(.data.g_UsbDeviceAudioEntities)
    g_UsbDeviceAudioEntity                   0x2000002c   Data          12  usb_device_descriptor.o(.data.g_UsbDeviceAudioEntity)
    g_UsbDeviceAudioGeneratorEndpoints       0x20000038   Data           6  usb_device_descriptor.o(.data.g_UsbDeviceAudioGeneratorEndpoints)
    g_UsbDeviceAudioInterfaceList            0x20000040   Data           8  usb_device_descriptor.o(.data.g_UsbDeviceAudioInterfaceList)
    g_UsbDeviceAudioInterfaces               0x20000048   Data          24  usb_device_descriptor.o(.data.g_UsbDeviceAudioInterfaces)
    g_UsbDeviceAudioStreamInterface          0x20000060   Data          32  usb_device_descriptor.o(.data.g_UsbDeviceAudioStreamInterface)
    g_UsbDeviceConfigurationDescriptor       0x20000080   Data         118  usb_device_descriptor.o(.data.g_UsbDeviceConfigurationDescriptor)
    g_UsbDeviceDescriptor                    0x20000100   Data          18  usb_device_descriptor.o(.data.g_UsbDeviceDescriptor)
    g_UsbDeviceLanguage                      0x20000114   Data          12  usb_device_descriptor.o(.data.g_UsbDeviceLanguage)
    g_UsbDeviceLanguageList                  0x20000120   Data          16  usb_device_descriptor.o(.data.g_UsbDeviceLanguageList)
    g_UsbDeviceString0                       0x20000140   Data           4  usb_device_descriptor.o(.data.g_UsbDeviceString0)
    g_UsbDeviceString1                       0x20000180   Data          38  usb_device_descriptor.o(.data.g_UsbDeviceString1)
    g_UsbDeviceString2                       0x200001c0   Data          30  usb_device_descriptor.o(.data.g_UsbDeviceString2)
    g_UsbDeviceStringDescriptorArray         0x200001e0   Data          12  usb_device_descriptor.o(.data.g_UsbDeviceStringDescriptorArray)
    g_UsbDeviceStringDescriptorLength        0x200001ec   Data          12  usb_device_descriptor.o(.data.g_UsbDeviceStringDescriptorLength)
    s_audioGenerator                         0x20000240   Data          68  audio_generator.o(.data.s_audioGenerator)
    audioPosition                            0x20000400   Data           4  audio_data_dmic.o(.bss.audioPosition)
    first_int                                0x20000404   Data           4  audio_data_dmic.o(.bss.first_int)
    g_serialHandle                           0x20000408   Data           4  fsl_debug_console.o(.bss.g_serialHandle)
    pxCurrentTCB                             0x20000410   Data           4  tasks.o(.bss.pxCurrentTCB)
    s_dmaDescriptorPingpong                  0x20000870   Data          32  audio_data_dmic.o(.bss.s_dmaDescriptorPingpong)
    s_dma_descriptor_table0                  0x20000a00   Data         480  fsl_dma.o(.bss.s_dma_descriptor_table0)
    s_wavBuff                                0x20000cc0   Data          32  audio_data_dmic.o(.bss.s_wavBuff)
    xQueueRegistry                           0x20004d7c   Data          64  queue.o(.bss.xQueueRegistry)
    Image$$ARM_LIB_HEAP$$ZI$$Base            0x20004e00   Number         0  anon$$obj.o ABSOLUTE
    Image$$ARM_LIB_HEAP$$ZI$$Limit           0x20004f00   Number         0  anon$$obj.o ABSOLUTE
    Image$$ARM_LIB_STACK$$ZI$$Limit          0x20028000   Number         0  anon$$obj.o ABSOLUTE



==============================================================================

Memory Map of the image

  Image Entry point : 0x00000401

  Load Region LR_m_text (Base: 0x00000000, Size: 0x00008200, Max: 0x00080000, ABSOLUTE, COMPRESSED[0x00008000])

    Execution Region VECTOR_ROM (Exec base: 0x00000000, Load base: 0x00000000, Size: 0x00000124, Max: 0x00000400, ABSOLUTE)

    Exec Addr    Load Addr    Size         Type   Attr      Idx    E Section Name        Object

    0x00000000   0x00000000   0x00000124   Data   RO         1497    .isr_vector         startup_lpc54608.o


    Execution Region ER_m_text (Exec base: 0x00000400, Load base: 0x00000400, Size: 0x00007850, Max: 0x0007fc00, ABSOLUTE, FIXED)

    Exec Addr    Load Addr    Size         Type   Attr      Idx    E Section Name        Object

    0x00000400   0x00000400   0x00000000   Code   RO         1837  * .ARM.Collect$$$$00000000  mc_w.l(entry.o)
    0x00000400   0x00000400   0x00000004   Code   RO         2157    .ARM.Collect$$$$00000003  mc_w.l(entry4.o)
    0x00000404   0x00000404   0x00000004   Code   RO         2160    .ARM.Collect$$$$00000004  mc_w.l(entry5.o)
    0x00000408   0x00000408   0x00000000   Code   RO         2162    .ARM.Collect$$$$00000008  mc_w.l(entry7b.o)
    0x00000408   0x00000408   0x00000000   Code   RO         2164    .ARM.Collect$$$$0000000A  mc_w.l(entry8b.o)
    0x00000408   0x00000408   0x00000008   Code   RO         2165    .ARM.Collect$$$$0000000B  mc_w.l(entry9a.o)
    0x00000410   0x00000410   0x00000000   Code   RO         2167    .ARM.Collect$$$$0000000D  mc_w.l(entry10a.o)
    0x00000410   0x00000410   0x00000000   Code   RO         2169    .ARM.Collect$$$$0000000F  mc_w.l(entry11a.o)
    0x00000410   0x00000410   0x00000004   Code   RO         2158    .ARM.Collect$$$$00002714  mc_w.l(entry4.o)
    0x00000414   0x00000414   0x00000230   Code   RO         1496    .text               startup_lpc54608.o
    0x00000644   0x00000644   0x00000062   Code   RO         1840    .text               mc_w.l(uldiv.o)
    0x000006a6   0x000006a6   0x00000028   Code   RO         1842    .text               mc_w.l(memcpy.o)
    0x000006ce   0x000006ce   0x00000024   Code   RO         1848    .text               mc_w.l(memseta.o)
    0x000006f2   0x000006f2   0x0000000e   Code   RO         1850    .text               mc_w.l(strlen.o)
    0x00000700   0x00000700   0x0000001e   Code   RO         2178    .text               mc_w.l(llshl.o)
    0x0000071e   0x0000071e   0x00000020   Code   RO         2180    .text               mc_w.l(llushr.o)
    0x0000073e   0x0000073e   0x00000002   PAD
    0x00000740   0x00000740   0x00000024   Code   RO         2193    .text               mc_w.l(init.o)
    0x00000764   0x00000764   0x00000056   Code   RO         2205    .text               mc_w.l(__dczerorl2.o)
    0x000007ba   0x000007ba   0x00000002   PAD
    0x000007bc   0x000007bc   0x00000006   Code   RO         1437    .text.APPTask       audio_generator.o
    0x000007c2   0x000007c2   0x00000002   PAD
    0x000007c4   0x000007c4   0x0000004e   Code   RO          516    .text.BOARD_BootClockFROHF96M  clock_config.o
    0x00000812   0x00000812   0x00000002   PAD
    0x00000814   0x00000814   0x0000005c   Code   RO          489    .text.BOARD_InitDebugConsole  board.o
    0x00000870   0x00000870   0x00000046   Code   RO          528    .text.BOARD_InitPins  pin_mux.o
    0x000008b6   0x000008b6   0x00000002   PAD
    0x000008b8   0x000008b8   0x000000d6   Code   RO         1388    .text.Board_DMIC_DMA_Init  audio_data_dmic.o
    0x0000098e   0x0000098e   0x00000002   PAD
    0x00000990   0x00000990   0x00000060   Code   RO          775    .text.CLOCK_AttachClk  fsl_clock.o
    0x000009f0   0x000009f0   0x0000002c   Code   RO          921    .text.CLOCK_DisableClock  fsl_clock.o
    0x00000a1c   0x00000a1c   0x00000010   Code   RO         1445    .text.CLOCK_DisableClock  audio_generator.o
    0x00000a2c   0x00000a2c   0x00000010   Code   RO          530    .text.CLOCK_EnableClock  pin_mux.o
    0x00000a3c   0x00000a3c   0x00000032   Code   RO          923    .text.CLOCK_EnableClock  fsl_clock.o
    0x00000a6e   0x00000a6e   0x00000002   PAD
    0x00000a70   0x00000a70   0x00000032   Code   RO          997    .text.CLOCK_EnableClock  fsl_dma.o
    0x00000aa2   0x00000aa2   0x00000002   PAD
    0x00000aa4   0x00000aa4   0x00000032   Code   RO         1080    .text.CLOCK_EnableClock  fsl_dmic.o
    0x00000ad6   0x00000ad6   0x00000002   PAD
    0x00000ad8   0x00000ad8   0x00000032   Code   RO         1193    .text.CLOCK_EnableClock  fsl_flexcomm.o
    0x00000b0a   0x00000b0a   0x00000002   PAD
    0x00000b0c   0x00000b0c   0x00000032   Code   RO         1441    .text.CLOCK_EnableClock  audio_generator.o
    0x00000b3e   0x00000b3e   0x00000002   PAD
    0x00000b40   0x00000b40   0x000000c4   Code   RO          919    .text.CLOCK_EnableUsbfs0DeviceClock  fsl_clock.o
    0x00000c04   0x00000c04   0x0000001a   Code   RO          891    .text.CLOCK_Enable_SysOsc  fsl_clock.o
    0x00000c1e   0x00000c1e   0x00000002   PAD
    0x00000c20   0x00000c20   0x00000056   Code   RO          787    .text.CLOCK_GetCoreSysClkFreq  fsl_clock.o
    0x00000c76   0x00000c76   0x00000002   PAD
    0x00000c78   0x00000c78   0x0000002a   Code   RO          835    .text.CLOCK_GetFRGInputClock  fsl_clock.o
    0x00000ca2   0x00000ca2   0x00000002   PAD
    0x00000ca4   0x00000ca4   0x0000004c   Code   RO          831    .text.CLOCK_GetFlexCommClkFreq  fsl_clock.o
    0x00000cf0   0x00000cf0   0x00000032   Code   RO          833    .text.CLOCK_GetFrgClkFreq  fsl_clock.o
    0x00000d22   0x00000d22   0x00000002   PAD
    0x00000d24   0x00000d24   0x0000001c   Code   RO          821    .text.CLOCK_GetFro12MFreq  fsl_clock.o
    0x00000d40   0x00000d40   0x00000032   Code   RO          793    .text.CLOCK_GetFroHfFreq  fsl_clock.o
    0x00000d72   0x00000d72   0x00000002   PAD
    0x00000d74   0x00000d74   0x0000000c   Code   RO          795    .text.CLOCK_GetPllOutFreq  fsl_clock.o
    0x00000d80   0x00000d80   0x00000042   Code   RO          859    .text.CLOCK_GetUsbPLLOutFromSetup  fsl_clock.o
    0x00000dc2   0x00000dc2   0x00000002   PAD
    0x00000dc4   0x00000dc4   0x00000012   Code   RO          883    .text.CLOCK_GetUsbPLLOutFromSetupUpdate  fsl_clock.o
    0x00000dd6   0x00000dd6   0x00000002   PAD
    0x00000dd8   0x00000dd8   0x00000054   Code   RO          791    .text.CLOCK_GetWdtOscFreq  fsl_clock.o
    0x00000e2c   0x00000e2c   0x00000010   Code   RO          913    .text.CLOCK_IsUsbPLLLocked  fsl_clock.o
    0x00000e3c   0x00000e3c   0x00000024   Code   RO          779    .text.CLOCK_SetClkDiv  fsl_clock.o
    0x00000e60   0x00000e60   0x00000016   Code   RO          845    .text.CLOCK_SetFLASHAccessCycles  fsl_clock.o
    0x00000e76   0x00000e76   0x00000002   PAD
    0x00000e78   0x00000e78   0x00000094   Code   RO          843    .text.CLOCK_SetFLASHAccessCyclesForFreq  fsl_clock.o
    0x00000f0c   0x00000f0c   0x000000d8   Code   RO          911    .text.CLOCK_SetUsbPLLFreq  fsl_clock.o
    0x00000fe4   0x00000fe4   0x00000082   Code   RO          781    .text.CLOCK_SetupFROClocking  fsl_clock.o
    0x00001066   0x00001066   0x00000002   PAD
    0x00001068   0x00001068   0x0000007a   Code   RO         1801    .text.ConvertRadixNumToString  fsl_str.o
    0x000010e2   0x000010e2   0x00000002   PAD
    0x000010e4   0x000010e4   0x00000014   Code   RO         1059    .text.DMA0_DriverIRQHandler  fsl_dma.o
    0x000010f8   0x000010f8   0x00000032   Code   RO         1007    .text.DMA_ChannelIsActive  fsl_dma.o
    0x0000112a   0x0000112a   0x00000002   PAD
    0x0000112c   0x0000112c   0x00000066   Code   RO         1023    .text.DMA_CreateHandle  fsl_dma.o
    0x00001192   0x00001192   0x00000002   PAD
    0x00001194   0x00001194   0x00000036   Code   RO         1021    .text.DMA_EnableChannel  fsl_dma.o
    0x000011ca   0x000011ca   0x00000002   PAD
    0x000011cc   0x000011cc   0x00000012   Code   RO         1390    .text.DMA_EnableChannel  audio_data_dmic.o
    0x000011de   0x000011de   0x00000002   PAD
    0x000011e0   0x000011e0   0x00000036   Code   RO         1029    .text.DMA_EnableChannelInterrupts  fsl_dma.o
    0x00001216   0x00001216   0x00000002   PAD
    0x00001218   0x00001218   0x00000058   Code   RO          995    .text.DMA_GetInstance  fsl_dma.o
    0x00001270   0x00001270   0x0000000e   Code   RO         1025    .text.DMA_GetVirtualStartChannel  fsl_dma.o
    0x0000127e   0x0000127e   0x00000002   PAD
    0x00001280   0x00001280   0x000000a6   Code   RO         1057    .text.DMA_IRQHandle  fsl_dma.o
    0x00001326   0x00001326   0x00000002   PAD
    0x00001328   0x00001328   0x0000003a   Code   RO          993    .text.DMA_Init      fsl_dma.o
    0x00001362   0x00001362   0x00000002   PAD
    0x00001364   0x00001364   0x00000076   Code   RO         1037    .text.DMA_PrepareChannelTransfer  fsl_dma.o
    0x000013da   0x000013da   0x00000002   PAD
    0x000013dc   0x000013dc   0x0000002c   Code   RO         1031    .text.DMA_SetCallback  fsl_dma.o
    0x00001408   0x00001408   0x0000008c   Code   RO         1035    .text.DMA_SetChannelConfig  fsl_dma.o
    0x00001494   0x00001494   0x00000014   Code   RO         1392    .text.DMA_SetChannelPriority  audio_data_dmic.o
    0x000014a8   0x000014a8   0x00000100   Code   RO         1011    .text.DMA_SetupChannelDescriptor  fsl_dma.o
    0x000015a8   0x000015a8   0x00000094   Code   RO         1009    .text.DMA_SetupDescriptor  fsl_dma.o
    0x0000163c   0x0000163c   0x00000068   Code   RO         1055    .text.DMA_StartTransfer  fsl_dma.o
    0x000016a4   0x000016a4   0x000000b8   Code   RO         1047    .text.DMA_SubmitChannelTransfer  fsl_dma.o
    0x0000175c   0x0000175c   0x00000018   Code   RO         1114    .text.DMIC0_DriverIRQHandler  fsl_dmic.o
    0x00001774   0x00001774   0x00000050   Code   RO         1090    .text.DMIC_ConfigChannel  fsl_dmic.o
    0x000017c4   0x000017c4   0x00000012   Code   RO         1142    .text.DMIC_EnableChannelDma  fsl_dmic_dma.o
    0x000017d6   0x000017d6   0x00000002   PAD
    0x000017d8   0x000017d8   0x00000012   Code   RO         1396    .text.DMIC_EnableChannelDma  audio_data_dmic.o
    0x000017ea   0x000017ea   0x00000002   PAD
    0x000017ec   0x000017ec   0x0000000c   Code   RO         1096    .text.DMIC_EnableChannnel  fsl_dmic.o
    0x000017f8   0x000017f8   0x0000002e   Code   RO         1098    .text.DMIC_FifoChannel  fsl_dmic.o
    0x00001826   0x00001826   0x00000002   PAD
    0x00001828   0x00001828   0x00000054   Code   RO         1076    .text.DMIC_GetInstance  fsl_dmic.o
    0x0000187c   0x0000187c   0x0000003e   Code   RO         1078    .text.DMIC_Init     fsl_dmic.o
    0x000018ba   0x000018ba   0x00000002   PAD
    0x000018bc   0x000018bc   0x00000020   Code   RO         1134    .text.DMIC_InstallDMADescriptorMemory  fsl_dmic_dma.o
    0x000018dc   0x000018dc   0x0000000e   Code   RO         1394    .text.DMIC_SetIOCFG  audio_data_dmic.o
    0x000018ea   0x000018ea   0x00000002   PAD
    0x000018ec   0x000018ec   0x0000009c   Code   RO         1136    .text.DMIC_TransferCreateHandleDMA  fsl_dmic_dma.o
    0x00001988   0x00001988   0x00000264   Code   RO         1140    .text.DMIC_TransferReceiveDMA  fsl_dmic_dma.o
    0x00001bec   0x00001bec   0x0000005c   Code   RO         1138    .text.DMIC_TransferReceiveDMACallback  fsl_dmic_dma.o
    0x00001c48   0x00001c48   0x00000006   Code   RO         1094    .text.DMIC_Use2fs   fsl_dmic.o
    0x00001c4e   0x00001c4e   0x00000002   PAD
    0x00001c50   0x00001c50   0x000000be   Code   RO         1769    .text.DbgConsole_Init  fsl_debug_console.o
    0x00001d0e   0x00001d0e   0x00000002   PAD
    0x00001d10   0x00001d10   0x00000044   Code   RO         1777    .text.DbgConsole_PrintCallback  fsl_debug_console.o
    0x00001d54   0x00001d54   0x0000004c   Code   RO         1775    .text.DbgConsole_Printf  fsl_debug_console.o
    0x00001da0   0x00001da0   0x0000006a   Code   RO         1763    .text.DbgConsole_SendDataReliable  fsl_debug_console.o
    0x00001e0a   0x00001e0a   0x00000002   PAD
    0x00001e0c   0x00001e0c   0x0000000a   Code   RO          977    .text.DelayLoop     fsl_common.o
    0x00001e16   0x00001e16   0x00000002   PAD
    0x00001e18   0x00001e18   0x0000000c   Code   RO          660    .text.DisableGlobalIRQ  serial_manager.o
    0x00001e24   0x00001e24   0x00000006   Code   RO          662    .text.EnableGlobalIRQ  serial_manager.o
    0x00001e2a   0x00001e2a   0x00000002   PAD
    0x00001e2c   0x00001e2c   0x0000000c   Code   RO         1027    .text.EnableIRQ     fsl_dma.o
    0x00001e38   0x00001e38   0x00000004   Code   RO         1427    .text.EnableIRQ     audio_generator.o
    0x00001e3c   0x00001e3c   0x00000050   Code   RO         1199    .text.FLEXCOMM0_DriverIRQHandler  fsl_flexcomm.o
    0x00001e8c   0x00001e8c   0x00000050   Code   RO         1201    .text.FLEXCOMM1_DriverIRQHandler  fsl_flexcomm.o
    0x00001edc   0x00001edc   0x00000050   Code   RO         1203    .text.FLEXCOMM2_DriverIRQHandler  fsl_flexcomm.o
    0x00001f2c   0x00001f2c   0x00000050   Code   RO         1205    .text.FLEXCOMM3_DriverIRQHandler  fsl_flexcomm.o
    0x00001f7c   0x00001f7c   0x00000050   Code   RO         1207    .text.FLEXCOMM4_DriverIRQHandler  fsl_flexcomm.o
    0x00001fcc   0x00001fcc   0x00000050   Code   RO         1209    .text.FLEXCOMM5_DriverIRQHandler  fsl_flexcomm.o
    0x0000201c   0x0000201c   0x00000054   Code   RO         1211    .text.FLEXCOMM6_DriverIRQHandler  fsl_flexcomm.o
    0x00002070   0x00002070   0x00000054   Code   RO         1213    .text.FLEXCOMM7_DriverIRQHandler  fsl_flexcomm.o
    0x000020c4   0x000020c4   0x00000054   Code   RO         1215    .text.FLEXCOMM8_DriverIRQHandler  fsl_flexcomm.o
    0x00002118   0x00002118   0x00000054   Code   RO         1217    .text.FLEXCOMM9_DriverIRQHandler  fsl_flexcomm.o
    0x0000216c   0x0000216c   0x00000074   Code   RO         1189    .text.FLEXCOMM_GetInstance  fsl_flexcomm.o
    0x000021e0   0x000021e0   0x00000068   Code   RO         1191    .text.FLEXCOMM_Init  fsl_flexcomm.o
    0x00002248   0x00002248   0x00000028   Code   RO         1219    .text.FLEXCOMM_PeripheralIsPresent  fsl_flexcomm.o
    0x00002270   0x00002270   0x00000032   Code   RO         1195    .text.FLEXCOMM_SetPeriph  fsl_flexcomm.o
    0x000022a2   0x000022a2   0x00000002   PAD
    0x000022a4   0x000022a4   0x0000000a   Code   RO          722    .text.HAL_UartGetStatus  usart_adapter.o
    0x000022ae   0x000022ae   0x00000002   PAD
    0x000022b0   0x000022b0   0x000000d0   Code   RO          720    .text.HAL_UartInit  usart_adapter.o
    0x00002380   0x00002380   0x00000066   Code   RO          728    .text.HAL_UartSendBlocking  usart_adapter.o
    0x000023e6   0x000023e6   0x00000002   PAD
    0x000023e8   0x000023e8   0x00000018   Code   RO         1116    .text.HWVAD0_DriverIRQHandler  fsl_dmic.o
    0x00002400   0x00002400   0x00000012   Code   RO          532    .text.IOCON_PinMuxSet  pin_mux.o
    0x00002412   0x00002412   0x00000002   PAD
    0x00002414   0x00002414   0x00000024   Code   RO          588    .text.OSA_EnterCritical  fsl_os_abstraction_free_rtos.o
    0x00002438   0x00002438   0x00000012   Code   RO          590    .text.OSA_ExitCritical  fsl_os_abstraction_free_rtos.o
    0x0000244a   0x0000244a   0x00000002   PAD
    0x0000244c   0x0000244c   0x00000018   Code   RO          512    .text.POWER_DisablePD  clock_config.o
    0x00002464   0x00002464   0x00000018   Code   RO          783    .text.POWER_DisablePD  fsl_clock.o
    0x0000247c   0x0000247c   0x00000010   Code   RO         1443    .text.POWER_DisablePD  audio_generator.o
    0x0000248c   0x0000248c   0x00000018   Code   RO          893    .text.POWER_EnablePD  fsl_clock.o
    0x000024a4   0x000024a4   0x00000014   Code   RO         1830    .text.POWER_SetPLL  keil_lib_power.lib(fsl_power_lib.o)
    0x000024b8   0x000024b8   0x0000001c   Code   RO         1832    .text.POWER_SetUsbPhy  keil_lib_power.lib(fsl_power_lib.o)
    0x000024d4   0x000024d4   0x00000034   Code   RO         1828    .text.POWER_SetVoltageForFreq  keil_lib_power.lib(fsl_power_lib.o)
    0x00002508   0x00002508   0x00000008   PAD
    0x00002510   0x00002510   0x00000064   Code   RO          442    .text.PendSV_Handler  port.o
    0x00002574   0x00002574   0x0000005a   Code   RO         1252    .text.RESET_ClearPeripheralReset  fsl_reset.o
    0x000025ce   0x000025ce   0x00000002   PAD
    0x000025d0   0x000025d0   0x00000012   Code   RO         1254    .text.RESET_PeripheralReset  fsl_reset.o
    0x000025e2   0x000025e2   0x00000002   PAD
    0x000025e4   0x000025e4   0x00000054   Code   RO         1250    .text.RESET_SetPeripheralReset  fsl_reset.o
    0x00002638   0x00002638   0x0000000c   Code   RO         1308    .text.SCT0_DriverIRQHandler  fsl_sctimer.o
    0x00002644   0x00002644   0x0000004e   Code   RO         1272    .text.SCTIMER_EventHandleIRQ  fsl_sctimer.o
    0x00002692   0x00002692   0x00000002   PAD
    0x00002694   0x00002694   0x00000070   Code   RO          975    .text.SDK_DelayAtLeastUs  fsl_common.o
    0x00002704   0x00002704   0x0000000c   PAD
    0x00002710   0x00002710   0x00000024   Code   RO          426    .text.SVC_Handler   port.o
    0x00002734   0x00002734   0x00000064   Code   RO          656    .text.SerialManager_Init  serial_manager.o
    0x00002798   0x00002798   0x00000066   Code   RO          668    .text.SerialManager_OpenReadHandle  serial_manager.o
    0x000027fe   0x000027fe   0x00000002   PAD
    0x00002800   0x00002800   0x00000058   Code   RO          664    .text.SerialManager_OpenWriteHandle  serial_manager.o
    0x00002858   0x00002858   0x00000018   Code   RO          684    .text.SerialManager_StartWriting  serial_manager.o
    0x00002870   0x00002870   0x0000007a   Code   RO          674    .text.SerialManager_Write  serial_manager.o
    0x000028ea   0x000028ea   0x00000002   PAD
    0x000028ec   0x000028ec   0x00000004   Code   RO          672    .text.SerialManager_WriteBlocking  serial_manager.o
    0x000028f0   0x000028f0   0x0000006c   Code   RO          698    .text.Serial_UartInit  serial_port_uart.o
    0x0000295c   0x0000295c   0x00000052   Code   RO          702    .text.Serial_UartWrite  serial_port_uart.o
    0x000029ae   0x000029ae   0x00000002   PAD
    0x000029b0   0x000029b0   0x0000022a   Code   RO         1799    .text.StrFormatPrintf  fsl_str.o
    0x00002bda   0x00002bda   0x00000002   PAD
    0x00002bdc   0x00002bdc   0x0000002e   Code   RO          444    .text.SysTick_Handler  port.o
    0x00002c0a   0x00002c0a   0x00000002   PAD
    0x00002c0c   0x00002c0c   0x00000032   Code   RO          745    .text.SystemInit    system_lpc54608.o
    0x00002c3e   0x00002c3e   0x00000002   PAD
    0x00002c40   0x00002c40   0x00000002   Code   RO          747    .text.SystemInitHook  system_lpc54608.o
    0x00002c42   0x00002c42   0x00000002   PAD
    0x00002c44   0x00002c44   0x00000012   Code   RO         1336    .text.USART_EnableContinuousSCLK  fsl_usart.o
    0x00002c56   0x00002c56   0x00000002   PAD
    0x00002c58   0x00002c58   0x00000044   Code   RO         1340    .text.USART_GetDefaultConfig  fsl_usart.o
    0x00002c9c   0x00002c9c   0x00000148   Code   RO         1332    .text.USART_Init    fsl_usart.o
    0x00002de4   0x00002de4   0x000000f8   Code   RO         1334    .text.USART_SetBaudRate  fsl_usart.o
    0x00002edc   0x00002edc   0x00000048   Code   RO         1342    .text.USART_WriteBlocking  fsl_usart.o
    0x00002f24   0x00002f24   0x0000000e   Code   RO         1419    .text.USB0_IRQHandler  audio_generator.o
    0x00002f32   0x00002f32   0x00000002   PAD
    0x00002f34   0x00002f34   0x00000046   Code   RO         1384    .text.USB_AudioRecorderGetBuffer  audio_data_dmic.o
    0x00002f7a   0x00002f7a   0x00000002   PAD
    0x00002f7c   0x00002f7c   0x00000056   Code   RO         1700    .text.USB_DeviceAllocateHandle  usb_device_dci.o
    0x00002fd2   0x00002fd2   0x00000002   PAD
    0x00002fd4   0x00002fd4   0x00000080   Code   RO         1435    .text.USB_DeviceApplicationInit  audio_generator.o
    0x00003054   0x00003054   0x00000042   Code   RO         1553    .text.USB_DeviceAudioAllocateHandle  usb_device_audio.o
    0x00003096   0x00003096   0x00000002   PAD
    0x00003098   0x00003098   0x00000050   Code   RO         1431    .text.USB_DeviceAudioCallback  audio_generator.o
    0x000030e8   0x000030e8   0x0000003a   Code   RO         1515    .text.USB_DeviceAudioControlEndpointsDeinit  usb_device_audio.o
    0x00003122   0x00003122   0x00000002   PAD
    0x00003124   0x00003124   0x00000112   Code   RO         1513    .text.USB_DeviceAudioControlEndpointsInit  usb_device_audio.o
    0x00003236   0x00003236   0x00000002   PAD
    0x00003238   0x00003238   0x00000022   Code   RO         1555    .text.USB_DeviceAudioDeinit  usb_device_audio.o
    0x0000325a   0x0000325a   0x00000002   PAD
    0x0000325c   0x0000325c   0x00000238   Code   RO         1549    .text.USB_DeviceAudioEvent  usb_device_audio.o
    0x00003494   0x00003494   0x00000022   Code   RO         1557    .text.USB_DeviceAudioFreeHandle  usb_device_audio.o
    0x000034b6   0x000034b6   0x00000002   PAD
    0x000034b8   0x000034b8   0x0000002a   Code   RO         1517    .text.USB_DeviceAudioGetCurAudioFeatureUnit  usb_device_audio.o
    0x000034e2   0x000034e2   0x00000002   PAD
    0x000034e4   0x000034e4   0x00000026   Code   RO         1543    .text.USB_DeviceAudioGetFeatureUnit  usb_device_audio.o
    0x0000350a   0x0000350a   0x00000002   PAD
    0x0000350c   0x0000350c   0x0000004c   Code   RO         1521    .text.USB_DeviceAudioGetMaxAudioFeatureUnit  usb_device_audio.o
    0x00003558   0x00003558   0x0000004c   Code   RO         1519    .text.USB_DeviceAudioGetMinAudioFeatureUnit  usb_device_audio.o
    0x000035a4   0x000035a4   0x0000004c   Code   RO         1539    .text.USB_DeviceAudioGetRequestEndpoint  usb_device_audio.o
    0x000035f0   0x000035f0   0x00000056   Code   RO         1547    .text.USB_DeviceAudioGetRequestInterface  usb_device_audio.o
    0x00003646   0x00003646   0x00000002   PAD
    0x00003648   0x00003648   0x0000004c   Code   RO         1523    .text.USB_DeviceAudioGetResAudioFeatureUnit  usb_device_audio.o
    0x00003694   0x00003694   0x00000040   Code   RO         1551    .text.USB_DeviceAudioInit  usb_device_audio.o
    0x000036d4   0x000036d4   0x00000024   Code   RO         1503    .text.USB_DeviceAudioInterruptIn  usb_device_audio.o
    0x000036f8   0x000036f8   0x00000028   Code   RO         1505    .text.USB_DeviceAudioIsochronousIn  usb_device_audio.o
    0x00003720   0x00003720   0x00000028   Code   RO         1507    .text.USB_DeviceAudioIsochronousOut  usb_device_audio.o
    0x00003748   0x00003748   0x0000048c   Code   RO         1429    .text.USB_DeviceAudioRequest  audio_generator.o
    0x00003bd4   0x00003bd4   0x00000032   Code   RO         1559    .text.USB_DeviceAudioSend  usb_device_audio.o
    0x00003c06   0x00003c06   0x00000002   PAD
    0x00003c08   0x00003c08   0x0000002a   Code   RO         1527    .text.USB_DeviceAudioSetCurAudioFeatureUnit  usb_device_audio.o
    0x00003c32   0x00003c32   0x00000002   PAD
    0x00003c34   0x00003c34   0x00000026   Code   RO         1535    .text.USB_DeviceAudioSetFeatureUnit  usb_device_audio.o
    0x00003c5a   0x00003c5a   0x00000002   PAD
    0x00003c5c   0x00003c5c   0x0000004c   Code   RO         1531    .text.USB_DeviceAudioSetMaxAudioFeatureUnit  usb_device_audio.o
    0x00003ca8   0x00003ca8   0x0000004c   Code   RO         1529    .text.USB_DeviceAudioSetMinAudioFeatureUnit  usb_device_audio.o
    0x00003cf4   0x00003cf4   0x00000056   Code   RO         1537    .text.USB_DeviceAudioSetRequestEndpoint  usb_device_audio.o
    0x00003d4a   0x00003d4a   0x00000002   PAD
    0x00003d4c   0x00003d4c   0x00000056   Code   RO         1545    .text.USB_DeviceAudioSetRequestInterface  usb_device_audio.o
    0x00003da2   0x00003da2   0x00000002   PAD
    0x00003da4   0x00003da4   0x0000004c   Code   RO         1533    .text.USB_DeviceAudioSetResAudioFeatureUnit  usb_device_audio.o
    0x00003df0   0x00003df0   0x0000009c   Code   RO         1511    .text.USB_DeviceAudioStreamEndpointsDeinit  usb_device_audio.o
    0x00003e8c   0x00003e8c   0x000000fc   Code   RO         1509    .text.USB_DeviceAudioStreamEndpointsInit  usb_device_audio.o
    0x00003f88   0x00003f88   0x0000013c   Code   RO         1433    .text.USB_DeviceCallback  audio_generator.o
    0x000040c4   0x000040c4   0x0000003a   Code   RO         1674    .text.USB_DeviceCh9GetConfiguration  usb_device_ch9.o
    0x000040fe   0x000040fe   0x00000002   PAD
    0x00004100   0x00004100   0x00000076   Code   RO         1672    .text.USB_DeviceCh9GetDescriptor  usb_device_ch9.o
    0x00004176   0x00004176   0x00000002   PAD
    0x00004178   0x00004178   0x00000040   Code   RO         1678    .text.USB_DeviceCh9GetInterface  usb_device_ch9.o
    0x000041b8   0x000041b8   0x00000086   Code   RO         1666    .text.USB_DeviceCh9GetStatus  usb_device_ch9.o
    0x0000423e   0x0000423e   0x00000002   PAD
    0x00004240   0x00004240   0x0000005a   Code   RO         1670    .text.USB_DeviceCh9SetAddress  usb_device_ch9.o
    0x0000429a   0x0000429a   0x00000002   PAD
    0x0000429c   0x0000429c   0x0000008e   Code   RO         1668    .text.USB_DeviceCh9SetClearFeature  usb_device_ch9.o
    0x0000432a   0x0000432a   0x00000002   PAD
    0x0000432c   0x0000432c   0x00000064   Code   RO         1676    .text.USB_DeviceCh9SetConfiguration  usb_device_ch9.o
    0x00004390   0x00004390   0x00000046   Code   RO         1680    .text.USB_DeviceCh9SetInterface  usb_device_ch9.o
    0x000043d6   0x000043d6   0x00000002   PAD
    0x000043d8   0x000043d8   0x00000040   Code   RO         1682    .text.USB_DeviceCh9SynchFrame  usb_device_ch9.o
    0x00004418   0x00004418   0x00000060   Code   RO         1583    .text.USB_DeviceClassAllocateHandle  usb_device_class.o
    0x00004478   0x00004478   0x00000040   Code   RO         1579    .text.USB_DeviceClassCallback  usb_device_class.o
    0x000044b8   0x000044b8   0x0000008a   Code   RO         1575    .text.USB_DeviceClassEvent  usb_device_class.o
    0x00004542   0x00004542   0x00000002   PAD
    0x00004544   0x00004544   0x00000030   Code   RO         1585    .text.USB_DeviceClassFreeHandle  usb_device_class.o
    0x00004574   0x00004574   0x00000032   Code   RO         1573    .text.USB_DeviceClassGetDeviceHandle  usb_device_class.o
    0x000045a6   0x000045a6   0x00000002   PAD
    0x000045a8   0x000045a8   0x00000040   Code   RO         1577    .text.USB_DeviceClassGetHandleByDeviceHandle  usb_device_class.o
    0x000045e8   0x000045e8   0x000000a8   Code   RO         1581    .text.USB_DeviceClassInit  usb_device_class.o
    0x00004690   0x00004690   0x00000026   Code   RO         1421    .text.USB_DeviceClockInit  audio_generator.o
    0x000046b6   0x000046b6   0x00000002   PAD
    0x000046b8   0x000046b8   0x00000018   Code   RO         1710    .text.USB_DeviceControl  usb_device_dci.o
    0x000046d0   0x000046d0   0x000001d2   Code   RO         1660    .text.USB_DeviceControlCallback  usb_device_ch9.o
    0x000048a2   0x000048a2   0x00000002   PAD
    0x000048a4   0x000048a4   0x0000007a   Code   RO         1662    .text.USB_DeviceControlCallbackFeedback  usb_device_ch9.o
    0x0000491e   0x0000491e   0x00000002   PAD
    0x00004920   0x00004920   0x00000052   Code   RO         1664    .text.USB_DeviceControlPipeInit  usb_device_ch9.o
    0x00004972   0x00004972   0x00000002   PAD
    0x00004974   0x00004974   0x00000024   Code   RO         1706    .text.USB_DeviceDeinit  usb_device_dci.o
    0x00004998   0x00004998   0x00000046   Code   RO         1724    .text.USB_DeviceDeinitEndpoint  usb_device_dci.o
    0x000049de   0x000049de   0x00000002   PAD
    0x000049e0   0x000049e0   0x0000001e   Code   RO         1704    .text.USB_DeviceFreeHandle  usb_device_dci.o
    0x000049fe   0x000049fe   0x00000002   PAD
    0x00004a00   0x00004a00   0x0000001c   Code   RO         1464    .text.USB_DeviceGetConfigurationDescriptor  usb_device_descriptor.o
    0x00004a1c   0x00004a1c   0x0000001a   Code   RO         1702    .text.USB_DeviceGetControllerInterface  usb_device_dci.o
    0x00004a36   0x00004a36   0x00000002   PAD
    0x00004a38   0x00004a38   0x00000012   Code   RO         1462    .text.USB_DeviceGetDeviceDescriptor  usb_device_descriptor.o
    0x00004a4a   0x00004a4a   0x00000002   PAD
    0x00004a4c   0x00004a4c   0x0000004c   Code   RO         1730    .text.USB_DeviceGetStatus  usb_device_dci.o
    0x00004a98   0x00004a98   0x0000006c   Code   RO         1466    .text.USB_DeviceGetStringDescriptor  usb_device_descriptor.o
    0x00004b04   0x00004b04   0x000000be   Code   RO         1698    .text.USB_DeviceInit  usb_device_dci.o
    0x00004bc2   0x00004bc2   0x00000002   PAD
    0x00004bc4   0x00004bc4   0x00000058   Code   RO         1722    .text.USB_DeviceInitEndpoint  usb_device_dci.o
    0x00004c1c   0x00004c1c   0x0000000e   Code   RO         1423    .text.USB_DeviceIsrEnable  audio_generator.o
    0x00004c2a   0x00004c2a   0x00000002   PAD
    0x00004c2c   0x00004c2c   0x000000f2   Code   RO         1620    .text.USB_DeviceLpc3511IpCancel  usb_device_lpcip3511.o
    0x00004d1e   0x00004d1e   0x00000002   PAD
    0x00004d20   0x00004d20   0x0000011c   Code   RO         1610    .text.USB_DeviceLpc3511IpControl  usb_device_lpcip3511.o
    0x00004e3c   0x00004e3c   0x00000042   Code   RO         1608    .text.USB_DeviceLpc3511IpDeinit  usb_device_lpcip3511.o
    0x00004e7e   0x00004e7e   0x00000002   PAD
    0x00004e80   0x00004e80   0x0000004c   Code   RO         1646    .text.USB_DeviceLpc3511IpDoPreviousTransactionMemcpy  usb_device_lpcip3511.o
    0x00004ecc   0x00004ecc   0x0000006c   Code   RO         1624    .text.USB_DeviceLpc3511IpEndpointDeinit  usb_device_lpcip3511.o
    0x00004f38   0x00004f38   0x000000d0   Code   RO         1622    .text.USB_DeviceLpc3511IpEndpointInit  usb_device_lpcip3511.o
    0x00005008   0x00005008   0x0000009c   Code   RO         1638    .text.USB_DeviceLpc3511IpEndpointPrime  usb_device_lpcip3511.o
    0x000050a4   0x000050a4   0x00000056   Code   RO         1626    .text.USB_DeviceLpc3511IpEndpointStall  usb_device_lpcip3511.o
    0x000050fa   0x000050fa   0x00000002   PAD
    0x000050fc   0x000050fc   0x0000006c   Code   RO         1628    .text.USB_DeviceLpc3511IpEndpointUnstall  usb_device_lpcip3511.o
    0x00005168   0x00005168   0x000000a4   Code   RO         1636    .text.USB_DeviceLpc3511IpGetActualBufferAndPrime  usb_device_lpcip3511.o
    0x0000520c   0x0000520c   0x00000014   Code   RO         1614    .text.USB_DeviceLpc3511IpGetEndpointStateStruct  usb_device_lpcip3511.o
    0x00005220   0x00005220   0x000000c6   Code   RO         1604    .text.USB_DeviceLpc3511IpInit  usb_device_lpcip3511.o
    0x000052e6   0x000052e6   0x00000002   PAD
    0x000052e8   0x000052e8   0x00000024   Code   RO         1632    .text.USB_DeviceLpc3511IpInterruptReset  usb_device_lpcip3511.o
    0x0000530c   0x0000530c   0x000001f4   Code   RO         1634    .text.USB_DeviceLpc3511IpInterruptToken  usb_device_lpcip3511.o
    0x00005500   0x00005500   0x00000004   Code   RO         1618    .text.USB_DeviceLpc3511IpRecv  usb_device_lpcip3511.o
    0x00005504   0x00005504   0x0000003c   Code   RO         1612    .text.USB_DeviceLpc3511IpSend  usb_device_lpcip3511.o
    0x00005540   0x00005540   0x0000006e   Code   RO         1606    .text.USB_DeviceLpc3511IpSetDefaultState  usb_device_lpcip3511.o
    0x000055ae   0x000055ae   0x00000002   PAD
    0x000055b0   0x000055b0   0x0000005e   Code   RO         1644    .text.USB_DeviceLpc3511IpTokenUpdate  usb_device_lpcip3511.o
    0x0000560e   0x0000560e   0x00000002   PAD
    0x00005610   0x00005610   0x0000009a   Code   RO         1616    .text.USB_DeviceLpc3511IpTransaction  usb_device_lpcip3511.o
    0x000056aa   0x000056aa   0x00000002   PAD
    0x000056ac   0x000056ac   0x000000bc   Code   RO         1630    .text.USB_DeviceLpcIp3511IsrFunction  usb_device_lpcip3511.o
    0x00005768   0x00005768   0x000000a4   Code   RO         1640    .text.USB_DeviceLpcIp3511MallocMaxPacketBuffer  usb_device_lpcip3511.o
    0x0000580c   0x0000580c   0x0000006c   Code   RO         1642    .text.USB_DeviceLpcIp3511ReleaseMaxPacketBuffer  usb_device_lpcip3511.o
    0x00005878   0x00005878   0x00000070   Code   RO         1696    .text.USB_DeviceNotification  usb_device_dci.o
    0x000058e8   0x000058e8   0x0000001e   Code   RO         1694    .text.USB_DeviceNotificationTrigger  usb_device_dci.o
    0x00005906   0x00005906   0x00000002   PAD
    0x00005908   0x00005908   0x00000008   Code   RO         1718    .text.USB_DeviceRecvRequest  usb_device_dci.o
    0x00005910   0x00005910   0x00000044   Code   RO         1736    .text.USB_DeviceResetNotification  usb_device_dci.o
    0x00005954   0x00005954   0x00000008   Code   RO         1708    .text.USB_DeviceRun  usb_device_dci.o
    0x0000595c   0x0000595c   0x0000000c   Code   RO         1714    .text.USB_DeviceSendRequest  usb_device_dci.o
    0x00005968   0x00005968   0x0000009a   Code   RO         1732    .text.USB_DeviceSetStatus  usb_device_dci.o
    0x00005a02   0x00005a02   0x00000002   PAD
    0x00005a04   0x00005a04   0x00000022   Code   RO         1726    .text.USB_DeviceStallEndpoint  usb_device_dci.o
    0x00005a26   0x00005a26   0x00000002   PAD
    0x00005a28   0x00005a28   0x00000082   Code   RO         1716    .text.USB_DeviceTransfer  usb_device_dci.o
    0x00005aaa   0x00005aaa   0x00000002   PAD
    0x00005aac   0x00005aac   0x00000022   Code   RO         1728    .text.USB_DeviceUnstallEndpoint  usb_device_dci.o
    0x00005ace   0x00005ace   0x00000002   PAD
    0x00005ad0   0x00005ad0   0x00000020   Code   RO         1061    .text.__NVIC_EnableIRQ  fsl_dma.o
    0x00005af0   0x00005af0   0x00000010   Code   RO         1447    .text.__NVIC_EnableIRQ  audio_generator.o
    0x00005b00   0x00005b00   0x0000000e   Code   RO         1425    .text.__NVIC_SetPriority  audio_generator.o
    0x00005b0e   0x00005b0e   0x00000002   PAD
    0x00005b10   0x00005b10   0x0000003c   Code   RO         1749    .text.__aeabi_assert  fsl_assert.o
    0x00005b4c   0x00005b4c   0x00000022   Code   RO         1386    .text.dmic_Callback  audio_data_dmic.o
    0x00005b6e   0x00005b6e   0x00000002   PAD
    0x00005b70   0x00005b70   0x000000dc   Code   RO         1439    .text.main          audio_generator.o
    0x00005c4c   0x00005c4c   0x000000a4   Code   RO          217    .text.prvAddCurrentTaskToDelayedList  tasks.o
    0x00005cf0   0x00005cf0   0x000000ae   Code   RO          205    .text.prvAddNewTaskToReadyList  tasks.o
    0x00005d9e   0x00005d9e   0x00000002   PAD
    0x00005da0   0x00005da0   0x00000068   Code   RO          358    .text.prvCheckForValidListAndQueue  timers.o
    0x00005e08   0x00005e08   0x0000004e   Code   RO          323    .text.prvCheckTasksWaitingTermination  tasks.o
    0x00005e56   0x00005e56   0x00000002   PAD
    0x00005e58   0x00005e58   0x00000022   Code   RO           96    .text.prvCopyDataFromQueue  queue.o
    0x00005e7a   0x00005e7a   0x00000002   PAD
    0x00005e7c   0x00005e7c   0x0000007a   Code   RO           84    .text.prvCopyDataToQueue  queue.o
    0x00005ef6   0x00005ef6   0x00000002   PAD
    0x00005ef8   0x00005ef8   0x00000014   Code   RO          209    .text.prvDeleteTCB  tasks.o
    0x00005f0c   0x00005f0c   0x00000020   Code   RO          392    .text.prvGetNextExpireTime  timers.o
    0x00005f2c   0x00005f2c   0x00000076   Code   RO          462    .text.prvHeapInit   heap_4.o
    0x00005fa2   0x00005fa2   0x00000002   PAD
    0x00005fa4   0x00005fa4   0x0000002a   Code   RO          243    .text.prvIdleTask   tasks.o
    0x00005fce   0x00005fce   0x00000002   PAD
    0x00005fd0   0x00005fd0   0x00000020   Code   RO           64    .text.prvInitialiseNewQueue  queue.o
    0x00005ff0   0x00005ff0   0x000000b0   Code   RO          203    .text.prvInitialiseNewTask  tasks.o
    0x000060a0   0x000060a0   0x00000070   Code   RO          321    .text.prvInitialiseTaskLists  tasks.o
    0x00006110   0x00006110   0x00000062   Code   RO          464    .text.prvInsertBlockIntoFreeList  heap_4.o
    0x00006172   0x00006172   0x00000002   PAD
    0x00006174   0x00006174   0x00000040   Code   RO          404    .text.prvInsertTimerInActiveList  timers.o
    0x000061b4   0x000061b4   0x00000018   Code   RO           98    .text.prvIsQueueEmpty  queue.o
    0x000061cc   0x000061cc   0x0000001c   Code   RO           86    .text.prvIsQueueFull  queue.o
    0x000061e8   0x000061e8   0x00000028   Code   RO          434    .text.prvPortStartFirstTask  port.o
    0x00006210   0x00006210   0x0000006e   Code   RO          400    .text.prvProcessExpiredTimer  timers.o
    0x0000627e   0x0000627e   0x00000002   PAD
    0x00006280   0x00006280   0x00000122   Code   RO          396    .text.prvProcessReceivedCommands  timers.o
    0x000063a2   0x000063a2   0x00000002   PAD
    0x000063a4   0x000063a4   0x00000080   Code   RO          394    .text.prvProcessTimerOrBlockTask  timers.o
    0x00006424   0x00006424   0x00000028   Code   RO          211    .text.prvResetNextTaskUnblockTime  tasks.o
    0x0000644c   0x0000644c   0x0000002a   Code   RO          398    .text.prvSampleTimeNow  timers.o
    0x00006476   0x00006476   0x00000002   PAD
    0x00006478   0x00006478   0x0000008e   Code   RO          402    .text.prvSwitchTimerLists  timers.o
    0x00006506   0x00006506   0x00000002   PAD
    0x00006508   0x00006508   0x00000032   Code   RO          424    .text.prvTaskExitError  port.o
    0x0000653a   0x0000653a   0x00000002   PAD
    0x0000653c   0x0000653c   0x00000016   Code   RO          360    .text.prvTimerTask  timers.o
    0x00006552   0x00006552   0x00000002   PAD
    0x00006554   0x00006554   0x00000074   Code   RO           88    .text.prvUnlockQueue  queue.o
    0x000065c8   0x000065c8   0x0000012c   Code   RO          460    .text.pvPortMalloc  heap_4.o
    0x000066f4   0x000066f4   0x00000028   Code   RO          422    .text.pxPortInitialiseStack  port.o
    0x0000671c   0x0000671c   0x00000028   Code   RO           49    .text.uxListRemove  list.o
    0x00006744   0x00006744   0x00000016   Code   RO           41    .text.vListInitialise  list.o
    0x0000675a   0x0000675a   0x00000002   PAD
    0x0000675c   0x0000675c   0x00000006   Code   RO           43    .text.vListInitialiseItem  list.o
    0x00006762   0x00006762   0x00000002   PAD
    0x00006764   0x00006764   0x0000003a   Code   RO           47    .text.vListInsert   list.o
    0x0000679e   0x0000679e   0x00000002   PAD
    0x000067a0   0x000067a0   0x0000001c   Code   RO           45    .text.vListInsertEnd  list.o
    0x000067bc   0x000067bc   0x00000014   Code   RO          432    .text.vPortEnableVFP  port.o
    0x000067d0   0x000067d0   0x00000046   Code   RO          438    .text.vPortEnterCritical  port.o
    0x00006816   0x00006816   0x00000002   PAD
    0x00006818   0x00006818   0x0000002e   Code   RO          440    .text.vPortExitCritical  port.o
    0x00006846   0x00006846   0x00000002   PAD
    0x00006848   0x00006848   0x0000007e   Code   RO          466    .text.vPortFree     heap_4.o
    0x000068c6   0x000068c6   0x00000002   PAD
    0x000068c8   0x000068c8   0x00000034   Code   RO          430    .text.vPortSetupTimerInterrupt  port.o
    0x000068fc   0x000068fc   0x00000062   Code   RO          446    .text.vPortValidateInterruptPriority  port.o
    0x0000695e   0x0000695e   0x00000002   PAD
    0x00006960   0x00006960   0x00000028   Code   RO          128    .text.vQueueAddToRegistry  queue.o
    0x00006988   0x00006988   0x00000046   Code   RO          132    .text.vQueueWaitForMessageRestricted  queue.o
    0x000069ce   0x000069ce   0x00000002   PAD
    0x000069d0   0x000069d0   0x0000001a   Code   RO          273    .text.vTaskInternalSetTimeOutState  tasks.o
    0x000069ea   0x000069ea   0x00000002   PAD
    0x000069ec   0x000069ec   0x0000000e   Code   RO          277    .text.vTaskMissedYield  tasks.o
    0x000069fa   0x000069fa   0x00000002   PAD
    0x000069fc   0x000069fc   0x00000036   Code   RO          261    .text.vTaskPlaceOnEventList  tasks.o
    0x00006a32   0x00006a32   0x00000002   PAD
    0x00006a34   0x00006a34   0x0000003e   Code   RO          265    .text.vTaskPlaceOnEventListRestricted  tasks.o
    0x00006a72   0x00006a72   0x00000002   PAD
    0x00006a74   0x00006a74   0x00000098   Code   RO          241    .text.vTaskStartScheduler  tasks.o
    0x00006b0c   0x00006b0c   0x00000010   Code   RO          215    .text.vTaskSuspendAll  tasks.o
    0x00006b1c   0x00006b1c   0x00000086   Code   RO          233    .text.vTaskSwitchContext  tasks.o
    0x00006ba2   0x00006ba2   0x00000002   PAD
    0x00006ba4   0x00006ba4   0x0000011a   Code   RO          428    .text.xPortStartScheduler  port.o
    0x00006cbe   0x00006cbe   0x00000002   PAD
    0x00006cc0   0x00006cc0   0x00000046   Code   RO           62    .text.xQueueGenericCreate  queue.o
    0x00006d06   0x00006d06   0x00000002   PAD
    0x00006d08   0x00006d08   0x0000007e   Code   RO           60    .text.xQueueGenericReset  queue.o
    0x00006d86   0x00006d86   0x00000002   PAD
    0x00006d88   0x00006d88   0x000001a2   Code   RO           76    .text.xQueueGenericSend  queue.o
    0x00006f2a   0x00006f2a   0x00000002   PAD
    0x00006f2c   0x00006f2c   0x000000cc   Code   RO           90    .text.xQueueGenericSendFromISR  queue.o
    0x00006ff8   0x00006ff8   0x00000172   Code   RO           94    .text.xQueueReceive  queue.o
    0x0000716a   0x0000716a   0x00000002   PAD
    0x0000716c   0x0000716c   0x00000088   Code   RO          275    .text.xTaskCheckForTimeOut  tasks.o
    0x000071f4   0x000071f4   0x00000058   Code   RO          201    .text.xTaskCreate   tasks.o
    0x0000724c   0x0000724c   0x00000026   Code   RO          293    .text.xTaskGetSchedulerState  tasks.o
    0x00007272   0x00007272   0x00000002   PAD
    0x00007274   0x00007274   0x0000000c   Code   RO          249    .text.xTaskGetTickCount  tasks.o
    0x00007280   0x00007280   0x00000164   Code   RO          247    .text.xTaskIncrementTick  tasks.o
    0x000073e4   0x000073e4   0x000000b2   Code   RO          297    .text.xTaskPriorityDisinherit  tasks.o
    0x00007496   0x00007496   0x00000002   PAD
    0x00007498   0x00007498   0x00000090   Code   RO          267    .text.xTaskRemoveFromEventList  tasks.o
    0x00007528   0x00007528   0x00000118   Code   RO          219    .text.xTaskResumeAll  tasks.o
    0x00007640   0x00007640   0x0000005c   Code   RO          356    .text.xTimerCreateTimerTask  timers.o
    0x0000769c   0x0000769c   0x00000068   Code   RO          366    .text.xTimerGenericCommand  timers.o
    0x00007704   0x00007704   0x0000000e   Code   RO         2199    i.__scatterload_copy  mc_w.l(handlers.o)
    0x00007712   0x00007712   0x00000002   Code   RO         2200    i.__scatterload_null  mc_w.l(handlers.o)
    0x00007714   0x00007714   0x0000000e   Code   RO         2201    i.__scatterload_zeroinit  mc_w.l(handlers.o)
    0x00007722   0x00007722   0x00000002   PAD
    0x00007724   0x00007724   0x00000004   Data   RO         1649    .rodata..L__const.USB_DeviceLpc3511IpInit.endpointListArray  usb_device_lpcip3511.o
    0x00007728   0x00007728   0x00000028   Data   RO          735    .rodata.s_UsartAdapterBase  usart_adapter.o
    0x00007750   0x00007750   0x00000020   Data   RO         1594    .rodata.s_UsbDeviceClassInterfaceMap  usb_device_class.o
    0x00007770   0x00007770   0x00000018   Data   RO         1739    .rodata.s_UsbDeviceLpc3511IpInterface  usb_device_dci.o
    0x00007788   0x00007788   0x00000034   Data   RO         1684    .rodata.s_UsbDeviceStandardRequest  usb_device_ch9.o
    0x000077bc   0x000077bc   0x00000004   Data   RO         1063    .rodata.s_dma_descriptor_table  fsl_dma.o
    0x000077c0   0x000077c0   0x0000000e   Data   RO          496    .rodata.str1.1      board.o
    0x000077ce   0x000077ce   0x0000005c   Data   RO          688    .rodata.str1.1      serial_manager.o
    0x0000782a   0x0000782a   0x0000002c   Data   RO          710    .rodata.str1.1      serial_port_uart.o
    0x00007856   0x00007856   0x0000006b   Data   RO          734    .rodata.str1.1      usart_adapter.o
    0x000078c1   0x000078c1   0x00000015   Data   RO          983    .rodata.str1.1      fsl_common.o
    0x000078d6   0x000078d6   0x0000022b   Data   RO         1064    .rodata.str1.1      fsl_dma.o
    0x00007b01   0x00007b01   0x00000020   Data   RO         1122    .rodata.str1.1      fsl_dmic.o
    0x00007b21   0x00007b21   0x00000042   Data   RO         1148    .rodata.str1.1      fsl_dmic_dma.o
    0x00007b63   0x00007b63   0x00000017   Data   RO         1222    .rodata.str1.1      fsl_flexcomm.o
    0x00007b7a   0x00007b7a   0x00000022   Data   RO         1256    .rodata.str1.1      fsl_reset.o
    0x00007b9c   0x00007b9c   0x00000038   Data   RO         1374    .rodata.str1.1      fsl_usart.o
    0x00007bd4   0x00007bd4   0x0000005b   Data   RO         1788    .rodata.str1.1      fsl_debug_console.o
    0x00007c2f   0x00007c2f   0x00000001   PAD
    0x00007c30   0x00007c30   0x00000020   Data   RO         2198    Region$$Table       anon$$obj.o


    Execution Region RW_m_data (Exec base: 0x20000000, Load base: 0x00007e00, Size: 0x00004e00, Max: 0x00025f00, ABSOLUTE, COMPRESSED[0x00000200])

    Exec Addr    Load Addr    Size         Type   Attr      Idx    E Section Name        Object

    0x20000000   COMPRESSED   0x00000004   Data   RW          765    .data.SystemCoreClock  system_lpc54608.o
    0x20000004   COMPRESSED   0x00000008   Data   RW         1478    .data.g_UsbDeviceAudioClass  usb_device_descriptor.o
    0x2000000c   COMPRESSED   0x00000010   Data   RW         1474    .data.g_UsbDeviceAudioControInterface  usb_device_descriptor.o
    0x2000001c   COMPRESSED   0x00000006   Data   RW         1471    .data.g_UsbDeviceAudioControlEndpoints  usb_device_descriptor.o
    0x20000022   COMPRESSED   0x00000002   PAD
    0x20000024   COMPRESSED   0x00000008   Data   RW         1473    .data.g_UsbDeviceAudioEntities  usb_device_descriptor.o
    0x2000002c   COMPRESSED   0x0000000c   Data   RW         1472    .data.g_UsbDeviceAudioEntity  usb_device_descriptor.o
    0x20000038   COMPRESSED   0x00000006   Data   RW         1470    .data.g_UsbDeviceAudioGeneratorEndpoints  usb_device_descriptor.o
    0x2000003e   COMPRESSED   0x00000002   PAD
    0x20000040   COMPRESSED   0x00000008   Data   RW         1477    .data.g_UsbDeviceAudioInterfaceList  usb_device_descriptor.o
    0x20000048   COMPRESSED   0x00000018   Data   RW         1476    .data.g_UsbDeviceAudioInterfaces  usb_device_descriptor.o
    0x20000060   COMPRESSED   0x00000020   Data   RW         1475    .data.g_UsbDeviceAudioStreamInterface  usb_device_descriptor.o
    0x20000080   COMPRESSED   0x00000076   Data   RW         1480    .data.g_UsbDeviceConfigurationDescriptor  usb_device_descriptor.o
    0x200000f6   COMPRESSED   0x0000000a   PAD
    0x20000100   COMPRESSED   0x00000012   Data   RW         1479    .data.g_UsbDeviceDescriptor  usb_device_descriptor.o
    0x20000112   COMPRESSED   0x00000002   PAD
    0x20000114   COMPRESSED   0x0000000c   Data   RW         1486    .data.g_UsbDeviceLanguage  usb_device_descriptor.o
    0x20000120   COMPRESSED   0x00000010   Data   RW         1487    .data.g_UsbDeviceLanguageList  usb_device_descriptor.o
    0x20000130   COMPRESSED   0x00000010   PAD
    0x20000140   COMPRESSED   0x00000004   Data   RW         1481    .data.g_UsbDeviceString0  usb_device_descriptor.o
    0x20000144   COMPRESSED   0x0000003c   PAD
    0x20000180   COMPRESSED   0x00000026   Data   RW         1482    .data.g_UsbDeviceString1  usb_device_descriptor.o
    0x200001a6   COMPRESSED   0x0000001a   PAD
    0x200001c0   COMPRESSED   0x0000001e   Data   RW         1483    .data.g_UsbDeviceString2  usb_device_descriptor.o
    0x200001de   COMPRESSED   0x00000002   PAD
    0x200001e0   COMPRESSED   0x0000000c   Data   RW         1485    .data.g_UsbDeviceStringDescriptorArray  usb_device_descriptor.o
    0x200001ec   COMPRESSED   0x0000000c   Data   RW         1484    .data.g_UsbDeviceStringDescriptorLength  usb_device_descriptor.o
    0x200001f8   COMPRESSED   0x0000000c   Data   RW         1451    .data.s_audioConfig  audio_generator.o
    0x20000204   COMPRESSED   0x0000000c   Data   RW         1450    .data.s_audioConfigList  audio_generator.o
    0x20000210   COMPRESSED   0x00000030   PAD
    0x20000240   COMPRESSED   0x00000044   Data   RW         1449    .data.s_audioGenerator  audio_generator.o
    0x20000284   COMPRESSED   0x00000028   Data   RW         1405    .data.s_receiveXfer  audio_data_dmic.o
    0x200002ac   COMPRESSED   0x00000004   Data   RW          450    .data.uxCriticalNesting  port.o
    0x200002b0   COMPRESSED   0x00000150   PAD
    0x20000400        -       0x00000004   Zero   RW         1400    .bss.audioPosition  audio_data_dmic.o
    0x20000404        -       0x00000004   Zero   RW         1398    .bss.first_int      audio_data_dmic.o
    0x20000408        -       0x00000004   Zero   RW         1789    .bss.g_serialHandle  fsl_debug_console.o
    0x2000040c        -       0x00000004   Zero   RW          410    .bss.prvSampleTimeNow.xLastTime  timers.o
    0x20000410        -       0x00000004   Zero   RW          325    .bss.pxCurrentTCB   tasks.o
    0x20000414        -       0x00000004   Zero   RW          408    .bss.pxCurrentTimerList  timers.o
    0x20000418        -       0x00000004   Zero   RW          335    .bss.pxDelayedTaskList  tasks.o
    0x2000041c        -       0x00000004   Zero   RW          474    .bss.pxEnd          heap_4.o
    0x20000420        -       0x00000004   Zero   RW          336    .bss.pxOverflowDelayedTaskList  tasks.o
    0x20000424        -       0x00000004   Zero   RW          409    .bss.pxOverflowTimerList  timers.o
    0x20000428        -       0x00000168   Zero   RW          326    .bss.pxReadyTasksLists  tasks.o
    0x20000590        -       0x00000078   Zero   RW         1065    .bss.s_DMAHandle    fsl_dma.o
    0x20000608        -       0x00000004   Zero   RW          947    .bss.s_Pll_Freq     fsl_clock.o
    0x2000060c        -       0x00000144   Zero   RW         1650    .bss.s_UsbDeviceLpc3511IpState  usb_device_lpcip3511.o
    0x20000750        -       0x00000004   Zero   RW          949    .bss.s_Usb_Pll_Freq  fsl_clock.o
    0x20000754        -       0x00000100   Zero   RW         1401    .bss.s_buffer       audio_data_dmic.o
    0x20000854        -       0x0000001c   Zero   RW         1787    .bss.s_debugConsoleState  fsl_debug_console.o
    0x20000870        -       0x00000020   Zero   RW         1404    .bss.s_dmaDescriptorPingpong  audio_data_dmic.o
    0x20000890   COMPRESSED   0x00000170   PAD
    0x20000a00        -       0x000001e0   Zero   RW         1066    .bss.s_dma_descriptor_table0  fsl_dma.o
    0x20000be0        -       0x00000004   Zero   RW         1123    .bss.s_dmicCallback  fsl_dmic.o
    0x20000be4        -       0x00000020   Zero   RW         1403    .bss.s_dmicDmaHandle  audio_data_dmic.o
    0x20000c04        -       0x00000004   Zero   RW         1124    .bss.s_dmicHwvadCallback  fsl_dmic.o
    0x20000c08        -       0x00000010   Zero   RW         1402    .bss.s_dmicRxDmaHandle  audio_data_dmic.o
    0x20000c18        -       0x00000028   Zero   RW         1314    .bss.s_eventCallback  fsl_sctimer.o
    0x20000c40        -       0x00000028   Zero   RW         1224    .bss.s_flexcommHandle  fsl_flexcomm.o
    0x20000c68        -       0x00000028   Zero   RW         1223    .bss.s_flexcommIrqHandler  fsl_flexcomm.o
    0x20000c90   COMPRESSED   0x00000030   PAD
    0x20000cc0        -       0x00000020   Zero   RW         1409    .bss.s_wavBuff      audio_data_dmic.o
    0x20000ce0        -       0x00004000   Zero   RW          479    .bss.ucHeap         heap_4.o
    0x20004ce0        -       0x00000001   Zero   RW          448    .bss.ucMaxSysCallPriority  port.o
    0x20004ce1   COMPRESSED   0x00000003   PAD
    0x20004ce4        -       0x00000004   Zero   RW          449    .bss.ulMaxPRIGROUPValue  port.o
    0x20004ce8        -       0x00000004   Zero   RW          331    .bss.uxCurrentNumberOfTasks  tasks.o
    0x20004cec        -       0x00000004   Zero   RW          330    .bss.uxDeletedTasksWaitingCleanUp  tasks.o
    0x20004cf0        -       0x00000004   Zero   RW          342    .bss.uxPendedTicks  tasks.o
    0x20004cf4        -       0x00000004   Zero   RW          333    .bss.uxSchedulerSuspended  tasks.o
    0x20004cf8        -       0x00000004   Zero   RW          328    .bss.uxTaskNumber   tasks.o
    0x20004cfc        -       0x00000004   Zero   RW          327    .bss.uxTopReadyPriority  tasks.o
    0x20004d00        -       0x00000014   Zero   RW          411    .bss.xActiveTimerList1  timers.o
    0x20004d14        -       0x00000014   Zero   RW          412    .bss.xActiveTimerList2  timers.o
    0x20004d28        -       0x00000001   Zero   RW          475    .bss.xBlockAllocatedBit  heap_4.o
    0x20004d29   COMPRESSED   0x00000003   PAD
    0x20004d2c        -       0x00000014   Zero   RW          345    .bss.xDelayedTaskList1  tasks.o
    0x20004d40        -       0x00000014   Zero   RW          346    .bss.xDelayedTaskList2  tasks.o
    0x20004d54        -       0x00000004   Zero   RW          476    .bss.xFreeBytesRemaining  heap_4.o
    0x20004d58        -       0x00000004   Zero   RW          339    .bss.xIdleTaskHandle  tasks.o
    0x20004d5c        -       0x00000004   Zero   RW          478    .bss.xMinimumEverFreeBytesRemaining  heap_4.o
    0x20004d60        -       0x00000004   Zero   RW          340    .bss.xNextTaskUnblockTime  tasks.o
    0x20004d64        -       0x00000004   Zero   RW          343    .bss.xNumOfOverflows  tasks.o
    0x20004d68        -       0x00000014   Zero   RW          338    .bss.xPendingReadyList  tasks.o
    0x20004d7c        -       0x00000040   Zero   RW          134    .bss.xQueueRegistry  queue.o
    0x20004dbc        -       0x00000004   Zero   RW          332    .bss.xSchedulerRunning  tasks.o
    0x20004dc0        -       0x00000008   Zero   RW          477    .bss.xStart         heap_4.o
    0x20004dc8        -       0x00000014   Zero   RW          337    .bss.xSuspendedTaskList  tasks.o
    0x20004ddc        -       0x00000014   Zero   RW          329    .bss.xTasksWaitingTermination  tasks.o
    0x20004df0        -       0x00000004   Zero   RW          334    .bss.xTickCount     tasks.o
    0x20004df4        -       0x00000004   Zero   RW          406    .bss.xTimerQueue    timers.o
    0x20004df8        -       0x00000004   Zero   RW          407    .bss.xTimerTaskHandle  timers.o
    0x20004dfc        -       0x00000004   Zero   RW          341    .bss.xYieldPending  tasks.o


    Execution Region ARM_LIB_HEAP (Exec base: 0x20004e00, Load base: 0x00008000, Size: 0x00000100, Max: 0x00000100, ABSOLUTE)

    Exec Addr    Load Addr    Size         Type   Attr      Idx    E Section Name        Object

    0x20004e00        -       0x00000100   Zero   RW            1    ARM_LIB_HEAP.bss    anon$$obj.o


    Execution Region ARM_LIB_STACK (Exec base: 0x20026000, Load base: 0x00008000, Size: 0x00002000, Max: 0x00002000, ABSOLUTE)

    Exec Addr    Load Addr    Size         Type   Attr      Idx    E Section Name        Object

    0x20026000        -       0x00002000   Zero   RW            2    ARM_LIB_STACK.bss   anon$$obj.o



  Load Region LR_m_usb_bdt (Base: 0x40100000, Size: 0x00000000, Max: 0x00000000, ABSOLUTE)

    Execution Region ER_m_usb_bdt (Exec base: 0x40100000, Load base: 0x40100000, Size: 0x00000000, Max: 0x00000000, ABSOLUTE, UNINIT)

    **** No section assigned to this execution region ****



  Load Region LR_m_usb_ram (Base: 0x40100000, Size: 0x00000000, Max: 0x00002000, ABSOLUTE)

    Execution Region ER_m_usb_ram (Exec base: 0x40100000, Load base: 0x40100000, Size: 0x000016b0, Max: 0x00002000, ABSOLUTE, UNINIT)

    Exec Addr    Load Addr    Size         Type   Attr      Idx    E Section Name        Object

    0x40100000        -       0x00000018   Zero   RW         1563    .bss.m_usb_global   usb_device_audio.o
    0x40100018   0x40100000   0x00000028   PAD
    0x40100040        -       0x00000080   Zero   RW         1593    .bss.m_usb_global   usb_device_class.o
    0x401000c0   0x40100000   0x00000040   PAD
    0x40100100        -       0x00001540   Zero   RW         1648    .bss.m_usb_global   usb_device_lpcip3511.o
    0x40101640        -       0x00000070   Zero   RW         1738    .bss.m_usb_global   usb_device_dci.o


==============================================================================

Image component sizes


      Code (inc. data)   RO Data    RW Data    ZI Data      Debug   Object Name

       388          0          0         40        376       6574   audio_data_dmic.o
      2096        298          0         92          0      24828   audio_generator.o
        92         28         14          0          0      13059   board.o
       102          0          0          0          0      10468   clock_config.o
        60         44          0          0          0        585   fsl_assert.o
      1540         54          0          0          8      38666   fsl_clock.o
       122         36         21          0          0       9047   fsl_common.o
       440          0         91          0         32       7161   fsl_debug_console.o
      1694        108        559          0        600      25740   fsl_dma.o
       388         36         32          0          8      17422   fsl_dmic.o
       910         68         66          0          0       8565   fsl_dmic_dma.o
      1176        376         23          0         80      14054   fsl_flexcomm.o
        54          0          0          0          0      10382   fsl_os_abstraction_free_rtos.o
       192          0         34          0          0       7204   fsl_reset.o
        90          0          0          0         40      20484   fsl_sctimer.o
       676         52          0          0          0       6534   fsl_str.o
       734        144         56          0          0      15894   fsl_usart.o
       642          0          0          0      16405       3525   heap_4.o
       154          0          0          0          0       2070   list.o
       104          0          0          0          0       7842   pin_mux.o
       880         16          0          4          5       3875   port.o
      1654          0          0          0         64      18889   queue.o
       458          8         92          0          0       7066   serial_manager.o
       190         16         44          0          0       4218   serial_port_uart.o
       560        276        292          0          0       2840   startup_lpc54608.o
        52          0          0          4          0       7869   system_lpc54608.o
      2496          8          0          0        520      27237   tasks.o
      1130         26          0          0         60      11035   timers.o
       320          8        147          0          0       6160   usart_adapter.o
      2622        190          0          0         24      17340   usb_device_audio.o
      1510          0         52          0          0      15987   usb_device_ch9.o
       628          0         32          0        128      10089   usb_device_class.o
      1216         20         24          0        112      12953   usb_device_dci.o
       154          0          0        380          0       7678   usb_device_descriptor.o
      3134         22          4          0       5764      18139   usb_device_lpcip3511.o

    ----------------------------------------------------------------------
     28940       1846       1616        688      33536     421479   Object Totals
         0          0         32          0       8448          0   (incl. Generated)
       282         12          1        168        862          0   (incl. Padding)

    ----------------------------------------------------------------------

      Code (inc. data)   RO Data    RW Data    ZI Data      Debug   Library Member Name

       100         20          0          0          0          0   fsl_power_lib.o
        86          0          0          0          0          0   __dczerorl2.o
         0          0          0          0          0          0   entry.o
         0          0          0          0          0          0   entry10a.o
         0          0          0          0          0          0   entry11a.o
         8          4          0          0          0          0   entry4.o
         4          0          0          0          0          0   entry5.o
         0          0          0          0          0          0   entry7b.o
         0          0          0          0          0          0   entry8b.o
         8          4          0          0          0          0   entry9a.o
        30          0          0          0          0          0   handlers.o
        36          8          0          0          0         68   init.o
        30          0          0          0          0         68   llshl.o
        32          0          0          0          0         68   llushr.o
        40          0          0          0          0         76   memcpy.o
        36          0          0          0          0        108   memseta.o
        14          0          0          0          0         68   strlen.o
        98          0          0          0          0         92   uldiv.o

    ----------------------------------------------------------------------
       536         44          0          0          0        548   Library Totals
        14          8          0          0          0          0   (incl. Padding)

    ----------------------------------------------------------------------

      Code (inc. data)   RO Data    RW Data    ZI Data      Debug   Library Name

       100         20          0          0          0          0   keil_lib_power.lib
       422         16          0          0          0        548   mc_w.l

    ----------------------------------------------------------------------
       536         44          0          0          0        548   Library Totals

    ----------------------------------------------------------------------

==============================================================================


      Code (inc. data)   RO Data    RW Data    ZI Data      Debug   

     29476       1890       1616        688      33536     421627   Grand Totals
     29476       1890       1616        512      33536     421627   ELF Image Totals (compressed)
     29476       1890       1616        512          0          0   ROM Totals

==============================================================================

    Total RO  Size (Code + RO Data)                31092 (  30.36kB)
    Total RW  Size (RW Data + ZI Data)             34224 (  33.42kB)
    Total ROM Size (Code + RO Data + RW Data)      31604 (  30.86kB)

==============================================================================

